ARM Linker, RVCT3.1 [Build 934] for uVision [Standard]

================================================================================

Section Cross References

    startup.o(STACK) refers (Special) to stkheap2.o(.text) for __use_two_region_memory
    startup.o(HEAP) refers (Special) to stkheap2.o(.text) for __use_two_region_memory
    startup.o(RESET) refers to startup.o(STACK) for Stack_Top
    startup.o(RESET) refers to __main.o(!!!main) for __main
    startup.o(RESET) refers (Special) to stkheap2.o(.text) for __use_two_region_memory
    startup.o(.text) refers to startup.o(HEAP) for Heap_Mem
    startup.o(.text) refers to startup.o(STACK) for Stack_Mem
    startup.o(.text) refers (Special) to stkheap2.o(.text) for __use_two_region_memory
    main.o(.text) refers to aeabi_sdiv.o(.text_udiv) for __aeabi_uidivmod
    main.o(.text) refers to main.o(.constdata) for ZFTABLE
    main.o(.text) refers to main.o(.data) for KeyPf
    main.o(.text) refers to main.o(.bss) for rcv_databuf1
    main.o(.text) refers to __0sprintf.o(.text) for __1sprintf
    main.o(.text) refers to dflt_noclz.o(x$fpl$dfltu) for __aeabi_ui2d
    main.o(.text) refers to dflt_noclz.o(x$fpl$dflt) for __aeabi_i2d
    main.o(.text) refers to dmul.o(x$fpl$dmul) for __aeabi_dmul
    main.o(.text) refers to daddsub_noclz.o(x$fpl$dadd) for __aeabi_dadd
    main.o(.text) refers to daddsub_noclz.o(x$fpl$dsub) for __aeabi_dsub
    main.o(.text) refers to d2f.o(x$fpl$d2f) for __aeabi_d2f
    main.o(.text) refers to ddiv.o(x$fpl$ddiv) for __aeabi_ddiv
    main.o(.text) refers to f2d.o(x$fpl$f2d) for __aeabi_f2d
    main.o(.text) refers to dfix.o(x$fpl$dfix) for __aeabi_d2iz
    main.o(.text) refers to aeabi_sdiv.o(.text) for __aeabi_idivmod
    main.o(.text) refers to frleqf.o(x$fpl$frleqf) for __aeabi_cfrcmple
    main.o(.text) refers to fleqf.o(x$fpl$fleqf) for __aeabi_cfcmple
    main.o(.text) refers to faddsub_noclz.o(x$fpl$fsub) for __aeabi_fsub
    main.o(.text) refers to faddsub_noclz.o(x$fpl$fadd) for __aeabi_fadd
    main.o(.text) refers to drleqf.o(x$fpl$drleqf) for __aeabi_cdrcmple
    main.o(.text) refers to dleqf.o(x$fpl$dleqf) for __aeabi_cdcmple
    main.o(.text) refers to daddsub_noclz.o(x$fpl$drsb) for __aeabi_drsub
    main.o(.text) refers to deqf.o(x$fpl$deqf) for __aeabi_cdcmpeq
    main.o(.text) refers to cos.o(i.cos) for cos
    main.o(.text) refers to tan.o(i.tan) for tan
    main.o(.text) refers to sin.o(i.sin) for sin
    main.o(.text) refers to acos.o(i.acos) for acos
    main.o(.text) refers to rt_memcpy_w.o(.text) for __aeabi_memcpy4
    main.o(.text) refers to atan.o(i.atan) for atan
    main.o(.text) refers to asin.o(i.asin) for asin
    main.o(.text) refers to sqrt.o(i.sqrt) for sqrt
    main.o(.text) refers to strlen.o(.text) for strlen
    main.o(.text) refers to ffix.o(x$fpl$ffix) for __aeabi_f2iz
    main.o(.text) refers to ffixu.o(x$fpl$ffixu) for __aeabi_f2uiz
    main.o(.text) refers to fmul.o(x$fpl$fmul) for __aeabi_fmul
    main.o(.text) refers to fflt_noclz.o(x$fpl$fflt) for __aeabi_i2f
    main.o(.text) refers to faddsub_noclz.o(x$fpl$frsb) for __aeabi_frsub
    main.o(.text) refers to feqf.o(x$fpl$feqf) for __aeabi_cfcmpeq
    main.o(.text) refers to atoi.o(.text) for atoi
    main.o(.text) refers to fflt_noclz.o(x$fpl$ffltu) for __aeabi_ui2f
    main.o(.text) refers to atof.o(i.atof) for atof
    main.o(.text) refers to fdiv.o(x$fpl$fdiv) for __aeabi_fdiv
    main.o(.text) refers (Special) to printf1.o(x$fpl$printf1) for _printf_fp_dec
    main.o(.text) refers (Special) to _scanf_longlong.o(.text) for _scanf_longlong
    main.o(.text) refers (Special) to __printf.o(.text) for _printf_sizespec
    main.o(.text) refers (Special) to _printf_pad.o(.text) for _printf_pre_padding
    main.o(.text) refers (Special) to _printf_dec.o(.text) for _printf_int_dec
    main.o(.data) refers (Special) to printf1.o(x$fpl$printf1) for _printf_fp_dec
    main.o(.data) refers (Special) to _scanf_longlong.o(.text) for _scanf_longlong
    main.o(.data) refers (Special) to __printf.o(.text) for _printf_sizespec
    main.o(.data) refers (Special) to _printf_pad.o(.text) for _printf_pre_padding
    main.o(.data) refers (Special) to _printf_dec.o(.text) for _printf_int_dec
    main.o(.constdata) refers (Special) to printf1.o(x$fpl$printf1) for _printf_fp_dec
    main.o(.constdata) refers (Special) to _scanf_longlong.o(.text) for _scanf_longlong
    main.o(.constdata) refers (Special) to __printf.o(.text) for _printf_sizespec
    main.o(.constdata) refers (Special) to _printf_pad.o(.text) for _printf_pre_padding
    main.o(.constdata) refers (Special) to _printf_dec.o(.text) for _printf_int_dec
    main.o(.bss) refers (Special) to printf1.o(x$fpl$printf1) for _printf_fp_dec
    main.o(.bss) refers (Special) to _scanf_longlong.o(.text) for _scanf_longlong
    main.o(.bss) refers (Special) to __printf.o(.text) for _printf_sizespec
    main.o(.bss) refers (Special) to _printf_pad.o(.text) for _printf_pre_padding
[...]
    g_sysmenu390014En                        0x40002b1a   Data           1  main.o(.data)
    g_sysmenu390021                          0x40002b1b   Data           9  main.o(.data)
    g_sysmenu390022                          0x40002b24   Data          14  main.o(.data)
    g_sysmenu390023                          0x40002b32   Data           1  main.o(.data)
    g_sysmenu390024                          0x40002b33   Data           1  main.o(.data)
    g_sysmenu390021En                        0x40002b34   Data          14  main.o(.data)
    g_sysmenu390022En                        0x40002b42   Data          11  main.o(.data)
    g_sysmenu390023En                        0x40002b4d   Data           1  main.o(.data)
    g_sysmenu390024En                        0x40002b4e   Data           1  main.o(.data)
    g_sysmenu420011                          0x40002b4f   Data           9  main.o(.data)
    g_sysmenu420012                          0x40002b58   Data          14  main.o(.data)
    g_sysmenu420013                          0x40002b66   Data           1  main.o(.data)
    g_sysmenu420014                          0x40002b67   Data           1  main.o(.data)
    g_sysmenu420011En                        0x40002b68   Data          16  main.o(.data)
    g_sysmenu420012En                        0x40002b78   Data          10  main.o(.data)
    g_sysmenu420013En                        0x40002b82   Data           1  main.o(.data)
    g_sysmenu420014En                        0x40002b83   Data           1  main.o(.data)
    g_sysmenu420021                          0x40002b84   Data           9  main.o(.data)
    g_sysmenu420022                          0x40002b8d   Data          14  main.o(.data)
    g_sysmenu420023                          0x40002b9b   Data           1  main.o(.data)
    g_sysmenu420024                          0x40002b9c   Data           1  main.o(.data)
    g_sysmenu420021En                        0x40002b9d   Data          16  main.o(.data)
    g_sysmenu420022En                        0x40002bad   Data          11  main.o(.data)
    g_sysmenu420023En                        0x40002bb8   Data           1  main.o(.data)
    g_sysmenu420024En                        0x40002bb9   Data           1  main.o(.data)
    KeyFIFO                                  0x40002bf0   Data           8  main.o(.data)
    KeyPf                                    0x40002bf8   Data           1  main.o(.data)
    KeyPr                                    0x40002bf9   Data           1  main.o(.data)
    KeyTime                                  0x40002bfa   Data           1  main.o(.data)
    KeyDirTime                               0x40002bfb   Data           1  main.o(.data)
    KeyChar                                  0x40002bfc   Data           1  main.o(.data)
    KeyDir                                   0x40002bfd   Data           1  main.o(.data)
    RTCms                                    0x40002bfe   Data           1  main.o(.data)
    BuzCount                                 0x40002bff   Data           1  main.o(.data)
    BuzOnTime                                0x40002c00   Data           1  main.o(.data)
    BuzOffTime                               0x40002c01   Data           1  main.o(.data)
    rcv_datanum0                             0x40002c02   Data           1  main.o(.data)
    rcv_neworder0                            0x40002c03   Data           1  main.o(.data)
    rcv_headernum0                           0x40002c04   Data           1  main.o(.data)
    rcv_header0                              0x40002c05   Data           4  main.o(.data)
    rcv_temp0                                0x40002c09   Data           1  main.o(.data)
    rcv_datanum1                             0x40002c0a   Data           1  main.o(.data)
    rcv_neworder1                            0x40002c0b   Data           1  main.o(.data)
    rcv_headernum1                           0x40002c0c   Data           1  main.o(.data)
    rcv_header1                              0x40002c0d   Data           4  main.o(.data)
    rcv_temp1                                0x40002c11   Data           1  main.o(.data)
    g_mTelescopeConType                      0x40002c12   Data           1  main.o(.data)
    AGuiderRa                                0x40002c14   Data           4  main.o(.data)
    AGuiderDec                               0x40002c18   Data           4  main.o(.data)
    u2                                       0x40002c1c   Data           2  main.o(.data)
    uf4                                      0x40002c20   Data           4  main.o(.data)
    d8                                       0x40002c28   Data           8  main.o(.data)
    g_sTelType1                              0x40002c30   Data           4  main.o(.data)
    g_sTelType2                              0x40002c34   Data           4  main.o(.data)
    g_sTelType3                              0x40002c38   Data           4  main.o(.data)
    g_sTelType4                              0x40002c3c   Data           4  main.o(.data)
    g_sTelType5                              0x40002c40   Data           4  main.o(.data)
    g_sTelType6                              0x40002c44   Data           4  main.o(.data)
    g_sTelType7                              0x40002c48   Data           4  main.o(.data)
    g_sTelType8                              0x40002c4c   Data           4  main.o(.data)
    g_mhelpshow                              0x40002c50   Data           1  main.o(.data)
    g_mmainhelpshow                          0x40002c51   Data           1  main.o(.data)
    g_mKeyBeepOpen                           0x40002c52   Data           1  main.o(.data)
    g_nAlignStar                             0x40002c54   Data           4  main.o(.data)
    g_nSelAlignStarNum                       0x40002c58   Data           1  main.o(.data)
    g_nSeledAlignStarNum                     0x40002c59   Data           1  main.o(.data)
    g_nAlignPoint                            0x40002c5a   Data           1  main.o(.data)
    g_nsysstatus                             0x40002c5c   Data           4  main.o(.data)
    g_bkeyoperator                           0x40002c60   Data           1  main.o(.data)
    m_nkeyvalue                              0x40002c61   Data           1  main.o(.data)
    g_mDaylight                              0x40002c62   Data           1  main.o(.data)
    g_mStarRiseTime                          0x40002c68   Data           8  main.o(.data)
    g_mStarTransitTime                       0x40002c70   Data           8  main.o(.data)
    g_mStarSetTime                           0x40002c78   Data           8  main.o(.data)
    g_telra                                  0x40002c80   Data           8  main.o(.data)
    g_teldec                                 0x40002c88   Data           8  main.o(.data)
    g_mRaTrackSpeed                          0x40002c90   Data           8  main.o(.data)
    g_mPoleAxisEW                            0x40002c98   Data           8  main.o(.data)
    g_mPoleAxisNS                            0x40002ca0   Data           8  main.o(.data)
    g_mObjRa_shi                             0x40002ca8   Data           4  main.o(.data)
    g_mObjRa_fen                             0x40002cac   Data           4  main.o(.data)
    g_mObjRa_miao                            0x40002cb0   Data           4  main.o(.data)
    g_mObjRa                                 0x40002cb8   Data           8  main.o(.data)
    g_mObjRa1                                0x40002cc0   Data           4  main.o(.data)
    g_mObjRa2                                0x40002cc4   Data           4  main.o(.data)
    g_mObjHourA_shi                          0x40002cc8   Data           4  main.o(.data)
    g_mObjHourA_fen                          0x40002ccc   Data           4  main.o(.data)
    g_mObjHourA_miao                         0x40002cd0   Data           4  main.o(.data)
    g_mObjHourA                              0x40002cd8   Data           8  main.o(.data)
    g_mObjHourA1                             0x40002ce0   Data           4  main.o(.data)
    g_mObjDec_du                             0x40002ce4   Data           4  main.o(.data)
    g_mObjDec_fen                            0x40002ce8   Data           4  main.o(.data)
    g_mObjDec_miao                           0x40002cec   Data           4  main.o(.data)
    g_mObjDec_du1                            0x40002cf0   Data           4  main.o(.data)
    g_mObjDec_fen1                           0x40002cf4   Data           4  main.o(.data)
    g_mObjDec_miao1                          0x40002cf8   Data           4  main.o(.data)
    g_mObjDec                                0x40002d00   Data           8  main.o(.data)
    g_mObjDec1                               0x40002d08   Data           4  main.o(.data)
    g_mObjDec2                               0x40002d0c   Data           4  main.o(.data)
    g_mObjAzi_du                             0x40002d10   Data           4  main.o(.data)
    g_mObjAzi_fen                            0x40002d14   Data           4  main.o(.data)
    g_mObjAzi_miao                           0x40002d18   Data           4  main.o(.data)
    g_mObjAzi                                0x40002d20   Data           8  main.o(.data)
    g_mTbjRa                                 0x40002d28   Data           8  main.o(.data)
    g_gObjDec_sign                           0x40002d30   Data           4  main.o(.data)
    g_gObjDec_sign1                          0x40002d34   Data           4  main.o(.data)
    g_mObjAlt_du                             0x40002d38   Data           4  main.o(.data)
    g_mObjAlt_fen                            0x40002d3c   Data           4  main.o(.data)
    g_mObjAlt_miao                           0x40002d40   Data           4  main.o(.data)
    g_mObjAlt                                0x40002d48   Data           8  main.o(.data)
    g_mTbjDec                                0x40002d50   Data           8  main.o(.data)
    g_mTelRa_shi                             0x40002d58   Data           4  main.o(.data)
    g_mTelRa_fen                             0x40002d5c   Data           4  main.o(.data)
    g_mTelRa_miao                            0x40002d60   Data           4  main.o(.data)
    g_mTelRa                                 0x40002d68   Data           8  main.o(.data)
    g_mTelRaUtr1                             0x40002d70   Data           8  main.o(.data)
    g_mTelDec_du                             0x40002d78   Data           4  main.o(.data)
    g_mTelDec_fen                            0x40002d7c   Data           4  main.o(.data)
    g_mTelDec_miao                           0x40002d80   Data           4  main.o(.data)
    g_mTelDec                                0x40002d88   Data           8  main.o(.data)
    g_mTelDecUtr1                            0x40002d90   Data           8  main.o(.data)
    g_mTelAzi_du                             0x40002d98   Data           4  main.o(.data)
    g_mTelAzi_fen                            0x40002d9c   Data           4  main.o(.data)
    g_mTelAzi_miao                           0x40002da0   Data           4  main.o(.data)
    g_mTelAziUtr1                            0x40002da8   Data           8  main.o(.data)
    g_mTelAzi                                0x40002db0   Data           8  main.o(.data)
    g_mTelAzi0                               0x40002db8   Data           8  main.o(.data)
    g_mTelAzi1                               0x40002dc0   Data           8  main.o(.data)
    g_mTelAzi2                               0x40002dc8   Data           8  main.o(.data)
    g_mTelAlt_du                             0x40002dd0   Data           4  main.o(.data)
    g_mTelAlt_fen                            0x40002dd4   Data           4  main.o(.data)
    g_mTelAlt_miao                           0x40002dd8   Data           4  main.o(.data)
    g_mTelAltUtr1                            0x40002de0   Data           8  main.o(.data)
    g_mTelAlt                                0x40002de8   Data           8  main.o(.data)
    g_mTelAlt0                               0x40002df0   Data           8  main.o(.data)
    g_mTelAlt1                               0x40002df8   Data           8  main.o(.data)
    g_mTelAlt2                               0x40002e00   Data           8  main.o(.data)
    g_mSitLon_du                             0x40002e08   Data           4  main.o(.data)
    g_mSitLon_fen                            0x40002e0c   Data           4  main.o(.data)
    g_mSitLon_miao                           0x40002e10   Data           4  main.o(.data)
    g_mSitLon                                0x40002e18   Data           8  main.o(.data)
    g_mSitLontemp                            0x40002e20   Data           4  main.o(.data)
    g_mSitLon_WE                             0x40002e24   Data           4  main.o(.data)
    g_mSitLat_du                             0x40002e28   Data           4  main.o(.data)
    g_mSitLat_fen                            0x40002e2c   Data           4  main.o(.data)
    g_mSitLat_miao                           0x40002e30   Data           4  main.o(.data)
    g_mSitLat_SN                             0x40002e34   Data           4  main.o(.data)
    g_mSitLat                                0x40002e38   Data           8  main.o(.data)
    g_mSitLattemp                            0x40002e40   Data           4  main.o(.data)
    g_mTimeZone                              0x40002e44   Data           4  main.o(.data)
    g_mTimeZonetemp                          0x40002e48   Data           4  main.o(.data)
    g_mDate_year                             0x40002e4c   Data           4  main.o(.data)
    g_mDate_month                            0x40002e50   Data           1  main.o(.data)
    g_mDate_day                              0x40002e51   Data           1  main.o(.data)
    g_mTime_hour                             0x40002e52   Data           1  main.o(.data)
    g_mTime_minute                           0x40002e53   Data           1  main.o(.data)
    g_mTime_second                           0x40002e54   Data           1  main.o(.data)
    g_mTime_wMilliseconds                    0x40002e56   Data           2  main.o(.data)
    g_sildtime0                              0x40002e58   Data           8  main.o(.data)
    g_sildtime1                              0x40002e60   Data           8  main.o(.data)
    g_mdatetime                              0x40002e68   Data           1  main.o(.data)
    g_mSkyLand                               0x40002e69   Data           1  main.o(.data)
    g_mAzEq                                  0x40002e6a   Data           1  main.o(.data)
    g_mGps                                   0x40002e6b   Data           1  main.o(.data)
    g_mTrackSpeed                            0x40002e6c   Data           1  main.o(.data)
    g_mHandSpeed                             0x40002e6d   Data           1  main.o(.data)
    g_mHandSpeed1                            0x40002e6e   Data           1  main.o(.data)
    g_mHandSpeedAzi                          0x40002e70   Data           4  main.o(.data)
    g_mHandSpeedAlt                          0x40002e74   Data           4  main.o(.data)
    g_mTelStatus                             0x40002e78   Data           1  main.o(.data)
    g_mTelStatusSet                          0x40002e79   Data           1  main.o(.data)
    g_mOperateStatus                         0x40002e7a   Data           1  main.o(.data)
    g_mGotoHandMove                          0x40002e7b   Data           1  main.o(.data)
    g_mGotoHandMoveOK                        0x40002e7c   Data           1  main.o(.data)
    g_mRaAziGearError                        0x40002e80   Data           4  main.o(.data)
    g_mRaAziGearErrorTotal                   0x40002e84   Data           4  main.o(.data)
    g_mRaAziGearEvenError                    0x40002e88   Data           4  main.o(.data)
    g_mRaAziGearErrorNum                     0x40002e8c   Data           4  main.o(.data)
    g_mDecAltGearError                       0x40002e90   Data           4  main.o(.data)
    g_mDecAltGearErrorTotal                  0x40002e94   Data           4  main.o(.data)
    g_mDecAltGearEvenError                   0x40002e98   Data           4  main.o(.data)
    g_mDecAltGearErrorNum                    0x40002e9c   Data           4  main.o(.data)
    g_mGearErrorAlign                        0x40002ea0   Data           4  main.o(.data)
    g_mNowBestObjectNum                      0x40002ea4   Data           1  main.o(.data)
    g_mSunSysObjectNum                       0x40002ea5   Data           1  main.o(.data)
    g_mPopularNameObjectNum                  0x40002ea6   Data           2  main.o(.data)
    g_mMsrObjectNum                          0x40002ea8   Data           2  main.o(.data)
    g_mNgcObjectNum                          0x40002eaa   Data           2  main.o(.data)
    g_mIcObjectNum                           0x40002eac   Data           2  main.o(.data)
    g_mSh2ObjectNum                          0x40002eae   Data           2  main.o(.data)
    g_mBrightObjectNum                       0x40002eb0   Data           2  main.o(.data)
    g_mSaoObjectNum                          0x40002eb4   Data           4  main.o(.data)
    g_mInputStarNum                          0x40002eb8   Data           4  main.o(.data)
    g_mHershelObjectNum                      0x40002ebc   Data           2  main.o(.data)
    g_mCon88ObjectNum                        0x40002ebe   Data           1  main.o(.data)
    g_mCon88StarObjectNum                    0x40002ec0   Data           2  main.o(.data)
    g_mFamousStarObjectNum                   0x40002ec2   Data           1  main.o(.data)
    g_mFixedStarObjectNum                    0x40002ec4   Data           2  main.o(.data)
    g_mDoubleStarObjectNum                   0x40002ec6   Data           2  main.o(.data)
    g_mVariableStarObjectNum                 0x40002ec8   Data           2  main.o(.data)
    g_mFindObjectAcc                         0x40002eca   Data           2  main.o(.data)
    g_mMySiteOperator                        0x40002ecc   Data           1  main.o(.data)
    g_mBackLashAxis                          0x40002ecd   Data           1  main.o(.data)
    g_mCountry                               0x40002ece   Data           1  main.o(.data)
    g_mCity                                  0x40002ecf   Data           1  main.o(.data)
    g_mTelPosA                               0x40002ed0   Data           4  main.o(.data)
    g_mTelPosAEr                             0x40002ed4   Data           4  main.o(.data)
    g_mTelPosE                               0x40002ed8   Data           4  main.o(.data)
    g_mTelPosEEr                             0x40002edc   Data           4  main.o(.data)
    g_mTelPosAENum                           0x40002ee0   Data           2  main.o(.data)
    g_mTelPosAENumMax                        0x40002ee2   Data           2  main.o(.data)
    g_mTelAZErrorWtiteflag                   0x40002ee4   Data           1  main.o(.data)
    g_mTelPec                                0x40002ee5   Data           1  main.o(.data)
    g_mAutoBackMainShow                      0x40002ee6   Data           1  main.o(.data)
    g_mGotoPause                             0x40002ee7   Data           1  main.o(.data)
    g_mAutoBackMainShownum                   0x40002ee8   Data           4  main.o(.data)
    g_mCurrentTelAzi                         0x40002eec   Data           4  main.o(.data)
    g_mCurrentTelAlt                         0x40002ef0   Data           4  main.o(.data)
    g_mCurrentObjRa                          0x40002ef4   Data           4  main.o(.data)
    g_mCurrentObjDec                         0x40002ef8   Data           4  main.o(.data)
    g_mRecentTargetNum                       0x40002efc   Data           1  main.o(.data)
    g_mTargetType                            0x40002efd   Data           1  main.o(.data)
    g_mTargetnum                             0x40002f00   Data           4  main.o(.data)
    g_RecentNum                              0x40002f04   Data           1  main.o(.data)
    g_RecentType                             0x40002f05   Data           8  main.o(.data)
    g_mTempstrnum                            0x40002f0d   Data           1  main.o(.data)
    g_mSysInitGuide                          0x40002f0e   Data           1  main.o(.data)
    g_sysmenu1000                            0x40002f10   Data           4  main.o(.data)
    g_sysmenu2000                            0x40002f14   Data           4  main.o(.data)
    g_sysmenu3000                            0x40002f18   Data           4  main.o(.data)
    g_sysmenu4000                            0x40002f1c   Data           4  main.o(.data)
    g_sysmenu1100                            0x40002f20   Data           4  main.o(.data)
    g_sysmenu1200                            0x40002f24   Data           4  main.o(.data)
    g_sysmenu1300                            0x40002f28   Data           4  main.o(.data)
    g_sysmenu1400                            0x40002f2c   Data           4  main.o(.data)
    g_sysmenu1500                            0x40002f30   Data           4  main.o(.data)
    g_sysmenu1600                            0x40002f34   Data           4  main.o(.data)
    g_sysmenu1700                            0x40002f38   Data           4  main.o(.data)
    g_sysmenu1800                            0x40002f3c   Data           4  main.o(.data)
    g_sysmenu1900                            0x40002f40   Data           4  main.o(.data)
    g_sysmenu1110                            0x40002f44   Data           4  main.o(.data)
    g_sysmenu1120                            0x40002f48   Data           4  main.o(.data)
    g_sysmenu2100                            0x40002f4c   Data           4  main.o(.data)
    g_sysmenu2200                            0x40002f50   Data           4  main.o(.data)
    g_sysmenu2300                            0x40002f54   Data           4  main.o(.data)
    g_sysmenu2400                            0x40002f58   Data           4  main.o(.data)
    g_sysmenu2500                            0x40002f5c   Data           4  main.o(.data)
    g_sysmenu2600                            0x40002f60   Data           4  main.o(.data)
    g_sysmenu2700                            0x40002f64   Data           4  main.o(.data)
    g_sysmenu2800                            0x40002f68   Data           4  main.o(.data)
    g_sysmenu2900                            0x40002f6c   Data           4  main.o(.data)
    g_sysmenu2110                            0x40002f70   Data           4  main.o(.data)
    g_sysmenu2120                            0x40002f74   Data           4  main.o(.data)
    g_sysmenu2130                            0x40002f78   Data           4  main.o(.data)
    g_sysmenu3100                            0x40002f7c   Data           4  main.o(.data)
    g_sysmenu3200                            0x40002f80   Data           4  main.o(.data)
    g_sysmenu3300                            0x40002f84   Data           4  main.o(.data)
    g_sysmenu3400                            0x40002f88   Data           4  main.o(.data)
    g_sysmenu3500                            0x40002f8c   Data           4  main.o(.data)
    g_sysmenu3600                            0x40002f90   Data           4  main.o(.data)
    g_sysmenu3700                            0x40002f94   Data           4  main.o(.data)
    g_sysmenu3800                            0x40002f98   Data           4  main.o(.data)
    g_sysmenu3900                            0x40002f9c   Data           4  main.o(.data)
    g_sysmenu3110                            0x40002fa0   Data           4  main.o(.data)
    g_sysmenu4100                            0x40002fa4   Data           4  main.o(.data)
    g_sysmenu4200                            0x40002fa8   Data           4  main.o(.data)
    g_sysmenu4300                            0x40002fac   Data           4  main.o(.data)
    g_sysmenu4400                            0x40002fb0   Data           4  main.o(.data)
    g_sysmenu4500                            0x40002fb4   Data           4  main.o(.data)
    g_sysmenu4600                            0x40002fb8   Data           4  main.o(.data)
    g_sysmenu4700                            0x40002fbc   Data           4  main.o(.data)
    g_sysmenu4800                            0x40002fc0   Data           4  main.o(.data)
    g_sysmenu4900                            0x40002fc4   Data           4  main.o(.data)
    g_sysmenu4110                            0x40002fc8   Data           4  main.o(.data)
    g_sysmenu2201                            0x40002fcc   Data           4  main.o(.data)
    g_sysmenu2202                            0x40002fd0   Data           4  main.o(.data)
    g_sysmenu2203                            0x40002fd4   Data           4  main.o(.data)
    g_sysmenu2204                            0x40002fd8   Data           4  main.o(.data)
    g_sysmenu2205                            0x40002fdc   Data           4  main.o(.data)
    g_sysmenu2206                            0x40002fe0   Data           4  main.o(.data)
    g_sysmenu2207                            0x40002fe4   Data           4  main.o(.data)
    g_sysmenu2208                            0x40002fe8   Data           4  main.o(.data)
    g_sysmenu2209                            0x40002fec   Data           4  main.o(.data)
    g_sysmenu22010                           0x40002ff0   Data           4  main.o(.data)
    g_sysmenu22011                           0x40002ff4   Data           4  main.o(.data)
    g_sysmenu2301                            0x40002ff8   Data           4  main.o(.data)
    g_sysmenu2302                            0x40002ffc   Data           4  main.o(.data)
    g_sysmenu2303                            0x40003000   Data           4  main.o(.data)
    g_sysmenu2304                            0x40003004   Data           4  main.o(.data)
    g_sysmenu2305                            0x40003008   Data           4  main.o(.data)
    g_sysmenu2306                            0x4000300c   Data           4  main.o(.data)
    g_sysmenu2307                            0x40003010   Data           4  main.o(.data)
    g_sysmenu2308                            0x40003014   Data           4  main.o(.data)
    g_sysmenu2501                            0x40003018   Data           4  main.o(.data)
    g_sysmenu2502                            0x4000301c   Data           4  main.o(.data)
    g_sysmenu2503                            0x40003020   Data           4  main.o(.data)
    g_sysmenu2801                            0x40003024   Data           4  main.o(.data)
    g_sysmenu2802                            0x40003028   Data           4  main.o(.data)
    g_sysmenu2803                            0x4000302c   Data           4  main.o(.data)
    g_sysmenu2804                            0x40003030   Data           4  main.o(.data)
    g_sysmenu21101                           0x40003034   Data           4  main.o(.data)
    g_sysmenu21102                           0x40003038   Data           4  main.o(.data)
    g_sysmenu21103                           0x4000303c   Data           4  main.o(.data)
    g_sysmenu3601                            0x40003040   Data           4  main.o(.data)
    g_sysmenu3602                            0x40003044   Data           4  main.o(.data)
    g_sysmenu3801                            0x40003048   Data           4  main.o(.data)
    g_sysmenu3802                            0x4000304c   Data           4  main.o(.data)
    g_sysmenu4301                            0x40003050   Data           4  main.o(.data)
    g_sysmenu4302                            0x40003054   Data           4  main.o(.data)
    g_sysmenu43021                           0x40003058   Data           4  main.o(.data)
    g_sysmenu43022                           0x4000305c   Data           4  main.o(.data)
    g_sysmenu43023                           0x40003060   Data           4  main.o(.data)
    g_sysmenu43024                           0x40003064   Data           4  main.o(.data)
    g_sysmenu4701                            0x40003068   Data           4  main.o(.data)
    g_sysmenu4702                            0x4000306c   Data           4  main.o(.data)
    g_sysmenu4703                            0x40003070   Data           4  main.o(.data)
    g_sysmenu4704                            0x40003074   Data           4  main.o(.data)
    g_sysmenu4801                            0x40003078   Data           4  main.o(.data)
    g_sysmenu4802                            0x4000307c   Data           4  main.o(.data)
    g_sysmenu4803                            0x40003080   Data           4  main.o(.data)
    g_sysmenu4804                            0x40003084   Data           4  main.o(.data)
    g_sysmenu1101                            0x40003088   Data           4  main.o(.data)
    g_sysmenu1102                            0x4000308c   Data           4  main.o(.data)
    g_sysmenu1103                            0x40003090   Data           4  main.o(.data)
    g_sysmenu1104                            0x40003094   Data           4  main.o(.data)
    g_sysmenu1105                            0x40003098   Data           4  main.o(.data)
    g_sysmenu1106                            0x4000309c   Data           4  main.o(.data)
    g_sysmenu1107                            0x400030a0   Data           4  main.o(.data)
    g_sysmenu1108                            0x400030a4   Data           4  main.o(.data)
    g_sysmenu1109                            0x400030a8   Data           4  main.o(.data)
    g_sysnotel1                              0x400030ac   Data           4  main.o(.data)
    g_sysnotel2                              0x400030b0   Data           4  main.o(.data)
    g_sysnotel3                              0x400030b4   Data           4  main.o(.data)
    g_sysmenu11101                           0x400030b8   Data           4  main.o(.data)
    g_sysmenu11102                           0x400030bc   Data           4  main.o(.data)
    g_sysmenu11103                           0x400030c0   Data           4  main.o(.data)
    g_sysmenu11104                           0x400030c4   Data           4  main.o(.data)
    g_sysmenu11105                           0x400030c8   Data           4  main.o(.data)
    g_sysmenu11106                           0x400030cc   Data           4  main.o(.data)
    g_sysmenu11107                           0x400030d0   Data           4  main.o(.data)
    g_sysmenu11108                           0x400030d4   Data           4  main.o(.data)
    g_sysmenu11109                           0x400030d8   Data           4  main.o(.data)
    g_sysmenu111010                          0x400030dc   Data           4  main.o(.data)
    g_sysmenu111011                          0x400030e0   Data           4  main.o(.data)
    g_sysmenu111012                          0x400030e4   Data           4  main.o(.data)
    g_sysmenu111013                          0x400030e8   Data           4  main.o(.data)
    g_sysmenu111014                          0x400030ec   Data           4  main.o(.data)
    g_sysmenu111015                          0x400030f0   Data           4  main.o(.data)
    g_sysmenu111016                          0x400030f4   Data           4  main.o(.data)
    g_sysmenu111017                          0x400030f8   Data           4  main.o(.data)
    g_sysmenu111018                          0x400030fc   Data           4  main.o(.data)
    g_sysmenu111019                          0x40003100   Data           4  main.o(.data)
    g_sysmenu111020                          0x40003104   Data           4  main.o(.data)
    g_sysmenu11201                           0x40003108   Data           4  main.o(.data)
    g_sysmenu11202                           0x4000310c   Data           4  main.o(.data)
    g_sysmenu11203                           0x40003110   Data           4  main.o(.data)
    g_sysmenu11204                           0x40003114   Data           4  main.o(.data)
    g_sysmenu11205                           0x40003118   Data           4  main.o(.data)
    g_sysmenu11206                           0x4000311c   Data           4  main.o(.data)
    g_sysmenu11207                           0x40003120   Data           4  main.o(.data)
    g_sysmenu11208                           0x40003124   Data           4  main.o(.data)
    g_sysmenu2100object_nameCn               0x40003128   Data           4  main.o(.data)
    g_sysmenu2200object_nameCn               0x4000312c   Data           4  main.o(.data)
    g_mMySiteShowMode                        0x40003130   Data           1  main.o(.data)
    g_sysmenu4300sitetitle                   0x40003131   Data           1  main.o(.data)
    g_sysmenu2100object_nameEn               0x40003134   Data           4  main.o(.data)
    g_sysmenu2200object_nameEn               0x40003138   Data           4  main.o(.data)
    g_sysmenu4100timeEn                      0x4000313c   Data           8  main.o(.data)
    g_sysmenu4300sitetitleEn                 0x40003144   Data           1  main.o(.data)
    g_sitenametemp                           0x40003145   Data           8  main.o(.data)
    g_mBestStarNum                           0x4000314d   Data           1  main.o(.data)
    g_mRaDecMode                             0x4000314e   Data           1  main.o(.data)
    g_mMoonPhaseYear                         0x40003150   Data           4  main.o(.data)
    g_mMoonPhaseMonth                        0x40003154   Data           4  main.o(.data)
    g_mWeatherShowMode                       0x40003158   Data           1  main.o(.data)
    g_mTelZeroShowMode                       0x40003159   Data           1  main.o(.data)
    g_mShowMenurowEn                         0x4000315a   Data           1  main.o(.data)
    g_mShowMenurowUn                         0x4000315b   Data           1  main.o(.data)
    g_mShowMenuFtEn11                        0x4000315c   Data           1  main.o(.data)
    g_mShowMenuFtUn11                        0x4000315d   Data           1  main.o(.data)
    g_mShowMenurowEn11                       0x4000315e   Data           1  main.o(.data)
    g_mShowMenurowUn11                       0x4000315f   Data           1  main.o(.data)
    g_mShowMenuFtEn12                        0x40003160   Data           1  main.o(.data)
    g_mShowMenuFtUn12                        0x40003161   Data           1  main.o(.data)
    g_mShowMenurowEn12                       0x40003162   Data           1  main.o(.data)
    g_mShowMenurowUn12                       0x40003163   Data           1  main.o(.data)
    g_mShowMenuFtEn13                        0x40003164   Data           1  main.o(.data)
    g_mShowMenuFtUn13                        0x40003165   Data           1  main.o(.data)
    g_mShowMenurowEn13                       0x40003166   Data           1  main.o(.data)
    g_mShowMenurowUn13                       0x40003167   Data           1  main.o(.data)
    g_mShowMenuFtEn14                        0x40003168   Data           1  main.o(.data)
    g_mShowMenuFtUn14                        0x40003169   Data           1  main.o(.data)
    g_mShowMenurowEn14                       0x4000316a   Data           1  main.o(.data)
    g_mShowMenurowUn14                       0x4000316b   Data           1  main.o(.data)
    g_mShowMenuFtEn22                        0x4000316c   Data           1  main.o(.data)
    g_mShowMenuFtUn22                        0x4000316d   Data           1  main.o(.data)
    g_mShowMenurowEn22                       0x4000316e   Data           1  main.o(.data)
    g_mShowMenurowUn22                       0x4000316f   Data           1  main.o(.data)
    g_mShowMenuFtEn23                        0x40003170   Data           1  main.o(.data)
    g_mShowMenuFtUn23                        0x40003171   Data           1  main.o(.data)
    g_mShowMenurowEn23                       0x40003172   Data           1  main.o(.data)
    g_mShowMenurowUn23                       0x40003173   Data           1  main.o(.data)
    g_mTelGearErrorRaAlignDirect             0x40003174   Data           1  main.o(.data)
    g_mTelGearErrorDecAlignDirect            0x40003175   Data           1  main.o(.data)
    g_mShowMenucolumn                        0x40003176   Data           1  main.o(.data)
    g_mshowed1                               0x40003178   Data           4  main.o(.data)
    g_mshowed2                               0x4000317c   Data           4  main.o(.data)
    g_mbacklight                             0x40003180   Data           1  main.o(.data)
    g_mTorch                                 0x40003181   Data           1  main.o(.data)
    g_mMenuLangauge                          0x40003182   Data           1  main.o(.data)
    g_mShowLangauge                          0x40003183   Data           1  main.o(.data)
    g_mCapsLock                              0x40003184   Data           1  main.o(.data)
    g_mKeyTurn                               0x40003185   Data           1  main.o(.data)
    g_mFnum                                  0x40003186   Data           1  main.o(.data)
    g_mFDown                                 0x40003187   Data           1  main.o(.data)
    g_mHandControlTelescope                  0x40003188   Data           1  main.o(.data)
    g_mHandControlTelescopetwo               0x40003189   Data           1  main.o(.data)
    position                                 0x4000318c   Data           4  main.o(.data)
    hsendspd1                                0x40003190   Data           4  main.o(.data)
    hsendspd2                                0x40003194   Data           4  main.o(.data)
    hsendposp                                0x40003198   Data           4  main.o(.data)
    hsendpospn                               0x4000319c   Data           4  main.o(.data)
    g_mhmaxspeedchangedirect                 0x400031a0   Data           4  main.o(.data)
    g_mhmaxspeed1                            0x400031a4   Data           1  main.o(.data)
    g_mhmaxspeed2                            0x400031a5   Data           1  main.o(.data)
    g_mhmaxspeedaxis1                        0x400031a6   Data           1  main.o(.data)
    g_mhmaxspeedaxis2                        0x400031a7   Data           1  main.o(.data)
    g_mhmaxspeeddir1                         0x400031a8   Data           1  main.o(.data)
    g_mhmaxspeeddir2                         0x400031a9   Data           1  main.o(.data)
    g_mUsedStarNum                           0x400031aa   Data           1  main.o(.data)
    g_mUsedStarNumMax                        0x400031ab   Data           1  main.o(.data)
    g_mUsedStarRa                            0x400031ac   Data           4  main.o(.data)
    g_mUsedStarDec                           0x400031b0   Data           4  main.o(.data)
    g_mUsedStarRa_shi                        0x400031b4   Data           4  main.o(.data)
    g_mUsedStarRa_fen                        0x400031b8   Data           4  main.o(.data)
    g_mUsedStarRa_miao                       0x400031bc   Data           4  main.o(.data)
    g_mUsedStarDec_du                        0x400031c0   Data           4  main.o(.data)
    g_mUsedStarDec_fen                       0x400031c4   Data           4  main.o(.data)
    g_mUsedStarDec_miao                      0x400031c8   Data           4  main.o(.data)
    g_mSysMenuShowDirect                     0x400031cc   Data           1  main.o(.data)
    g_testtemp                               0x400031cd   Data           1  main.o(.data)
    g_mNoKeyDownNum                          0x400031d0   Data           4  main.o(.data)
    g_keychar                                0x400031d4   Data           1  main.o(.data)
    g_mAlignTelStatus                        0x400031d5   Data           1  main.o(.data)
    m_TcpSynEnable                           0x400031d6   Data           1  main.o(.data)
    m_TcpSynFlash                            0x400031d7   Data           1  main.o(.data)
    g_mgetimefirst                           0x400031d8   Data           1  main.o(.data)
    g_mcalpalnet                             0x400031d9   Data           1  main.o(.data)
    dg_mSkyMapAzi                            0x400031e0   Data           8  main.o(.data)
    dg_mSkyMapAlt                            0x400031e8   Data           8  main.o(.data)
    g_mhandtrackAzi                          0x400031f0   Data           1  main.o(.data)
    g_mhandtrackAlt                          0x400031f1   Data           1  main.o(.data)
    m_GuiderRa                               0x400031f4   Data           4  main.o(.data)
    m_GuiderDec                              0x400031f8   Data           4  main.o(.data)
    m_GuiderSpeed                            0x400031fc   Data           4  main.o(.data)
    g_mObjTimer_sec                          0x40003200   Data           4  main.o(.data)
    BuzCnt                                   0x40003204   Data           4  main.o(.data)
    BuzMode                                  0x40003208   Data           1  main.o(.data)
    g_mObjAlarm_Time                         0x40003209   Data           1  main.o(.data)
    g_mObjAlarm_shi                          0x4000320c   Data           4  main.o(.data)
    g_mObjAlarm_fen                          0x40003210   Data           4  main.o(.data)
    g_mObjAlarm_miao                         0x40003214   Data           4  main.o(.data)
    g_mObjAlarm_open                         0x40003218   Data           1  main.o(.data)
    g_mObjAlarm_open_reset                   0x40003219   Data           1  main.o(.data)
    g_mObjM_MF                               0x4000321c   Data           4  main.o(.data)
    g_mObjM_SF                               0x40003220   Data           4  main.o(.data)
    g_mObjM_Multi                            0x40003224   Data           4  main.o(.data)
    g_mObjM_Mfov                             0x40003228   Data           4  main.o(.data)
    g_mObjM_fov                              0x4000322c   Data           4  main.o(.data)
    g_mflashlight                            0x40003230   Data           1  main.o(.data)
    g_mVir_BL                                0x40003234   Data           4  main.o(.data)
    g_mbattery_alarm                         0x40003238   Data           1  main.o(.data)
    Nationnum_temp                           0x40003239   Data           1  main.o(.data)
    Citynum_temp                             0x4000323a   Data           1  main.o(.data)
    Nationnum                                0x4000323c   Data           2  main.o(.data)
    Citynum                                  0x4000323e   Data           2  main.o(.data)
    Custom_flag                              0x40003240   Data           1  main.o(.data)
    CustomCityNum                            0x40003241   Data           1  main.o(.data)
    CustomStarNum                            0x40003242   Data           2  main.o(.data)
    CustomLandmarkNum                        0x40003244   Data           1  main.o(.data)
    CustomCityNum_temp                       0x40003245   Data           1  main.o(.data)
    CustomStarNum_temp                       0x40003246   Data           2  main.o(.data)
    CustomLandmarkNum_temp                   0x40003248   Data           1  main.o(.data)
    CustomCityNum_set                        0x40003249   Data           1  main.o(.data)
    CustomStarNum_set                        0x4000324a   Data           2  main.o(.data)
    g_mMyStarShowMode                        0x4000324c   Data           1  main.o(.data)
    g_mMyLandmarkShowMode                    0x4000324d   Data           1  main.o(.data)
    g_mMyLandmarkOperator                    0x4000324e   Data           1  main.o(.data)
    g_mMyStarOperator                        0x4000324f   Data           1  main.o(.data)
    g_mShowLandmarkMenurow                   0x40003250   Data           1  main.o(.data)
    sec_intr_counter                         0x40003251   Data           1  main.o(.data)
    StarName                                 0x40003252   Data           8  main.o(.data)
    ra_float                                 0x4000325c   Data           4  main.o(.data)
    dec_float                                0x40003260   Data           4  main.o(.data)
    ra_byte                                  0x40003264   Data           3  main.o(.data)
    dec_byte                                 0x40003267   Data           4  main.o(.data)
    LandMarkName                             0x4000326b   Data           8  main.o(.data)
    az_float                                 0x40003274   Data           4  main.o(.data)
    alt_float                                0x40003278   Data           4  main.o(.data)
    az_byte                                  0x4000327c   Data           6  main.o(.data)
    alt_byte                                 0x40003282   Data           3  main.o(.data)
    azi_zero                                 0x40003288   Data           4  main.o(.data)
    alt_zero                                 0x4000328c   Data           4  main.o(.data)
    tel_zero_error_num                       0x40003290   Data           1  main.o(.data)
    azizero_byte                             0x40003292   Data           6  main.o(.data)
    altzero_byte                             0x40003298   Data           3  main.o(.data)
    Sun_ra                                   0x400032a0   Data           8  main.o(.data)
    Sun_dec                                  0x400032a8   Data           8  main.o(.data)
    Moon_ra                                  0x400032b0   Data           8  main.o(.data)
    Moon_dec                                 0x400032b8   Data           8  main.o(.data)
    Mercury_ra                               0x400032c0   Data           8  main.o(.data)
    Mercury_dec                              0x400032c8   Data           8  main.o(.data)
    Venus_ra                                 0x400032d0   Data           8  main.o(.data)
    Venus_dec                                0x400032d8   Data           8  main.o(.data)
    Mars_ra                                  0x400032e0   Data           8  main.o(.data)
    Mars_dec                                 0x400032e8   Data           8  main.o(.data)
    Jupiter_ra                               0x400032f0   Data           8  main.o(.data)
    Jupiter_dec                              0x400032f8   Data           8  main.o(.data)
    Saturn_ra                                0x40003300   Data           8  main.o(.data)
    Saturn_dec                               0x40003308   Data           8  main.o(.data)
    Uranus_ra                                0x40003310   Data           8  main.o(.data)
    Uranus_dec                               0x40003318   Data           8  main.o(.data)
    Neptune_ra                               0x40003320   Data           8  main.o(.data)
    Neptune_dec                              0x40003328   Data           8  main.o(.data)
    Pluto_ra                                 0x40003330   Data           8  main.o(.data)
    Pluto_dec                                0x40003338   Data           8  main.o(.data)
    sh2                                      0x40003340   Data           8  main.o(.data)
    sao                                      0x40003348   Data           8  main.o(.data)
    gstrlineEn1                              0x40003350   Data           4  main.o(.data)
    gstrlineEn2                              0x40003354   Data           4  main.o(.data)
    gstrlineEn3                              0x40003358   Data           4  main.o(.data)
    gstrlineEn4                              0x4000335c   Data           4  main.o(.data)
    gstrlineEn5                              0x40003360   Data           4  main.o(.data)
    gstrlineEn6                              0x40003364   Data           4  main.o(.data)
    gstrlineEn7                              0x40003368   Data           4  main.o(.data)
    gstrlineEn8                              0x4000336c   Data           4  main.o(.data)
    gstrlineEn9                              0x40003370   Data           4  main.o(.data)
    gstrlineEn10                             0x40003374   Data           4  main.o(.data)
    gstrlineEn11                             0x40003378   Data           4  main.o(.data)
    gstrlineEn12                             0x4000337c   Data           4  main.o(.data)
    gstrlineEn13                             0x40003380   Data           4  main.o(.data)
    gstrlineEn14                             0x40003384   Data           4  main.o(.data)
    gstrlineEn15                             0x40003388   Data           4  main.o(.data)
    gstrlineEn16                             0x4000338c   Data           4  main.o(.data)
    gstrlineEn17                             0x40003390   Data           4  main.o(.data)
    gstrlineEn18                             0x40003394   Data           4  main.o(.data)
    gstrlineUn1                              0x40003398   Data           4  main.o(.data)
    gstrlineUn2                              0x4000339c   Data           4  main.o(.data)
    gstrlineUn3                              0x400033a0   Data           4  main.o(.data)
    gstrlineUn4                              0x400033a4   Data           4  main.o(.data)
    gstrlineUn5                              0x400033a8   Data           4  main.o(.data)
    gstrlineUn6                              0x400033ac   Data           4  main.o(.data)
    gstrlineUn7                              0x400033b0   Data           4  main.o(.data)
    gstrlineUn8                              0x400033b4   Data           4  main.o(.data)
    sendpos                                  0x400033b8   Data           4  main.o(.data)
    sendspd                                  0x400033bc   Data           4  main.o(.data)
    sendspda                                 0x400033c0   Data           4  main.o(.data)
    sendspde                                 0x400033c4   Data           4  main.o(.data)
    dg_mApos                                 0x400033c8   Data           8  main.o(.data)
    dg_mZpos                                 0x400033d0   Data           8  main.o(.data)
    dg_mApos0                                0x400033d8   Data           8  main.o(.data)
    dg_mZpos0                                0x400033e0   Data           8  main.o(.data)
    ddg_mApos                                0x400033e8   Data           8  main.o(.data)
    ddg_mZpos                                0x400033f0   Data           8  main.o(.data)
    g_mAposModify                            0x400033f8   Data           4  main.o(.data)
    g_mZposModify                            0x400033fc   Data           4  main.o(.data)
    dg_mApos_syn                             0x40003400   Data           8  main.o(.data)
    dg_mZpos_syn                             0x40003408   Data           8  main.o(.data)
    syn_mApos                                0x40003410   Data           8  main.o(.data)
    syn_mZpos                                0x40003418   Data           8  main.o(.data)
    g_mstartOTAset                           0x40003420   Data           1  main.o(.data)
    g_mTelGoHome                             0x40003421   Data           1  main.o(.data)
    g_mEQHn                                  0x40003422   Data           1  main.o(.data)
    mtest0                                   0x40003428   Data           8  main.o(.data)
    mtest1                                   0x40003430   Data           8  main.o(.data)
    mtesta0                                  0x40003438   Data           8  main.o(.data)
    mtestz0                                  0x40003440   Data           8  main.o(.data)
    mtesta1                                  0x40003448   Data           8  main.o(.data)
    mtestz1                                  0x40003450   Data           8  main.o(.data)
    mtesta2                                  0x40003458   Data           8  main.o(.data)
    mtestz2                                  0x40003460   Data           8  main.o(.data)
    mtesta3                                  0x40003468   Data           8  main.o(.data)
    mtestz3                                  0x40003470   Data           8  main.o(.data)
    g_mTempTelEpos                           0x40003478   Data           8  main.o(.data)
    g_mGotoBeep                              0x40003480   Data           1  main.o(.data)
    g_mgwt                                   0x40003488   Data           8  main.o(.data)
    g_mAlignStarNum                          0x40003490   Data           1  main.o(.data)
    g_mLandMark                              0x40003491   Data           1  main.o(.data)
    g_mgotostarttype                         0x40003492   Data           1  main.o(.data)
    g_mLandObjAzi                            0x40003494   Data           4  main.o(.data)
    g_mLandObjAlt                            0x40003498   Data           4  main.o(.data)
    g_mPointNewStarTracking                  0x4000349c   Data           1  main.o(.data)
    g_mPointNewStar                          0x4000349d   Data           1  main.o(.data)
    g_RecentRa                               0x400034a0   Data           4  main.o(.data)
    g_RecentDec                              0x400034a4   Data           4  main.o(.data)
    g_mAligndAzi                             0x400034a8   Data           4  main.o(.data)
    g_mAligndAlt                             0x400034ac   Data           4  main.o(.data)
    g_mSidTime                               0x400034b0   Data           4  main.o(.data)
    g_mPauseTrack                            0x400034b4   Data           1  main.o(.data)
    g_mAlignShow                             0x400034b5   Data           1  main.o(.data)
    g_mTelRABack                             0x400034b8   Data           8  main.o(.data)
    g_mTelDecBack                            0x400034c0   Data           8  main.o(.data)
    g_mTelRALastPos                          0x400034c8   Data           8  main.o(.data)
    g_mTelRANextPos                          0x400034d0   Data           8  main.o(.data)
    g_mTelDecLastPos                         0x400034d8   Data           8  main.o(.data)
    g_mTelDecNextPos                         0x400034e0   Data           8  main.o(.data)
    raspd                                    0x400034e8   Data           4  main.o(.data)
    loopi                                    0x400034ec   Data           1  main.o(.data)
    g_mKeyHit                                0x400034ed   Data           1  main.o(.data)
    CurrentRa                                0x400034f0   Data           4  main.o(.data)
    CurrentDec                               0x400034f4   Data           4  main.o(.data)
    SkymapRa                                 0x400034f8   Data           4  main.o(.data)
    SkymapDec                                0x400034fc   Data           4  main.o(.data)
    SkymapLon                                0x40003500   Data           4  main.o(.data)
    SkymapLat                                0x40003504   Data           4  main.o(.data)
    SkymapTZ                                 0x40003508   Data           4  main.o(.data)
    SkymapYear                               0x4000350c   Data           4  main.o(.data)
    SkymapMonth                              0x40003510   Data           1  main.o(.data)
    SkymapDay                                0x40003511   Data           1  main.o(.data)
    SkymapHour                               0x40003512   Data           1  main.o(.data)
    SkymapMin                                0x40003513   Data           1  main.o(.data)
    SkymapSec                                0x40003514   Data           1  main.o(.data)
    SkymapFlag                               0x40003515   Data           1  main.o(.data)
    g_mSendToSkymap                          0x40003516   Data           1  main.o(.data)
    ra                                       0x40003518   Data           8  main.o(.data)
    dec                                      0x40003520   Data           8  main.o(.data)
    lon0                                     0x40003528   Data           4  main.o(.data)
    lat0                                     0x4000352c   Data           4  main.o(.data)
    zone                                     0x40003530   Data           4  main.o(.data)
    d1                                       0x40003534   Data           4  main.o(.data)
    f1                                       0x40003538   Data           4  main.o(.data)
    m1                                       0x4000353c   Data           4  main.o(.data)
    d2                                       0x40003540   Data           4  main.o(.data)
    f2                                       0x40003544   Data           4  main.o(.data)
    m2                                       0x40003548   Data           4  main.o(.data)
    dd                                       0x4000354c   Data           1  main.o(.data)
    tt                                       0x40003550   Data           4  main.o(.data)
    site                                     0x40003554   Data           8  main.o(.data)
    Lon                                      0x4000355c   Data           6  main.o(.data)
    Lat                                      0x40003562   Data           5  main.o(.data)
    Zone                                     0x40003567   Data           3  main.o(.data)
    i                                        0x4000356a   Data           1  main.o(.data)
    rcv_databuf0                             0x40003570   Data          10  main.o(.bss)
    rcv_databuf1                             0x4000357a   Data          10  main.o(.bss)
    g_Targetnum                              0x40003584   Data          32  main.o(.bss)
    g_rdata                                  0x400035a4   Data         528  main.o(.bss)
    g_sysmenu4800raspeed                     0x400037b4   Data          16  main.o(.bss)
    g_sysmenu4800raspeedEn                   0x400037c4   Data          16  main.o(.bss)
    g_sysmenu4100dateEn                      0x400037d4   Data          10  main.o(.bss)
    g_mNowBestObject                         0x400037e0   Data         240  main.o(.bss)
    BestObjectName                           0x400038d0   Data         300  main.o(.bss)
    AlignStarName                            0x400039fc   Data         280  main.o(.bss)
    AlignStarNameCn                          0x40003b14   Data         616  main.o(.bss)
    AlnStar                                  0x40003d7c   Data          64  main.o(.bss)
    con                                      0x40003dbc   Data          48  main.o(.bss)
    messier                                  0x40003df0   Data         152  main.o(.bss)
    bright                                   0x40003e88   Data          32  main.o(.bss)
    ic                                       0x40003ea8   Data          32  main.o(.bss)
    ngc                                      0x40003ec8   Data          32  main.o(.bss)
    city                                     0x40003ee8   Data          28  main.o(.bss)
    city1                                    0x40003f04   Data          52  main.o(.bss)
    CustomStar                               0x40003f38   Data          20  main.o(.bss)
    LandTarget                               0x40003f4c   Data          20  main.o(.bss)
    cstar                                    0x40003f60   Data          24  main.o(.bss)
    cland                                    0x40003f78   Data          25  main.o(.bss)
    gstrtemp1                                0x40003f91   Data          21  main.o(.bss)
    gstrtemp2                                0x40003fa6   Data          21  main.o(.bss)
    gstrtemp3                                0x40003fbb   Data          21  main.o(.bss)
    gstrtemp4                                0x40003fd0   Data          21  main.o(.bss)
    gstrtemp5                                0x40003fe5   Data          21  main.o(.bss)
    gstrtemp6                                0x40003ffa   Data          21  main.o(.bss)
    gstrtemp7                                0x4000400f   Data          21  main.o(.bss)
    gstrtemp8                                0x40004024   Data          21  main.o(.bss)
    gstrtemp9                                0x40004039   Data          21  main.o(.bss)
    gstrtemp10                               0x4000404e   Data          21  main.o(.bss)
    gstrtemp11                               0x40004063   Data          21  main.o(.bss)
    gstrtemp12                               0x40004078   Data          21  main.o(.bss)
    gstrtemp13                               0x4000408d   Data          21  main.o(.bss)
    gstrtemp14                               0x400040a2   Data          21  main.o(.bss)
    gstrtemp15                               0x400040b7   Data          21  main.o(.bss)
    gstrtemp16                               0x400040cc   Data          21  main.o(.bss)
    gstrtemp17                               0x400040e1   Data          21  main.o(.bss)
    gstrtemp18                               0x400040f6   Data          21  main.o(.bss)
    g_mGoto                                  0x40004110   Data         600  main.o(.bss)
    g_mTelError                              0x40004368   Data          48  main.o(.bss)
    m_nLocation                              0x40004398   Data          16  main.o(.bss)
    m_nStarRAD                               0x400043a8   Data          32  main.o(.bss)
    m_nStarAZ                                0x400043c8   Data          72  main.o(.bss)
    g_mTelPeriodErrorA                       0x40004410   Data         800  main.o(.bss)
    g_mTelPeriodErrorE                       0x40004730   Data         800  main.o(.bss)
    g_mStarAlign                             0x40004a50   Data         112  main.o(.bss)
    gLocation                                0x40004ac0   Data          16  main.o(.bss)
    gStarRAD                                 0x40004ad0   Data          32  main.o(.bss)
    gStarAZ                                  0x40004af0   Data          72  main.o(.bss)
    gTelRAD                                  0x40004b38   Data          32  main.o(.bss)
    gTelAZ                                   0x40004b58   Data          72  main.o(.bss)
    s1                                       0x40004ba0   Data          20  main.o(.bss)
    s2                                       0x40004bb4   Data          20  main.o(.bss)
    s3                                       0x40004bc8   Data          20  main.o(.bss)
    s4                                       0x40004bdc   Data          20  main.o(.bss)
    s5                                       0x40004bf0   Data          20  main.o(.bss)
    s6                                       0x40004c04   Data          20  main.o(.bss)
    s7                                       0x40004c18   Data          20  main.o(.bss)
    s8                                       0x40004c2c   Data          20  main.o(.bss)
    data                                     0x40004c40   Data         100  main.o(.bss)
    __libspace_start                         0x40004ca4   Data          96  libspace.o(.bss)
    __temporary_stack_top_libspace           0x40004d04   Number         0  libspace.o(.bss)


================================================================================

Memory Map of the image

  Image Entry point : 0x00000120

  Load Region LR_IROM1 (Base: 0x00000000, Size: 0x0007e8f8, Max: 0x00080000, ABSOLUTE, COMPRESSED[0x0007c848])

    Execution Region ER_IROM1 (Base: 0x00000000, Size: 0x0007b38c, Max: 0x00080000, ABSOLUTE)

    Base Addr    Size         Type   Attr      Idx    E Section Name        Object

    0x00000000   0x00000120   Code   RO            3    RESET               startup.o
    0x00000120   0x00000008   Code   RO           30  * !!!main             __main.o(c_t.l)
    0x00000128   0x0000003c   Code   RO          222    !!!scatter          __scatter.o(c_t.l)
    0x00000164   0x00000060   Code   RO          221    !!dclz77c           __dclz77c.o(c_t.l)
    0x000001c4   0x0000002c   Code   RO          223    !!handler_zi        __scatter_zi.o(c_t.l)
    0x000001f0   0x00000004   Ven    RO          158    .emb_text           lib_init.o(c_t.l)
    0x000001f4   0x00000010   Code   RO          158    .emb_text           lib_init.o(c_t.l)
    0x00000204   0x00000020   Code   RO            4    .text               startup.o
    0x00000224   0x000731d0   Code   RO            6    .text               main.o
    0x000733f4   0x000002f8   Code   RO           12    .text               __printf.o(c_t.l)
    0x000736ec   0x00000054   Code   RO           14    .text               _printf_pad.o(c_t.l)
    0x00073740   0x00000074   Code   RO           15    .text               _printf_dec.o(c_t.l)
    0x000737b4   0x00000008   Ven    RO           16    .text               __0sprintf.o(c_t.l)
    0x000737bc   0x0000002c   Code   RO           16    .text               __0sprintf.o(c_t.l)
    0x000737e8   0x00000008   Ven    RO           17    .text               atoi.o(c_t.l)
    0x000737f0   0x0000001e   Code   RO           17    .text               atoi.o(c_t.l)
    0x0007380e   0x00000156   Code   RO           18    .text               _scanf_longlong.o(c_t.l)
    0x00073964   0x00000064   Code   RO           19    .text               rt_memcpy_w.o(c_t.l)
    0x000739c8   0x00000008   Ven    RO           20    .text               strlen.o(c_t.l)
    0x000739d0   0x00000048   Code   RO           20    .text               strlen.o(c_t.l)
    0x00073a18   0x00000004   Ven    RO           21    .text               aeabi_sdiv.o(c_t.l)
    0x00073a1c   0x00000180   Code   RO           21    .text               aeabi_sdiv.o(c_t.l)
    0x00073b9c   0x00000040   Code   RO           29    .text               stkheap2.o(c_t.l)
    0x00073bdc   0x00000068   Code   RO           81    .text               kernel.o(c_t.l)
    0x00073c44   0x00000060   Code   RO           83    .text               sys_stackheap_outer.o(c_t.l)
    0x00073ca4   0x00000004   Ven    RO           88    .text               rt_errno_addr_intlibspace.o(c_t.l)
    0x00073ca8   0x00000010   Code   RO           88    .text               rt_errno_addr_intlibspace.o(c_t.l)
    0x00073cb8   0x00000010   Code   RO           91    .text               rt_stackheap_storage_intlibspace.o(c_t.l)
    0x00073cc8   0x00000004   Ven    RO           92    .text               llmul.o(c_t.l)
    0x00073ccc   0x0000001c   Code   RO           92    .text               llmul.o(c_t.l)
    0x00073ce8   0x00000008   Ven    RO           93    .text               _rserrno.o(c_t.l)
    0x00073cf0   0x0000001a   Code   RO           93    .text               _rserrno.o(c_t.l)
    0x00073d0a   0x000000a8   Code   RO           94    .text               _printf_intcommon.o(c_t.l)
    0x00073db2   0x00000002   PAD
    0x00073db4   0x000004a0   Code   RO           95    .text               _printf_fp_dec.o(c_t.l)
    0x00074254   0x00000034   Code   RO           96    .text               _printf_char_common.o(c_t.l)
    0x00074288   0x0000000a   Code   RO           97    .text               _sputc.o(c_t.l)
    0x00074292   0x00000022   Code   RO           98    .text               _chval.o(c_t.l)
    0x000742b4   0x00000008   Ven    RO           99    .text               strtod.o(c_t.l)
    0x000742bc   0x000000ac   Code   RO           99    .text               strtod.o(c_t.l)
    0x00074368   0x00000074   Code   RO          100    .text               strtol.o(c_t.l)
    0x000743dc   0x00000004   Ven    RO          101    .text               rtudiv10.o(c_t.l)
    0x000743e0   0x0000002c   Code   RO          101    .text               rtudiv10.o(c_t.l)
    0x0007440c   0x00000010   Code   RO          117    .text               callvia.o(h_t.l)
    0x0007441c   0x00000018   Code   RO          127    .text               sys_exit.o(c_t.l)
    0x00074434   0x0000000c   Code   RO          128    .text               libspace.o(c_t.l)
    0x00074440   0x00000004   Ven    RO          131    .text               rt_ctype_table.o(c_t.l)
    0x00074444   0x00000018   Code   RO          131    .text               rt_ctype_table.o(c_t.l)
    0x0007445c   0x00000004   Ven    RO          134    .text               rt_locale_intlibspace.o(c_t.l)
    0x00074460   0x00000010   Code   RO          134    .text               rt_locale_intlibspace.o(c_t.l)
    0x00074470   0x00000004   Ven    RO          135    .text               lludiv10.o(c_t.l)
    0x00074474   0x000000a0   Code   RO          135    .text               lludiv10.o(c_t.l)
    0x00074514   0x00000016   Code   RO          136    .text               isspace.o(c_t.l)
    0x0007452a   0x00000002   PAD
    0x0007452c   0x000000c8   Code   RO          137    .text               bigflt0.o(c_t.l)
    0x000745f4   0x00000020   Code   RO          150    .text               _printf_outstr_char.o(c_t.l)
    0x00074614   0x0000000a   Code   RO          151    .text               _printf_input_char.o(c_t.l)
    0x0007461e   0x00000046   Code   RO          152    .text               sgetc.o(c_t.l)
    0x00074664   0x000000a6   Code   RO          153    .text               _strtoul.o(c_t.l)
    0x0007470a   0x0000000c   Code   RO          156    .text               exit.o(c_t.l)
    0x00074716   0x00000002   PAD
    0x00074718   0x00000008   Ven    RO          159    .text               lib_init.o(c_t.l)
    0x00074720   0x000000ce   Code   RO          159    .text               lib_init.o(c_t.l)
    0x000747ee   0x00000002   PAD
    0x000747f0   0x0000000c   Code   RO          161    .text               boardinit2.o(c_t.l)
    0x000747fc   0x00000010   Code   RO          162    .text               boardinit3.o(c_t.l)
    0x0007480c   0x00000004   Code   RO          171    .text               use_no_semi.o(c_t.l)
    0x00074810   0x000004e2   Code   RO          172    .text               scanf_fp.o(c_t.l)
    0x00074cf2   0x00000002   PAD
    0x00074cf4   0x000000a0   Code   RO          177    .text               strcmp.o(c_t.l)
    0x00074d94   0x00000006   Code   RO          180    .text               no_argv.o(c_t.l)
    0x00074d9a   0x00000002   PAD
    0x00074d9c   0x00000010   Code   RO          187    .text               rt_fp_status_addr_intlibspace.o(c_t.l)
    0x00074dac   0x00000004   Ven    RO          201    .text               llmullu.o(h_t.l)
    0x00074db0   0x00000008   Code   RO          201    .text               llmullu.o(h_t.l)
    0x00074db8   0x00000008   Ven    RO          206    .text               scanf_hexfp.o(c_t.l)
    0x00074dc0   0x00000530   Code   RO          206    .text               scanf_hexfp.o(c_t.l)
    0x000752f0   0x00000004   Ven    RO          213    .text               llshl.o(c_t.l)
    0x000752f4   0x00000028   Code   RO          213    .text               llshl.o(c_t.l)
    0x0007531c   0x0000001c   Code   RO           22    .text_udiv          aeabi_sdiv.o(c_t.l)
    0x00075338   0x00000004   Ven    RO          139    CL$$btod_d2e        btod.o(c_t.l)
    0x0007533c   0x00000038   Code   RO          139    CL$$btod_d2e        btod.o(c_t.l)
    0x00075374   0x00000054   Code   RO          141    CL$$btod_d2e_denorm_low  btod.o(c_t.l)
    0x000753c8   0x00000068   Code   RO          140    CL$$btod_d2e_norm_op1  btod.o(c_t.l)
    0x00075430   0x0000034c   Code   RO          149    CL$$btod_div_common  btod.o(c_t.l)
    0x0007577c   0x00000064   Code   RO          147    CL$$btod_e2d        btod.o(c_t.l)
    0x000757e0   0x000000dc   Code   RO          146    CL$$btod_e2e        btod.o(c_t.l)
    0x000758bc   0x00000004   Ven    RO          143    CL$$btod_ediv       btod.o(c_t.l)
    0x000758c0   0x00000034   Code   RO          143    CL$$btod_ediv       btod.o(c_t.l)
    0x000758f4   0x00000004   Ven    RO          145    CL$$btod_edivd      btod.o(c_t.l)
    0x000758f8   0x00000034   Code   RO          145    CL$$btod_edivd      btod.o(c_t.l)
    0x0007592c   0x00000004   Ven    RO          142    CL$$btod_emul       btod.o(c_t.l)
    0x00075930   0x00000034   Code   RO          142    CL$$btod_emul       btod.o(c_t.l)
    0x00075964   0x00000004   Ven    RO          144    CL$$btod_emuld      btod.o(c_t.l)
    0x00075968   0x00000034   Code   RO          144    CL$$btod_emuld      btod.o(c_t.l)
    0x0007599c   0x00000268   Code   RO          148    CL$$btod_mult_common  btod.o(c_t.l)
    0x00075c04   0x0000000c   Ven    RO          258    Veneer$$Code        anon$$obj.o
    0x00075c10   0x00000008   Ven    RO          259    Veneer$$Code        anon$$obj.o
    0x00075c18   0x00000008   Ven    RO          260    Veneer$$Code        anon$$obj.o
    0x00075c20   0x0000000c   Ven    RO          261    Veneer$$Code        anon$$obj.o
    0x00075c2c   0x0000000c   Ven    RO          262    Veneer$$Code        anon$$obj.o
    0x00075c38   0x0000000c   Ven    RO          263    Veneer$$Code        anon$$obj.o
    0x00075c44   0x0000000c   Ven    RO          264    Veneer$$Code        anon$$obj.o
    0x00075c50   0x00000030   Code   RO          182    i.__ARM_fpclassify  fpclassify.o(m_ts.l)
    0x00075c80   0x0000001c   Code   RO          218    i.__ARM_isfinite    ldexp.o(m_ts.l)
    0x00075c9c   0x000004ac   Code   RO          121    i.__ieee754_rem_pio2  rred.o(m_ts.l)
    0x00076148   0x00000190   Code   RO          118    i.__kernel_cos      cos_i.o(m_ts.l)
    0x000762d8   0x000000f8   Code   RO          120    i.__kernel_poly     poly.o(m_ts.l)
    0x000763d0   0x00000178   Code   RO          123    i.__kernel_sin      sin_i.o(m_ts.l)
    0x00076548   0x000003d0   Code   RO          125    i.__kernel_tan      tan_i.o(m_ts.l)
    0x00076918   0x00000004   Ven    RO          169    i.__mathlib_classify  classify.o(m_ts.l)
    0x0007691c   0x00000038   Code   RO          169    i.__mathlib_classify  classify.o(m_ts.l)
    0x00076954   0x00000004   Ven    RO          205    i.__mathlib_narrow  narrow.o(m_ts.l)
    0x00076958   0x00000024   Code   RO          205    i.__mathlib_narrow  narrow.o(m_ts.l)
    0x0007697c   0x000000e4   Code   RO          203    i.__mathlib_tofloat  narrow.o(m_ts.l)
    0x00076a60   0x00000004   Ven    RO          170    i.__support_dtoi    dtoi.o(m_ts.l)
    0x00076a64   0x00000060   Code   RO          170    i.__support_dtoi    dtoi.o(m_ts.l)
    0x00076ac4   0x00000004   Ven    RO          202    i.__support_itod    itod.o(m_ts.l)
    0x00076ac8   0x0000000c   Code   RO          202    i.__support_itod    itod.o(m_ts.l)
    0x00076ad4   0x00000004   Ven    RO          217    i.__support_ldexp   ldexp.o(m_ts.l)
    0x00076ad8   0x00000020   Code   RO          217    i.__support_ldexp   ldexp.o(m_ts.l)
    0x00076af8   0x000003d8   Code   RO           62    i.acos              acos.o(m_ts.l)
    0x00076ed0   0x000003e8   Code   RO           65    i.asin              asin.o(m_ts.l)
    0x000772b8   0x00000348   Code   RO           68    i.atan              atan.o(m_ts.l)
    0x00077600   0x00000050   Code   RO           71    i.atof              atof.o(m_ts.l)
    0x00077650   0x000000ec   Code   RO           73    i.cos               cos.o(m_ts.l)
    0x0007773c   0x00000074   Code   RO          210    i.frexp             frexp.o(m_ts.l)
    0x000777b0   0x000000f0   Code   RO          215    i.ldexp             ldexp.o(m_ts.l)
    0x000778a0   0x000000fc   Code   RO           75    i.sin               sin.o(m_ts.l)
    0x0007799c   0x00000078   Code   RO           77    i.sqrt              sqrt.o(m_ts.l)
    0x00077a14   0x000000b0   Code   RO           79    i.tan               tan.o(m_ts.l)
    0x00077ac4   0x00000004   Ven    RO          155    locale$$code        lc_numeric_c.o(c_t.l)
    0x00077ac8   0x00000050   Code   RO          155    locale$$code        lc_numeric_c.o(c_t.l)
    0x00077b18   0x00000004   Ven    RO          174    locale$$code        lc_ctype_c.o(c_t.l)
    0x00077b1c   0x00000050   Code   RO          174    locale$$code        lc_ctype_c.o(c_t.l)
    0x00077b6c   0x000000ac   Code   RO           31    x$fpl$d2f           d2f.o(fz_ts.l)
    0x00077c18   0x000001d4   Code   RO           32    x$fpl$dadd          daddsub_noclz.o(fz_ts.l)
    0x00077dec   0x00000010   Code   RO          103    x$fpl$dcheck        dcheck.o(fz_ts.l)
    0x00077dfc   0x00000010   Code   RO          104    x$fpl$dcheck1       dcheck1.o(fz_ts.l)
    0x00077e0c   0x00000080   Code   RO          105    x$fpl$dcmpinfnan    dcmpin.o(fz_ts.l)
    0x00077e8c   0x00000064   Code   RO          110    x$fpl$dcmpinfnan    fcmpin.o(fz_ts.l)
    0x00077ef0   0x000004c0   Code   RO           36    x$fpl$ddiv          ddiv.o(fz_ts.l)
    0x000783b0   0x00000088   Code   RO           55    x$fpl$deqf          deqf.o(fz_ts.l)
    0x00078438   0x000000b0   Code   RO           37    x$fpl$dfix          dfix.o(fz_ts.l)
    0x000784e8   0x00000058   Code   RO           40    x$fpl$dflt          dflt_noclz.o(fz_ts.l)
    0x00078540   0x0000000c   Code   RO           39    x$fpl$dfltu         dflt_noclz.o(fz_ts.l)
    0x0007854c   0x00000088   Code   RO           56    x$fpl$dleqf         dleqf.o(fz_ts.l)
    0x000785d4   0x000001dc   Code   RO           41    x$fpl$dmul          dmul.o(fz_ts.l)
    0x000787b0   0x000001fc   Code   RO          166    x$fpl$drem          drem.o(fz_ts.l)
    0x000789ac   0x000000a0   Code   RO           57    x$fpl$drleqf        drleqf.o(fz_ts.l)
    0x00078a4c   0x00000018   Code   RO           33    x$fpl$drsb          daddsub_noclz.o(fz_ts.l)
    0x00078a64   0x00000188   Code   RO          106    x$fpl$dsqrt         dsqrt.o(fz_ts.l)
    0x00078bec   0x00000248   Code   RO           34    x$fpl$dsub          daddsub_noclz.o(fz_ts.l)
    0x00078e34   0x00000114   Code   RO          107    x$fpl$dunder        dunder.o(fz_ts.l)
    0x00078f48   0x00000064   Code   RO           42    x$fpl$f2d           f2d.o(fz_ts.l)
    0x00078fac   0x00000108   Code   RO           43    x$fpl$fadd          faddsub_noclz.o(fz_ts.l)
    0x000790b4   0x0000000c   Code   RO          108    x$fpl$fcheck        fcheck.o(fz_ts.l)
    0x000790c0   0x0000000c   Code   RO          109    x$fpl$fcheck1       fcheck1.o(fz_ts.l)
    0x000790cc   0x000001e4   Code   RO           47    x$fpl$fdiv          fdiv.o(fz_ts.l)
    0x000792b0   0x00000078   Code   RO           58    x$fpl$feqf          feqf.o(fz_ts.l)
    0x00079328   0x00000074   Code   RO           48    x$fpl$ffix          ffix.o(fz_ts.l)
    0x0007939c   0x00000060   Code   RO           50    x$fpl$ffixu         ffixu.o(fz_ts.l)
    0x000793fc   0x0000005c   Code   RO           53    x$fpl$fflt          fflt_noclz.o(fz_ts.l)
    0x00079458   0x00000008   Code   RO           52    x$fpl$ffltu         fflt_noclz.o(fz_ts.l)
    0x00079460   0x00000078   Code   RO           59    x$fpl$fleqf         fleqf.o(fz_ts.l)
    0x000794d8   0x00000108   Code   RO           54    x$fpl$fmul          fmul.o(fz_ts.l)
    0x000795e0   0x00000094   Code   RO          111    x$fpl$fnorm2        fnorm2_noclz.o(fz_ts.l)
    0x00079674   0x00000004   Ven    RO          181    x$fpl$fpinit        fpinit.o(fz_ts.l)
    0x00079678   0x00000018   Code   RO          181    x$fpl$fpinit        fpinit.o(fz_ts.l)
    0x00079690   0x00000084   Code   RO           60    x$fpl$frleqf        frleqf.o(fz_ts.l)
    0x00079714   0x00000014   Code   RO           44    x$fpl$frsb          faddsub_noclz.o(fz_ts.l)
    0x00079728   0x00000168   Code   RO           45    x$fpl$fsub          faddsub_noclz.o(fz_ts.l)
    0x00079890   0x00000090   Code   RO          112    x$fpl$funder        funder.o(fz_ts.l)
    0x00079920   0x00000004   Ven    RO          167    x$fpl$ieeestatus    istatus.o(fz_ts.l)
    0x00079924   0x00000008   Code   RO          167    x$fpl$ieeestatus    istatus.o(fz_ts.l)
    0x0007992c   0x00000004   Ven    RO           61    x$fpl$printf1       printf1.o(fz_ts.l)
    0x00079930   0x00000004   Code   RO           61    x$fpl$printf1       printf1.o(fz_ts.l)
    0x00079934   0x00000074   Code   RO          164    x$fpl$retnan        retnan.o(fz_ts.l)
    0x000799a8   0x0000006c   Code   RO          116    x$fpl$scalbn        scalbn_noclz.o(fz_ts.l)
    0x00079a14   0x00000004   Ven    RO          168    x$fpl$scanf1        scanf1.o(fz_ts.l)
    0x00079a18   0x00000004   Code   RO          168    x$fpl$scanf1        scanf1.o(fz_ts.l)
    0x00079a1c   0x00000004   Ven    RO          198    x$fpl$scanf2        scanf2.o(fz_ts.l)
    0x00079a20   0x00000008   Code   RO          198    x$fpl$scanf2        scanf2.o(fz_ts.l)
    0x00079a28   0x0000003c   Code   RO          165    x$fpl$trapveneer    trapv.o(fz_ts.l)
    0x00079a64   0x00000000   Code   RO          102    x$fpl$usenofp       usenofp.o(fz_ts.l)
    0x00079a64   0x00001470   Data   RO            8    .constdata          main.o
    0x0007aed4   0x00000011   Data   RO           13    .constdata          __printf.o(c_t.l)
    0x0007aee5   0x00000003   PAD
    0x0007aee8   0x00000050   Data   RO           64    .constdata          acos.o(m_ts.l)
    0x0007af38   0x00000050   Data   RO           67    .constdata          asin.o(m_ts.l)
    0x0007af88   0x00000098   Data   RO           70    .constdata          atan.o(m_ts.l)
    0x0007b020   0x00000030   Data   RO          119    .constdata          cos_i.o(m_ts.l)
    0x0007b050   0x000000c0   Data   RO          122    .constdata          rred.o(m_ts.l)
    0x0007b110   0x00000028   Data   RO          124    .constdata          sin_i.o(m_ts.l)
    0x0007b138   0x00000060   Data   RO          126    .constdata          tan_i.o(m_ts.l)
    0x0007b198   0x00000094   Data   RO          138    .constdata          bigflt0.o(c_t.l)
    0x0007b22c   0x00000004   PAD
    0x0007b230   0x00000008   Data   RO          219    .constdata          qnan.o(m_ts.l)
    0x0007b238   0x00000020   Data   RO          220    Region$$Table       anon$$obj.o
    0x0007b258   0x00000008   Data   RO          194    c$$dinf             fpconst.o(fz_ts.l)
    0x0007b260   0x0000001c   Data   RO          154    locale$$data        lc_numeric_c.o(c_t.l)
    0x0007b27c   0x00000110   Data   RO          173    locale$$data        lc_ctype_c.o(c_t.l)


    Execution Region RW_IRAM1 (Base: 0x40000000, Size: 0x00005190, Max: 0x00008000, ABSOLUTE, COMPRESSED[0x000014bc])

    Base Addr    Size         Type   Attr      Idx    E Section Name        Object

    0x40000000   0x0000356b   Data   RW            7    .data               main.o
    0x4000356b   0x00000005   PAD
    0x40003570   0x00001734   Zero   RW            9    .bss                main.o
    0x40004ca4   0x00000060   Zero   RW          129    .bss                libspace.o(c_t.l)
    0x40004d04   0x00000004   PAD
    0x40004d08   0x00000000   Zero   RW            2    HEAP                startup.o
    0x40004d08   0x00000488   Zero   RW            1    STACK               startup.o


================================================================================

Image component sizes


      Code (inc. data)   RO Data    RW Data    ZI Data      Debug   Object Name

    471504      32836       5232      13675       5940          0   main.o
       320         64          0          0       1160          0   startup.o

    ------------------------------------------------------------------------
    471900      32920       5264      13676       7104          0   Object Totals
        76         20         32          0          0          0   (incl. Generated)
         0          0          0          1          4          0   (incl. Padding)

    ------------------------------------------------------------------------

      Code (inc. data)   RO Data    RW Data    ZI Data      Debug   Library Member Name

        52          4          0          0          0          0   __0sprintf.o
        96          2          0          0          0          0   __dclz77c.o
         8          0          0          0          0          0   __main.o
       760          6         17          0          0          0   __printf.o
        60          8          0          0          0          0   __scatter.o
        44          0          0          0          0          0   __scatter_zi.o
        34          0          0          0          0          0   _chval.o
        52          8          0          0          0          0   _printf_char_common.o
       116         18          0          0          0          0   _printf_dec.o
      1184         30          0          0          0          0   _printf_fp_dec.o
        10          0          0          0          0          0   _printf_input_char.o
       168          0          0          0          0          0   _printf_intcommon.o
        32          0          0          0          0          0   _printf_outstr_char.o
        84          0          0          0          0          0   _printf_pad.o
        34          0          0          0          0          0   _rserrno.o
       342          0          0          0          0          0   _scanf_longlong.o
        10          0          0          0          0          0   _sputc.o
       166          0          0          0          0          0   _strtoul.o
       984         84         80          0          0          0   acos.o
       416          0          0          0          0          0   aeabi_sdiv.o
      1000         80         80          0          0          0   asin.o
       840         80        152          0          0          0   atan.o
        80          8          0          0          0          0   atof.o
        38          0          0          0          0          0   atoi.o
       200          4        148          0          0          0   bigflt0.o
        12          0          0          0          0          0   boardinit2.o
        16          0          0          0          0          0   boardinit3.o
      2252        132          0          0          0          0   btod.o
        16          0          0          0          0          0   callvia.o
        60          0          0          0          0          0   classify.o
       236         24          0          0          0          0   cos.o
       400         28         48          0          0          0   cos_i.o
       172          4          0          0          0          0   d2f.o
      1076         28          0          0          0          0   daddsub_noclz.o
        16          4          0          0          0          0   dcheck.o
        16          4          0          0          0          0   dcheck1.o
       128          0          0          0          0          0   dcmpin.o
      1216        144          0          0          0          0   ddiv.o
       136          4          0          0          0          0   deqf.o
       176          4          0          0          0          0   dfix.o
       100          0          0          0          0          0   dflt_noclz.o
       136          4          0          0          0          0   dleqf.o
       476         16          0          0          0          0   dmul.o
       508         12          0          0          0          0   drem.o
       160          4          0          0          0          0   drleqf.o
       392          8          0          0          0          0   dsqrt.o
       100          0          0          0          0          0   dtoi.o
       276          0          0          0          0          0   dunder.o
        12          0          0          0          0          0   exit.o
       100          4          0          0          0          0   f2d.o
       644          8          0          0          0          0   faddsub_noclz.o
        12          4          0          0          0          0   fcheck.o
        12          4          0          0          0          0   fcheck1.o
       100          0          0          0          0          0   fcmpin.o
       484         76          0          0          0          0   fdiv.o
       120          4          0          0          0          0   feqf.o
       116          4          0          0          0          0   ffix.o
        96          4          0          0          0          0   ffixu.o
       100          0          0          0          0          0   fflt_noclz.o
       120          4          0          0          0          0   fleqf.o
       264          4          0          0          0          0   fmul.o
       148          0          0          0          0          0   fnorm2_noclz.o
        48          4          0          0          0          0   fpclassify.o
         0          0          8          0          0          0   fpconst.o
        28          0          0          0          0          0   fpinit.o
       116          4          0          0          0          0   frexp.o
       132          4          0          0          0          0   frleqf.o
       144          0          0          0          0          0   funder.o
        22          0          0          0          0          0   isspace.o
        12          0          0          0          0          0   istatus.o
        16          0          0          0          0          0   itod.o
       104          4          0          0          0          0   kernel.o
        84          8        272          0          0          0   lc_ctype_c.o
        84          8         28          0          0          0   lc_numeric_c.o
       304         24          0          0          0          0   ldexp.o
       234          4          0          0          0          0   lib_init.o
        12          4          0          0         96          0   libspace.o
        32          0          0          0          0          0   llmul.o
        12          0          0          0          0          0   llmullu.o
        44          0          0          0          0          0   llshl.o
       164          0          0          0          0          0   lludiv10.o
       268         20          0          0          0          0   narrow.o
         6          0          0          0          0          0   no_argv.o
       248          0          0          0          0          0   poly.o
         8          0          0          0          0          0   printf1.o
         0          0          8          0          0          0   qnan.o
       116          0          0          0          0          0   retnan.o
      1196        104        192          0          0          0   rred.o
        28          4          0          0          0          0   rt_ctype_table.o
        20          4          0          0          0          0   rt_errno_addr_intlibspace.o
        16          4          0          0          0          0   rt_fp_status_addr_intlibspace.o
        20          4          0          0          0          0   rt_locale_intlibspace.o
       100          0          0          0          0          0   rt_memcpy_w.o
        16          4          0          0          0          0   rt_stackheap_storage_intlibspace.o
        48          0          0          0          0          0   rtudiv10.o
       108          0          0          0          0          0   scalbn_noclz.o
         8          0          0          0          0          0   scanf1.o
        12          0          0          0          0          0   scanf2.o
      1250         24          0          0          0          0   scanf_fp.o
      1336         34          0          0          0          0   scanf_hexfp.o
        70          0          0          0          0          0   sgetc.o
       252         24          0          0          0          0   sin.o
       376         12         40          0          0          0   sin_i.o
       120         20          0          0          0          0   sqrt.o
        64          0          0          0          0          0   stkheap2.o
       160          4          0          0          0          0   strcmp.o
        80          4          0          0          0          0   strlen.o
       180         18          0          0          0          0   strtod.o
       116          4          0          0          0          0   strtol.o
        24          8          0          0          0          0   sys_exit.o
        96          0          0          0          0          0   sys_stackheap_outer.o
       176         24          0          0          0          0   tan.o
       976         64         96          0          0          0   tan_i.o
        60          0          0          0          0          0   trapv.o
         4          0          0          0          0          0   use_no_semi.o
         0          0          0          0          0          0   usenofp.o

    ------------------------------------------------------------------------
     26376       1316       1176          0        100          0   Library Totals
        12          0          7          0          4          0   (incl. Padding)

    ------------------------------------------------------------------------

      Code (inc. data)   RO Data    RW Data    ZI Data      Debug   Library Name

     10612        356        465          0         96          0   c_t.l
      7928        356          8          0          0          0   fz_ts.l
        28          0          0          0          0          0   h_t.l
      7796        604        696          0          0          0   m_ts.l

    ------------------------------------------------------------------------
     26376       1316       1176          0        100          0   Library Totals

    ------------------------------------------------------------------------

================================================================================


      Code (inc. data)   RO Data    RW Data    ZI Data      Debug   

    498276      34236       6440      13676       7204          0   Grand Totals
    498276      34236       6440       5308       7204          0   ELF Image Totals (compressed)
    498276      34236       6440       5308          0          0   ROM Totals

================================================================================

    Total RO  Size (Code + RO Data)               504716 ( 492.89kB)
    Total RW  Size (RW Data + ZI Data)             20880 (  20.39kB)
    Total ROM Size (Code + RO Data + RW Data)     510024 ( 498.07kB)

================================================================================

