ARM Linker, RVCT3.1 [Build 934] for uVision [Standard]

================================================================================

Section Cross References

    startup.o(STACK) refers (Special) to stkheap2.o(.text) for __use_two_region_memory
    startup.o(HEAP) refers (Special) to stkheap2.o(.text) for __use_two_region_memory
    startup.o(RESET) refers to startup.o(STACK) for Stack_Top
    startup.o(RESET) refers to __main.o(!!!main) for __main
    startup.o(RESET) refers (Special) to stkheap2.o(.text) for __use_two_region_memory
    startup.o(.text) refers to startup.o(HEAP) for Heap_Mem
    startup.o(.text) refers to startup.o(STACK) for Stack_Mem
    startup.o(.text) refers (Special) to stkheap2.o(.text) for __use_two_region_memory
    main.o(.text) refers to aeabi_sdiv.o(.text_udiv) for __aeabi_uidivmod
    main.o(.text) refers to main.o(.constdata) for ZFTABLE
    main.o(.text) refers to main.o(.data) for KeyPf
    main.o(.text) refers to main.o(.bss) for rcv_databuf1
    main.o(.text) refers to aeabi_sdiv.o(.text) for __aeabi_idivmod
    main.o(.text) refers to dflt_noclz.o(x$fpl$dfltu) for __aeabi_ui2d
    main.o(.text) refers to ddiv.o(x$fpl$ddiv) for __aeabi_ddiv
    main.o(.text) refers to dmul.o(x$fpl$dmul) for __aeabi_dmul
    main.o(.text) refers to daddsub_noclz.o(x$fpl$dadd) for __aeabi_dadd
    main.o(.text) refers to d2f.o(x$fpl$d2f) for __aeabi_d2f
    main.o(.text) refers to fflt_noclz.o(x$fpl$fflt) for __aeabi_i2f
    main.o(.text) refers to fflt_noclz.o(x$fpl$ffltu) for __aeabi_ui2f
    main.o(.text) refers to rt_memcpy_w.o(.text) for __aeabi_memcpy4
    main.o(.text) refers to frleqf.o(x$fpl$frleqf) for __aeabi_cfrcmple
    main.o(.text) refers to fleqf.o(x$fpl$fleqf) for __aeabi_cfcmple
    main.o(.text) refers to faddsub_noclz.o(x$fpl$fsub) for __aeabi_fsub
    main.o(.text) refers to faddsub_noclz.o(x$fpl$fadd) for __aeabi_fadd
    main.o(.text) refers to drleqf.o(x$fpl$drleqf) for __aeabi_cdrcmple
    main.o(.text) refers to daddsub_noclz.o(x$fpl$dsub) for __aeabi_dsub
    main.o(.text) refers to dleqf.o(x$fpl$dleqf) for __aeabi_cdcmple
    main.o(.text) refers to daddsub_noclz.o(x$fpl$drsb) for __aeabi_drsub
    main.o(.text) refers to dfix.o(x$fpl$dfix) for __aeabi_d2iz
    main.o(.text) refers to dflt_noclz.o(x$fpl$dflt) for __aeabi_i2d
    main.o(.text) refers to sin.o(i.sin) for sin
    main.o(.text) refers to cos.o(i.cos) for cos
    main.o(.text) refers to deqf.o(x$fpl$deqf) for __aeabi_cdcmpeq
    main.o(.text) refers to tan.o(i.tan) for tan
    main.o(.text) refers to acos.o(i.acos) for acos
    main.o(.text) refers to f2d.o(x$fpl$f2d) for __aeabi_f2d
    main.o(.text) refers to __0sprintf.o(.text) for __1sprintf
    main.o(.text) refers to strlen.o(.text) for strlen
    main.o(.text) refers to dfixu.o(x$fpl$dfixu) for __aeabi_d2uiz
    main.o(.text) refers to ffixu.o(x$fpl$ffixu) for __aeabi_f2uiz
    main.o(.text) refers to ffix.o(x$fpl$ffix) for __aeabi_f2iz
    main.o(.text) refers to faddsub_noclz.o(x$fpl$frsb) for __aeabi_frsub
    main.o(.text) refers to fmul.o(x$fpl$fmul) for __aeabi_fmul
    main.o(.text) refers to atoi.o(.text) for atoi
    main.o(.text) refers to fdiv.o(x$fpl$fdiv) for __aeabi_fdiv
    main.o(.text) refers to atof.o(i.atof) for atof
    main.o(.text) refers (Special) to printf1.o(x$fpl$printf1) for _printf_fp_dec
    main.o(.text) refers (Special) to _scanf_longlong.o(.text) for _scanf_longlong
    main.o(.text) refers (Special) to _printf_str.o(.text) for _printf_str
    main.o(.text) refers (Special) to __printf.o(.text) for _printf_sizespec
    main.o(.text) refers (Special) to _printf_pad.o(.text) for _printf_pre_padding
    main.o(.text) refers (Special) to _printf_dec.o(.text) for _printf_int_dec
    main.o(.data) refers (Special) to printf1.o(x$fpl$printf1) for _printf_fp_dec
    main.o(.data) refers (Special) to _scanf_longlong.o(.text) for _scanf_longlong
    main.o(.data) refers (Special) to _printf_str.o(.text) for _printf_str
    main.o(.data) refers (Special) to __printf.o(.text) for _printf_sizespec
    main.o(.data) refers (Special) to _printf_pad.o(.text) for _printf_pre_padding
    main.o(.data) refers (Special) to _printf_dec.o(.text) for _printf_int_dec
    main.o(.constdata) refers (Special) to printf1.o(x$fpl$printf1) for _printf_fp_dec
    main.o(.constdata) refers (Special) to _scanf_longlong.o(.text) for _scanf_longlong
    main.o(.constdata) refers (Special) to _printf_str.o(.text) for _printf_str
    main.o(.constdata) refers (Special) to __printf.o(.text) for _printf_sizespec
    main.o(.constdata) refers (Special) to _printf_pad.o(.text) for _printf_pre_padding
    main.o(.constdata) refers (Special) to _printf_dec.o(.text) for _printf_int_dec
    main.o(.bss) refers (Special) to printf1.o(x$fpl$printf1) for _printf_fp_dec
    main.o(.bss) refers (Special) to _scanf_longlong.o(.text) for _scanf_longlong
    main.o(.bss) refers (Special) to _printf_str.o(.text) for _printf_str
[...]
    g_sysmenu4804Cn                          0x4000035a   Data           8  main.o(.data)
    g_sysmenu1000En                          0x40000362   Data          16  main.o(.data)
    g_sysmenu2000En                          0x40000372   Data          18  main.o(.data)
    g_sysmenu3000En                          0x40000384   Data          19  main.o(.data)
    g_sysmenu4000En                          0x40000397   Data          16  main.o(.data)
    g_sysmenu1100En                          0x400003a7   Data          11  main.o(.data)
    g_sysmenu1200En                          0x400003b2   Data          15  main.o(.data)
    g_sysmenu1300En                          0x400003c1   Data          15  main.o(.data)
    g_sysmenu1400En                          0x400003d0   Data          17  main.o(.data)
    g_sysmenu1500En                          0x400003e1   Data          13  main.o(.data)
    g_sysmenu1600En                          0x400003ee   Data          17  main.o(.data)
    g_sysmenu1700En                          0x400003ff   Data          16  main.o(.data)
    g_sysmenu1800En                          0x4000040f   Data          16  main.o(.data)
    g_sysmenu1900En                          0x4000041f   Data          17  main.o(.data)
    g_sysmenu1110En                          0x40000430   Data          15  main.o(.data)
    g_sysmenu1120En                          0x4000043f   Data          16  main.o(.data)
    g_sysmenu2100En                          0x4000044f   Data          15  main.o(.data)
    g_sysmenu2200En                          0x4000045e   Data          13  main.o(.data)
    g_sysmenu2300En                          0x4000046b   Data           9  main.o(.data)
    g_sysmenu2400En                          0x40000474   Data          14  main.o(.data)
    g_sysmenu2500En                          0x40000482   Data           5  main.o(.data)
    g_sysmenu2600En                          0x40000487   Data          12  main.o(.data)
    g_sysmenu2700En                          0x40000493   Data          14  main.o(.data)
    g_sysmenu2800En                          0x400004a1   Data          16  main.o(.data)
    g_sysmenu2900En                          0x400004b1   Data          15  main.o(.data)
    g_sysmenu2110En                          0x400004c0   Data          10  main.o(.data)
    g_sysmenu3100En                          0x400004ca   Data          17  main.o(.data)
    g_sysmenu3200En                          0x400004db   Data          17  main.o(.data)
    g_sysmenu3300En                          0x400004ec   Data          15  main.o(.data)
    g_sysmenu3400En                          0x400004fb   Data           6  main.o(.data)
    g_sysmenu3500En                          0x40000501   Data           6  main.o(.data)
    g_sysmenu3600En                          0x40000507   Data          14  main.o(.data)
    g_sysmenu3700En                          0x40000515   Data          12  main.o(.data)
    g_sysmenu3800En                          0x40000521   Data          12  main.o(.data)
    g_sysmenu3900En                          0x4000052d   Data          14  main.o(.data)
    g_sysmenu3110En                          0x4000053b   Data           8  main.o(.data)
    g_sysmenu4100En                          0x40000543   Data          14  main.o(.data)
    g_sysmenu4200En                          0x40000551   Data          16  main.o(.data)
    g_sysmenu4300En                          0x40000561   Data          13  main.o(.data)
    g_sysmenu4400En                          0x4000056e   Data           8  main.o(.data)
    g_sysmenu4500En                          0x40000576   Data           9  main.o(.data)
    g_sysmenu4600En                          0x4000057f   Data           9  main.o(.data)
    g_sysmenu4700En                          0x40000588   Data          16  main.o(.data)
    g_sysmenu4800En                          0x40000598   Data          14  main.o(.data)
    g_sysmenu4900En                          0x400005a6   Data           9  main.o(.data)
    g_sysmenu4110En                          0x400005af   Data           6  main.o(.data)
    g_sysmenu4120En                          0x400005b5   Data           5  main.o(.data)
    g_sysmenu2201En                          0x400005ba   Data           8  main.o(.data)
    g_sysmenu2202En                          0x400005c2   Data           6  main.o(.data)
    g_sysmenu2203En                          0x400005c8   Data           5  main.o(.data)
    g_sysmenu2204En                          0x400005cd   Data           8  main.o(.data)
    g_sysmenu2205En                          0x400005d5   Data           7  main.o(.data)
    g_sysmenu2206En                          0x400005dc   Data           7  main.o(.data)
    g_sysmenu2207En                          0x400005e3   Data           8  main.o(.data)
    g_sysmenu2208En                          0x400005eb   Data           4  main.o(.data)
    g_sysmenu2209En                          0x400005ef   Data           5  main.o(.data)
    g_sysmenu22010En                         0x400005f4   Data          10  main.o(.data)
    g_sysmenu22011En                         0x400005fe   Data           7  main.o(.data)
    g_sysmenu2301En                          0x40000605   Data          13  main.o(.data)
    g_sysmenu2302En                          0x40000612   Data          10  main.o(.data)
    g_sysmenu2303En                          0x4000061c   Data          15  main.o(.data)
    g_sysmenu2304En                          0x4000062b   Data          12  main.o(.data)
    g_sysmenu2305En                          0x40000637   Data          12  main.o(.data)
    g_sysmenu2306En                          0x40000643   Data          17  main.o(.data)
    g_sysmenu2307En                          0x40000654   Data          14  main.o(.data)
    g_sysmenu2308En                          0x40000662   Data          16  main.o(.data)
    g_sysmenu2501En                          0x40000672   Data          16  main.o(.data)
    g_sysmenu2502En                          0x40000682   Data          12  main.o(.data)
    g_sysmenu2503En                          0x4000068e   Data          11  main.o(.data)
    g_sysmenu2801En                          0x40000699   Data           7  main.o(.data)
    g_sysmenu2802En                          0x400006a0   Data           4  main.o(.data)
    g_sysmenu2803En                          0x400006a4   Data           7  main.o(.data)
    g_sysmenu2804En                          0x400006ab   Data           7  main.o(.data)
    g_sysmenu21101En                         0x400006b2   Data           7  main.o(.data)
    g_sysmenu21102En                         0x400006b9   Data           4  main.o(.data)
    g_sysmenu21103En                         0x400006bd   Data           7  main.o(.data)
    g_sysmenu3401En                          0x400006c4   Data           6  main.o(.data)
    g_sysmenu3402En                          0x400006ca   Data          12  main.o(.data)
    g_sysmenu3501En                          0x400006d6   Data           6  main.o(.data)
    g_sysmenu3502En                          0x400006dc   Data          11  main.o(.data)
    g_sysmenu3601En                          0x400006e7   Data           8  main.o(.data)
    g_sysmenu3602En                          0x400006ef   Data           6  main.o(.data)
    g_sysmenu3801En                          0x400006f5   Data          10  main.o(.data)
    g_sysmenu3802En                          0x400006ff   Data          10  main.o(.data)
    g_sysmenu4301En                          0x40000709   Data           5  main.o(.data)
    g_sysmenu4302En                          0x4000070e   Data          14  main.o(.data)
    g_sysmenu43021En                         0x4000071c   Data           7  main.o(.data)
    g_sysmenu43022En                         0x40000723   Data           4  main.o(.data)
    g_sysmenu43023En                         0x40000727   Data           7  main.o(.data)
    g_sysmenu43024En                         0x4000072e   Data           7  main.o(.data)
    g_sysmenu4701En                          0x40000735   Data           7  main.o(.data)
    g_sysmenu4702En                          0x4000073c   Data           4  main.o(.data)
    g_sysmenu4703En                          0x40000740   Data           7  main.o(.data)
    g_sysmenu4704En                          0x40000747   Data           7  main.o(.data)
    g_sysmenu4801En                          0x4000074e   Data          11  main.o(.data)
    g_sysmenu4802En                          0x40000759   Data          12  main.o(.data)
    g_sysmenu4803En                          0x40000765   Data          11  main.o(.data)
    g_sysmenu4804En                          0x40000770   Data          13  main.o(.data)
    g_sysmenu1600umia_ra                     0x4000077d   Data          16  main.o(.data)
    g_sysmenu1600umia_dec                    0x4000078d   Data          16  main.o(.data)
    g_sysmenu2900title                       0x4000079d   Data          16  main.o(.data)
    g_sysmenu2900ra                          0x400007ad   Data          16  main.o(.data)
    g_sysmenu2900dec                         0x400007bd   Data          16  main.o(.data)
    g_sysmenu3601lov_teltype1                0x400007cd   Data          21  main.o(.data)
    g_sysmenu3601lov_data1                   0x400007e2   Data          18  main.o(.data)
    g_sysmenu3601lov_teltype2                0x400007f4   Data          21  main.o(.data)
    g_sysmenu3601lov_data2                   0x40000809   Data          18  main.o(.data)
    g_sysmenu3601lov_teltype3                0x4000081b   Data          21  main.o(.data)
    g_sysmenu3601lov_data3                   0x40000830   Data          18  main.o(.data)
    g_sysmenu3601lov_teltype1En              0x40000842   Data          19  main.o(.data)
    g_sysmenu3601lov_data1En                 0x40000855   Data          12  main.o(.data)
    g_sysmenu3601lov_teltype2En              0x40000861   Data          19  main.o(.data)
    g_sysmenu3601lov_data2En                 0x40000874   Data          12  main.o(.data)
    g_sysmenu3601lov_teltype3En              0x40000880   Data          21  main.o(.data)
    g_sysmenu3601lov_data3En                 0x40000895   Data          12  main.o(.data)
    g_sysmenu3601menu1                       0x400008a1   Data          21  main.o(.data)
    g_sysmenu3601menu2                       0x400008b6   Data          21  main.o(.data)
    g_sysmenu3601menu3                       0x400008cb   Data          21  main.o(.data)
    g_sysmenu3601menu1En                     0x400008e0   Data          19  main.o(.data)
    g_sysmenu3601menu2En                     0x400008f3   Data          19  main.o(.data)
    g_sysmenu3601menu3En                     0x40000906   Data          21  main.o(.data)
    g_sysmenu3602m_title                     0x4000091b   Data          13  main.o(.data)
    g_sysmenu3602m_mf                        0x40000928   Data          21  main.o(.data)
    g_sysmenu3602m_sf                        0x4000093d   Data          17  main.o(.data)
    g_sysmenu3602m_data                      0x4000094e   Data          19  main.o(.data)
    g_sysmenu3602m_titleEn                   0x40000961   Data          13  main.o(.data)
    g_sysmenu3602m_mfEn                      0x4000096e   Data          13  main.o(.data)
    g_sysmenu3602m_sfEn                      0x4000097b   Data          11  main.o(.data)
    g_sysmenu3602m_dataEn                    0x40000986   Data          13  main.o(.data)
    g_sysmenu2110m_1                         0x40000993   Data           1  main.o(.data)
    g_sysmenu2110m_2                         0x40000994   Data          32  main.o(.data)
    g_sysmenu2110m_3                         0x400009b4   Data          32  main.o(.data)
    g_sysmenu2110m_4                         0x400009d4   Data          32  main.o(.data)
    g_sysmenu2110m_1En                       0x400009f4   Data           1  main.o(.data)
    g_sysmenu2110m_2En                       0x400009f5   Data          14  main.o(.data)
    g_sysmenu2110m_3En                       0x40000a03   Data          20  main.o(.data)
    g_sysmenu2110m_4En                       0x40000a17   Data          20  main.o(.data)
    g_sysmenu2801m_1                         0x40000a2b   Data           1  main.o(.data)
    g_sysmenu2802m_2                         0x40000a2c   Data          36  main.o(.data)
    g_sysmenu2803m_3                         0x40000a50   Data          37  main.o(.data)
    g_sysmenu2804m_4                         0x40000a75   Data          38  main.o(.data)
    g_sysmenu2801m_1En                       0x40000a9b   Data           1  main.o(.data)
    g_sysmenu2802m_2En                       0x40000a9c   Data          15  main.o(.data)
    g_sysmenu2803m_3En                       0x40000aab   Data          16  main.o(.data)
    g_sysmenu2804m_4En                       0x40000abb   Data          17  main.o(.data)
    g_sysmenu4300citycountry                 0x40000acc   Data           5  main.o(.data)
    g_sysmenu4300cityname                    0x40000ad1   Data           5  main.o(.data)
    g_sysmenu4300citylon                     0x40000ad6   Data          24  main.o(.data)
    g_sysmenu4300citylat                     0x40000aee   Data          23  main.o(.data)
    g_sysmenu4300cityzone                    0x40000b05   Data          16  main.o(.data)
    g_sysmenu4300cityalt                     0x40000b15   Data          18  main.o(.data)
    g_sysmenu4300sitename                    0x40000b27   Data          24  main.o(.data)
    g_sysmenu4300sitelon                     0x40000b3f   Data          24  main.o(.data)
    g_sysmenu4300sitelat                     0x40000b57   Data          23  main.o(.data)
    g_sysmenu4300sitezone                    0x40000b6e   Data          16  main.o(.data)
    g_sysmenu4300sitealt                     0x40000b7e   Data          18  main.o(.data)
    g_sysmenu4400temperatrue                 0x40000b90   Data          15  main.o(.data)
    g_sysmenu4400humidity                    0x40000b9f   Data          15  main.o(.data)
    g_sysmenu4400airpressure                 0x40000bae   Data          19  main.o(.data)
    g_sysmenu4500sky                         0x40000bc1   Data           9  main.o(.data)
    g_sysmenu4500land                        0x40000bca   Data           9  main.o(.data)
    g_sysmenu4600az                          0x40000bd3   Data          13  main.o(.data)
    g_sysmenu4600eq                          0x40000be0   Data          13  main.o(.data)
    g_sysmenu4900cn                          0x40000bed   Data           5  main.o(.data)
    g_sysmenu4900en                          0x40000bf2   Data           5  main.o(.data)
    g_sysmenu4900jn                          0x40000bf7   Data           5  main.o(.data)
    g_sysmenu4900fn                          0x40000bfc   Data           5  main.o(.data)
    g_sysmenu1600umia_raEn                   0x40000c01   Data          16  main.o(.data)
    g_sysmenu1600umia_decEn                  0x40000c11   Data          16  main.o(.data)
    g_sysmenu2900titleEn                     0x40000c21   Data          16  main.o(.data)
    g_sysmenu2900raEn                        0x40000c31   Data          16  main.o(.data)
    g_sysmenu2900decEn                       0x40000c41   Data          16  main.o(.data)
    g_sCountryEn                             0x40000c51   Data          14  main.o(.data)
    g_sCityEn                                0x40000c5f   Data          13  main.o(.data)
    g_sysmenu4300sitenameEn                  0x40000c6c   Data          15  main.o(.data)
    g_sysmenu4300sitelonEn                   0x40000c7b   Data          16  main.o(.data)
    g_sysmenu4300sitelatEn                   0x40000c8b   Data          14  main.o(.data)
    g_sysmenu4300sitezoneEn                  0x40000c99   Data          10  main.o(.data)
    g_sysmenu4300sitealtEn                   0x40000ca3   Data          13  main.o(.data)
    g_sysmenu4400temperatrueEn               0x40000cb0   Data          10  main.o(.data)
    g_sysmenu4400humidityEn                  0x40000cba   Data          10  main.o(.data)
    g_sysmenu4400airpressureEn               0x40000cc4   Data          12  main.o(.data)
    g_sysmenu4500skyEn                       0x40000cd0   Data          11  main.o(.data)
    g_sysmenu4500landEn                      0x40000cdb   Data          12  main.o(.data)
    g_sysmenu4600azEn                        0x40000ce7   Data          14  main.o(.data)
    g_sysmenu4600eqEn                        0x40000cf5   Data          14  main.o(.data)
    g_sysmenu4900cnEn                        0x40000d03   Data           8  main.o(.data)
    g_sysmenu4900enEn                        0x40000d0b   Data           8  main.o(.data)
    g_sysmenu4900jnEn                        0x40000d13   Data           9  main.o(.data)
    g_sysmenu4900fnEn                        0x40000d1c   Data           7  main.o(.data)
    g_sysmenu3401off                         0x40000d23   Data          14  main.o(.data)
    g_sysmenu3402off                         0x40000d31   Data           7  main.o(.data)
    g_sysmenu3403off                         0x40000d38   Data           1  main.o(.data)
    g_sysmenu3404off                         0x40000d39   Data          25  main.o(.data)
    g_sysmenu3401on                          0x40000d52   Data          11  main.o(.data)
    g_sysmenu3402on                          0x40000d5d   Data          11  main.o(.data)
    g_sysmenu3403on                          0x40000d68   Data           7  main.o(.data)
    g_sysmenu3404on                          0x40000d6f   Data          25  main.o(.data)
    g_sysmenu3401offEn                       0x40000d88   Data          11  main.o(.data)
    g_sysmenu3402offEn                       0x40000d93   Data           7  main.o(.data)
    g_sysmenu3403offEn                       0x40000d9a   Data           1  main.o(.data)
    g_sysmenu3404offEn                       0x40000d9b   Data          22  main.o(.data)
    g_sysmenu3401onEn                        0x40000db1   Data          16  main.o(.data)
    g_sysmenu3402onEn                        0x40000dc1   Data          13  main.o(.data)
    g_sysmenu3403onEn                        0x40000dce   Data           7  main.o(.data)
    g_sysmenu3404onEn                        0x40000dd5   Data          22  main.o(.data)
    g_sysmenu3500alarm_off1                  0x40000deb   Data          15  main.o(.data)
    g_sysmenu3500alarm_off2                  0x40000dfa   Data           1  main.o(.data)
    g_sysmenu3500alarm_off3                  0x40000dfb   Data           1  main.o(.data)
    g_sysmenu3500alarm_off4                  0x40000dfc   Data          25  main.o(.data)
    g_sysmenu3500alarm_title                 0x40000e15   Data          17  main.o(.data)
    g_sysmenu3500alarm_input                 0x40000e26   Data          10  main.o(.data)
    g_sysmenu3500alarm_onoff                 0x40000e30   Data          25  main.o(.data)
    g_sysmenu3500alarm_off1En                0x40000e49   Data          13  main.o(.data)
    g_sysmenu3500alarm_off2En                0x40000e56   Data           1  main.o(.data)
    g_sysmenu3500alarm_off3En                0x40000e57   Data           1  main.o(.data)
    g_sysmenu3500alarm_off4En                0x40000e58   Data          22  main.o(.data)
    g_sysmenu3500alarm_titleEn               0x40000e6e   Data          13  main.o(.data)
    g_sysmenu3500alarm_inputEn               0x40000e7b   Data          10  main.o(.data)
    g_sysmenu3500alarm_onoffEn               0x40000e85   Data          21  main.o(.data)
    g_sysmenu380011                          0x40000e9a   Data           9  main.o(.data)
    g_sysmenu380012                          0x40000ea3   Data          13  main.o(.data)
    g_sysmenu380013                          0x40000eb0   Data           1  main.o(.data)
    g_sysmenu380014                          0x40000eb1   Data           1  main.o(.data)
    g_sysmenu380011En                        0x40000eb2   Data          17  main.o(.data)
    g_sysmenu380012En                        0x40000ec3   Data          18  main.o(.data)
    g_sysmenu380013En                        0x40000ed5   Data           1  main.o(.data)
    g_sysmenu380014En                        0x40000ed6   Data           1  main.o(.data)
    g_sysmenu390011                          0x40000ed7   Data           9  main.o(.data)
    g_sysmenu390012                          0x40000ee0   Data          14  main.o(.data)
    g_sysmenu390013                          0x40000eee   Data           1  main.o(.data)
    g_sysmenu390014                          0x40000eef   Data           1  main.o(.data)
    g_sysmenu390011En                        0x40000ef0   Data          14  main.o(.data)
    g_sysmenu390012En                        0x40000efe   Data          10  main.o(.data)
    g_sysmenu390013En                        0x40000f08   Data           1  main.o(.data)
    g_sysmenu390014En                        0x40000f09   Data           1  main.o(.data)
    g_sysmenu390021                          0x40000f0a   Data           9  main.o(.data)
    g_sysmenu390022                          0x40000f13   Data          14  main.o(.data)
    g_sysmenu390023                          0x40000f21   Data           1  main.o(.data)
    g_sysmenu390024                          0x40000f22   Data           1  main.o(.data)
    g_sysmenu390021En                        0x40000f23   Data          14  main.o(.data)
    g_sysmenu390022En                        0x40000f31   Data          11  main.o(.data)
    g_sysmenu390023En                        0x40000f3c   Data           1  main.o(.data)
    g_sysmenu390024En                        0x40000f3d   Data           1  main.o(.data)
    g_sysmenu420011                          0x40000f3e   Data           9  main.o(.data)
    g_sysmenu420012                          0x40000f47   Data          14  main.o(.data)
    g_sysmenu420013                          0x40000f55   Data           1  main.o(.data)
    g_sysmenu420014                          0x40000f56   Data           1  main.o(.data)
    g_sysmenu420011En                        0x40000f57   Data          16  main.o(.data)
    g_sysmenu420012En                        0x40000f67   Data          10  main.o(.data)
    g_sysmenu420013En                        0x40000f71   Data           1  main.o(.data)
    g_sysmenu420014En                        0x40000f72   Data           1  main.o(.data)
    g_sysmenu420021                          0x40000f73   Data           9  main.o(.data)
    g_sysmenu420022                          0x40000f7c   Data          14  main.o(.data)
    g_sysmenu420023                          0x40000f8a   Data           1  main.o(.data)
    g_sysmenu420024                          0x40000f8b   Data           1  main.o(.data)
    g_sysmenu420021En                        0x40000f8c   Data          16  main.o(.data)
    g_sysmenu420022En                        0x40000f9c   Data          11  main.o(.data)
    g_sysmenu420023En                        0x40000fa7   Data           1  main.o(.data)
    g_sysmenu420024En                        0x40000fa8   Data           1  main.o(.data)
    TestString                               0x40000fa9   Data          14  main.o(.data)
    KeyFIFO                                  0x40000fec   Data           8  main.o(.data)
    KeyPf                                    0x40000ff4   Data           1  main.o(.data)
    KeyPr                                    0x40000ff5   Data           1  main.o(.data)
    KeyTime                                  0x40000ff6   Data           1  main.o(.data)
    KeyChar                                  0x40000ff7   Data           1  main.o(.data)
    RTCms                                    0x40000ff8   Data           1  main.o(.data)
    BuzCount                                 0x40000ff9   Data           1  main.o(.data)
    BuzOnTime                                0x40000ffa   Data           1  main.o(.data)
    BuzOffTime                               0x40000ffb   Data           1  main.o(.data)
    rcv_datanum0                             0x40000ffc   Data           1  main.o(.data)
    rcv_neworder0                            0x40000ffd   Data           1  main.o(.data)
    rcv_headernum0                           0x40000ffe   Data           1  main.o(.data)
    rcv_header0                              0x40000fff   Data           4  main.o(.data)
    rcv_temp0                                0x40001003   Data           1  main.o(.data)
    rcv_datanum1                             0x40001004   Data           1  main.o(.data)
    rcv_neworder1                            0x40001005   Data           1  main.o(.data)
    rcv_headernum1                           0x40001006   Data           1  main.o(.data)
    rcv_header1                              0x40001007   Data           4  main.o(.data)
    rcv_temp1                                0x4000100b   Data           1  main.o(.data)
    g_mTelescopeConType                      0x4000100c   Data           1  main.o(.data)
    u2                                       0x4000100e   Data           2  main.o(.data)
    uf4                                      0x40001010   Data           4  main.o(.data)
    d8                                       0x40001018   Data           8  main.o(.data)
    g_sTelType1                              0x40001020   Data           4  main.o(.data)
    g_sTelType2                              0x40001024   Data           4  main.o(.data)
    g_sTelType3                              0x40001028   Data           4  main.o(.data)
    g_sTelType4                              0x4000102c   Data           4  main.o(.data)
    g_sTelType5                              0x40001030   Data           4  main.o(.data)
    g_sTelType6                              0x40001034   Data           4  main.o(.data)
    g_sTelType7                              0x40001038   Data           4  main.o(.data)
    g_sTelType8                              0x4000103c   Data           4  main.o(.data)
    g_nAlignStar                             0x40001040   Data           1  main.o(.data)
    g_nSelAlignStarNum                       0x40001041   Data           1  main.o(.data)
    g_nSeledAlignStarNum                     0x40001042   Data           1  main.o(.data)
    g_nAlignPoint                            0x40001043   Data           1  main.o(.data)
    g_nsysstatus                             0x40001044   Data           4  main.o(.data)
    g_bkeyoperator                           0x40001048   Data           1  main.o(.data)
    m_nkeyvalue                              0x40001049   Data           1  main.o(.data)
    g_mDaylight                              0x4000104a   Data           1  main.o(.data)
    g_mStarRiseTime                          0x40001050   Data           8  main.o(.data)
    g_mStarTransitTime                       0x40001058   Data           8  main.o(.data)
    g_mStarSetTime                           0x40001060   Data           8  main.o(.data)
    g_mRaTrackSpeed                          0x40001068   Data           8  main.o(.data)
    g_mPoleAxisEW                            0x40001070   Data           8  main.o(.data)
    g_mPoleAxisNS                            0x40001078   Data           8  main.o(.data)
    g_mObjRa_shi                             0x40001080   Data           4  main.o(.data)
    g_mObjRa_fen                             0x40001084   Data           4  main.o(.data)
    g_mObjRa_miao                            0x40001088   Data           4  main.o(.data)
    g_mObjRa                                 0x40001090   Data           8  main.o(.data)
    g_mObjRa1                                0x40001098   Data           4  main.o(.data)
    g_mObjRa2                                0x4000109c   Data           4  main.o(.data)
    g_mObjHourA_shi                          0x400010a0   Data           4  main.o(.data)
    g_mObjHourA_fen                          0x400010a4   Data           4  main.o(.data)
    g_mObjHourA_miao                         0x400010a8   Data           4  main.o(.data)
    g_mObjHourA                              0x400010b0   Data           8  main.o(.data)
    g_mObjHourA1                             0x400010b8   Data           4  main.o(.data)
    g_mObjDec_du                             0x400010bc   Data           4  main.o(.data)
    g_mObjDec_fen                            0x400010c0   Data           4  main.o(.data)
    g_mObjDec_miao                           0x400010c4   Data           4  main.o(.data)
    g_mObjDec_du1                            0x400010c8   Data           4  main.o(.data)
    g_mObjDec_fen1                           0x400010cc   Data           4  main.o(.data)
    g_mObjDec_miao1                          0x400010d0   Data           4  main.o(.data)
    g_mObjDec                                0x400010d8   Data           8  main.o(.data)
    g_mObjDec1                               0x400010e0   Data           4  main.o(.data)
    g_mObjDec2                               0x400010e4   Data           4  main.o(.data)
    g_mObjAzi_du                             0x400010e8   Data           4  main.o(.data)
    g_mObjAzi_fen                            0x400010ec   Data           4  main.o(.data)
    g_mObjAzi_miao                           0x400010f0   Data           4  main.o(.data)
    g_mObjAzi                                0x400010f8   Data           8  main.o(.data)
    g_mTbjRa                                 0x40001100   Data           8  main.o(.data)
    g_gObjDec_sign                           0x40001108   Data           4  main.o(.data)
    g_gObjDec_sign1                          0x4000110c   Data           4  main.o(.data)
    g_mObjAlt_du                             0x40001110   Data           4  main.o(.data)
    g_mObjAlt_fen                            0x40001114   Data           4  main.o(.data)
    g_mObjAlt_miao                           0x40001118   Data           4  main.o(.data)
    g_mObjAlt                                0x40001120   Data           8  main.o(.data)
    g_mTbjDec                                0x40001128   Data           8  main.o(.data)
    g_mTelRa_shi                             0x40001130   Data           4  main.o(.data)
    g_mTelRa_fen                             0x40001134   Data           4  main.o(.data)
    g_mTelRa_miao                            0x40001138   Data           4  main.o(.data)
    g_mTelRa                                 0x40001140   Data           8  main.o(.data)
    g_mTelRaUtr1                             0x40001148   Data           8  main.o(.data)
    g_mTelDec_du                             0x40001150   Data           4  main.o(.data)
    g_mTelDec_fen                            0x40001154   Data           4  main.o(.data)
    g_mTelDec_miao                           0x40001158   Data           4  main.o(.data)
    g_mTelDec                                0x40001160   Data           8  main.o(.data)
    g_mTelDecUtr1                            0x40001168   Data           8  main.o(.data)
    g_mTelAzi_du                             0x40001170   Data           4  main.o(.data)
    g_mTelAzi_fen                            0x40001174   Data           4  main.o(.data)
    g_mTelAzi_miao                           0x40001178   Data           4  main.o(.data)
    g_mTelAziUtr1                            0x40001180   Data           8  main.o(.data)
    g_mTelAzi                                0x40001188   Data           8  main.o(.data)
    g_mTelAzi0                               0x40001190   Data           8  main.o(.data)
    g_mTelAzi1                               0x40001198   Data           8  main.o(.data)
    g_mTelAlt_du                             0x400011a0   Data           4  main.o(.data)
    g_mTelAlt_fen                            0x400011a4   Data           4  main.o(.data)
    g_mTelAlt_miao                           0x400011a8   Data           4  main.o(.data)
    g_mTelAltUtr1                            0x400011b0   Data           8  main.o(.data)
    g_mTelAlt                                0x400011b8   Data           8  main.o(.data)
    g_mTelAlt0                               0x400011c0   Data           8  main.o(.data)
    g_mTelAlt1                               0x400011c8   Data           8  main.o(.data)
    g_mSitLon_du                             0x400011d0   Data           4  main.o(.data)
    g_mSitLon_fen                            0x400011d4   Data           4  main.o(.data)
    g_mSitLon_miao                           0x400011d8   Data           4  main.o(.data)
    g_mSitLon                                0x400011e0   Data           8  main.o(.data)
    g_mSitLon_WE                             0x400011e8   Data           4  main.o(.data)
    g_mSitLat_du                             0x400011ec   Data           4  main.o(.data)
    g_mSitLat_fen                            0x400011f0   Data           4  main.o(.data)
    g_mSitLat_miao                           0x400011f4   Data           4  main.o(.data)
    g_mSitLat_SN                             0x400011f8   Data           4  main.o(.data)
    g_mSitLat                                0x40001200   Data           8  main.o(.data)
    g_mTimeZone                              0x40001208   Data           4  main.o(.data)
    g_mSitAlt                                0x4000120c   Data           4  main.o(.data)
    g_mhumidity                              0x40001210   Data           4  main.o(.data)
    g_mtemperature                           0x40001214   Data           4  main.o(.data)
    g_mairpressure                           0x40001218   Data           2  main.o(.data)
    g_mDate_year                             0x4000121c   Data           4  main.o(.data)
    g_mDate_month                            0x40001220   Data           1  main.o(.data)
    g_mDate_day                              0x40001221   Data           1  main.o(.data)
    g_mTime_hour                             0x40001222   Data           1  main.o(.data)
    g_mTime_minute                           0x40001223   Data           1  main.o(.data)
    g_mTime_second                           0x40001224   Data           1  main.o(.data)
    g_mdatetime                              0x40001225   Data           1  main.o(.data)
    g_mSkyLand                               0x40001226   Data           1  main.o(.data)
    g_mAzEq                                  0x40001227   Data           1  main.o(.data)
    g_mGps                                   0x40001228   Data           1  main.o(.data)
    g_mHandSpeed                             0x40001229   Data           1  main.o(.data)
    g_mTelStatus                             0x4000122a   Data           1  main.o(.data)
    g_mGotoHandMove                          0x4000122b   Data           1  main.o(.data)
    g_mGotoHandMoveOK                        0x4000122c   Data           1  main.o(.data)
    g_mRaAziGearError                        0x40001230   Data           4  main.o(.data)
    g_mDecAltGearError                       0x40001234   Data           4  main.o(.data)
    g_mGearErrorAlign                        0x40001238   Data           4  main.o(.data)
    g_mNowBestObjectNum                      0x4000123c   Data           1  main.o(.data)
    g_mSunSysObjectNum                       0x4000123d   Data           1  main.o(.data)
    g_mPopularNameObjectNum                  0x4000123e   Data           2  main.o(.data)
    g_mMObjectNum                            0x40001240   Data           2  main.o(.data)
    g_mNgcIcObjectNum                        0x40001242   Data           2  main.o(.data)
    g_mUgcObjectNum                          0x40001244   Data           2  main.o(.data)
    g_mMcgObjectNum                          0x40001246   Data           2  main.o(.data)
    g_mCaldwellObjectNum                     0x40001248   Data           2  main.o(.data)
    g_mAbellObjectNum                        0x4000124a   Data           2  main.o(.data)
    g_mHershelObjectNum                      0x4000124c   Data           2  main.o(.data)
    g_mCon88ObjectNum                        0x4000124e   Data           1  main.o(.data)
    g_mCon88StarObjectNum                    0x40001250   Data           2  main.o(.data)
    g_mFixedObjectNum                        0x40001252   Data           1  main.o(.data)
    g_mFixedStarObjectNum                    0x40001254   Data           2  main.o(.data)
    g_mDoubleStarObjectNum                   0x40001256   Data           2  main.o(.data)
    g_mVariableStarObjectNum                 0x40001258   Data           2  main.o(.data)
    g_mFindObjectAcc                         0x4000125a   Data           2  main.o(.data)
    g_mMySiteOperator                        0x4000125c   Data           1  main.o(.data)
    g_mBackLashAxis                          0x4000125d   Data           1  main.o(.data)
    g_mCountry                               0x4000125e   Data           1  main.o(.data)
    g_mCity                                  0x4000125f   Data           1  main.o(.data)
    g_mTelPosA                               0x40001260   Data           4  main.o(.data)
    g_mTelPosAEr                             0x40001264   Data           4  main.o(.data)
    g_mTelPosE                               0x40001268   Data           4  main.o(.data)
    g_mTelPosEEr                             0x4000126c   Data           4  main.o(.data)
    g_mTelPosAENum                           0x40001270   Data           2  main.o(.data)
    g_mTelPosAENumMax                        0x40001272   Data           2  main.o(.data)
    g_mTelAZErrorWtiteflag                   0x40001274   Data           1  main.o(.data)
    g_mTelPec                                0x40001275   Data           1  main.o(.data)
    g_mAutoBackMainShow                      0x40001276   Data           1  main.o(.data)
    g_mAutoBackMainShownum                   0x40001278   Data           4  main.o(.data)
    g_sysmenu1000                            0x4000127c   Data           4  main.o(.data)
    g_sysmenu2000                            0x40001280   Data           4  main.o(.data)
    g_sysmenu3000                            0x40001284   Data           4  main.o(.data)
    g_sysmenu4000                            0x40001288   Data           4  main.o(.data)
    g_sysmenu1100                            0x4000128c   Data           4  main.o(.data)
    g_sysmenu1200                            0x40001290   Data           4  main.o(.data)
    g_sysmenu1300                            0x40001294   Data           4  main.o(.data)
    g_sysmenu1400                            0x40001298   Data           4  main.o(.data)
    g_sysmenu1500                            0x4000129c   Data           4  main.o(.data)
    g_sysmenu1600                            0x400012a0   Data           4  main.o(.data)
    g_sysmenu1700                            0x400012a4   Data           4  main.o(.data)
    g_sysmenu1800                            0x400012a8   Data           4  main.o(.data)
    g_sysmenu1900                            0x400012ac   Data           4  main.o(.data)
    g_sysmenu1110                            0x400012b0   Data           4  main.o(.data)
    g_sysmenu1120                            0x400012b4   Data           4  main.o(.data)
    g_sysmenu2100                            0x400012b8   Data           4  main.o(.data)
    g_sysmenu2200                            0x400012bc   Data           4  main.o(.data)
    g_sysmenu2300                            0x400012c0   Data           4  main.o(.data)
    g_sysmenu2400                            0x400012c4   Data           4  main.o(.data)
    g_sysmenu2500                            0x400012c8   Data           4  main.o(.data)
    g_sysmenu2600                            0x400012cc   Data           4  main.o(.data)
    g_sysmenu2700                            0x400012d0   Data           4  main.o(.data)
    g_sysmenu2800                            0x400012d4   Data           4  main.o(.data)
    g_sysmenu2900                            0x400012d8   Data           4  main.o(.data)
    g_sysmenu2110                            0x400012dc   Data           4  main.o(.data)
    g_sysmenu3100                            0x400012e0   Data           4  main.o(.data)
    g_sysmenu3200                            0x400012e4   Data           4  main.o(.data)
    g_sysmenu3300                            0x400012e8   Data           4  main.o(.data)
    g_sysmenu3400                            0x400012ec   Data           4  main.o(.data)
    g_sysmenu3500                            0x400012f0   Data           4  main.o(.data)
    g_sysmenu3600                            0x400012f4   Data           4  main.o(.data)
    g_sysmenu3700                            0x400012f8   Data           4  main.o(.data)
    g_sysmenu3800                            0x400012fc   Data           4  main.o(.data)
    g_sysmenu3900                            0x40001300   Data           4  main.o(.data)
    g_sysmenu3110                            0x40001304   Data           4  main.o(.data)
    g_sysmenu4100                            0x40001308   Data           4  main.o(.data)
    g_sysmenu4200                            0x4000130c   Data           4  main.o(.data)
    g_sysmenu4300                            0x40001310   Data           4  main.o(.data)
    g_sysmenu4400                            0x40001314   Data           4  main.o(.data)
    g_sysmenu4500                            0x40001318   Data           4  main.o(.data)
    g_sysmenu4600                            0x4000131c   Data           4  main.o(.data)
    g_sysmenu4700                            0x40001320   Data           4  main.o(.data)
    g_sysmenu4800                            0x40001324   Data           4  main.o(.data)
    g_sysmenu4900                            0x40001328   Data           4  main.o(.data)
    g_sysmenu4110                            0x4000132c   Data           4  main.o(.data)
    g_sysmenu4120                            0x40001330   Data           4  main.o(.data)
    g_sysmenu2201                            0x40001334   Data           4  main.o(.data)
    g_sysmenu2202                            0x40001338   Data           4  main.o(.data)
    g_sysmenu2203                            0x4000133c   Data           4  main.o(.data)
    g_sysmenu2204                            0x40001340   Data           4  main.o(.data)
    g_sysmenu2205                            0x40001344   Data           4  main.o(.data)
    g_sysmenu2206                            0x40001348   Data           4  main.o(.data)
    g_sysmenu2207                            0x4000134c   Data           4  main.o(.data)
    g_sysmenu2208                            0x40001350   Data           4  main.o(.data)
    g_sysmenu2209                            0x40001354   Data           4  main.o(.data)
    g_sysmenu22010                           0x40001358   Data           4  main.o(.data)
    g_sysmenu22011                           0x4000135c   Data           4  main.o(.data)
    g_sysmenu2301                            0x40001360   Data           4  main.o(.data)
    g_sysmenu2302                            0x40001364   Data           4  main.o(.data)
    g_sysmenu2303                            0x40001368   Data           4  main.o(.data)
    g_sysmenu2304                            0x4000136c   Data           4  main.o(.data)
    g_sysmenu2305                            0x40001370   Data           4  main.o(.data)
    g_sysmenu2306                            0x40001374   Data           4  main.o(.data)
    g_sysmenu2307                            0x40001378   Data           4  main.o(.data)
    g_sysmenu2308                            0x4000137c   Data           4  main.o(.data)
    g_sysmenu2501                            0x40001380   Data           4  main.o(.data)
    g_sysmenu2502                            0x40001384   Data           4  main.o(.data)
    g_sysmenu2503                            0x40001388   Data           4  main.o(.data)
    g_sysmenu2801                            0x4000138c   Data           4  main.o(.data)
    g_sysmenu2802                            0x40001390   Data           4  main.o(.data)
    g_sysmenu2803                            0x40001394   Data           4  main.o(.data)
    g_sysmenu2804                            0x40001398   Data           4  main.o(.data)
    g_sysmenu21101                           0x4000139c   Data           4  main.o(.data)
    g_sysmenu21102                           0x400013a0   Data           4  main.o(.data)
    g_sysmenu21103                           0x400013a4   Data           4  main.o(.data)
    g_sysmenu3601                            0x400013a8   Data           4  main.o(.data)
    g_sysmenu3602                            0x400013ac   Data           4  main.o(.data)
    g_sysmenu3801                            0x400013b0   Data           4  main.o(.data)
    g_sysmenu3802                            0x400013b4   Data           4  main.o(.data)
    g_sysmenu4301                            0x400013b8   Data           4  main.o(.data)
    g_sysmenu4302                            0x400013bc   Data           4  main.o(.data)
    g_sysmenu43021                           0x400013c0   Data           4  main.o(.data)
    g_sysmenu43022                           0x400013c4   Data           4  main.o(.data)
    g_sysmenu43023                           0x400013c8   Data           4  main.o(.data)
    g_sysmenu43024                           0x400013cc   Data           4  main.o(.data)
    g_sysmenu4701                            0x400013d0   Data           4  main.o(.data)
    g_sysmenu4702                            0x400013d4   Data           4  main.o(.data)
    g_sysmenu4703                            0x400013d8   Data           4  main.o(.data)
    g_sysmenu4704                            0x400013dc   Data           4  main.o(.data)
    g_sysmenu4801                            0x400013e0   Data           4  main.o(.data)
    g_sysmenu4802                            0x400013e4   Data           4  main.o(.data)
    g_sysmenu4803                            0x400013e8   Data           4  main.o(.data)
    g_sysmenu4804                            0x400013ec   Data           4  main.o(.data)
    g_sysmenu2100object_name                 0x400013f0   Data           4  main.o(.data)
    g_sysmenu2200object_name                 0x400013f4   Data           4  main.o(.data)
    g_sysmenu4100time                        0x400013f8   Data           8  main.o(.data)
    g_mMySiteShowMode                        0x40001400   Data           1  main.o(.data)
    g_sysmenu4300sitetitle                   0x40001401   Data           1  main.o(.data)
    g_sysmenu2100object_nameEn               0x40001404   Data           4  main.o(.data)
    g_sysmenu2200object_nameEn               0x40001408   Data           4  main.o(.data)
    g_sysmenu4100timeEn                      0x4000140c   Data           8  main.o(.data)
    g_sysmenu4300sitetitleEn                 0x40001414   Data           1  main.o(.data)
    g_mBestStarNum                           0x40001415   Data           1  main.o(.data)
    g_mRaDecMode                             0x40001416   Data           1  main.o(.data)
    g_mMoonPhaseYear                         0x40001418   Data           4  main.o(.data)
    g_mMoonPhaseMonth                        0x4000141c   Data           4  main.o(.data)
    g_mWeatherShowMode                       0x40001420   Data           1  main.o(.data)
    g_mShowMenurowEn                         0x40001421   Data           1  main.o(.data)
    g_mShowMenurowCn                         0x40001422   Data           1  main.o(.data)
    g_mShowMenucolumn                        0x40001423   Data           1  main.o(.data)
    g_mshowed1                               0x40001424   Data           4  main.o(.data)
    g_mshowed2                               0x40001428   Data           4  main.o(.data)
    g_mbacklight                             0x4000142c   Data           1  main.o(.data)
    g_mMenuLangauge                          0x4000142d   Data           1  main.o(.data)
    g_mShowLangauge                          0x4000142e   Data           1  main.o(.data)
    g_mCapsLock                              0x4000142f   Data           1  main.o(.data)
    g_mKeyTurn                               0x40001430   Data           1  main.o(.data)
    g_mHandControlTelescope                  0x40001431   Data           1  main.o(.data)
    position                                 0x40001434   Data           4  main.o(.data)
    g_mUsedStarNum                           0x40001438   Data           1  main.o(.data)
    g_mUsedStarNumMax                        0x40001439   Data           1  main.o(.data)
    g_mUsedStarRa                            0x4000143c   Data           4  main.o(.data)
    g_mUsedStarDec                           0x40001440   Data           4  main.o(.data)
    g_mUsedStarRa_shi                        0x40001444   Data           4  main.o(.data)
    g_mUsedStarRa_fen                        0x40001448   Data           4  main.o(.data)
    g_mUsedStarRa_miao                       0x4000144c   Data           4  main.o(.data)
    g_mUsedStarDec_du                        0x40001450   Data           4  main.o(.data)
    g_mUsedStarDec_fen                       0x40001454   Data           4  main.o(.data)
    g_mUsedStarDec_miao                      0x40001458   Data           4  main.o(.data)
    g_mSysMenuShowDirect                     0x4000145c   Data           1  main.o(.data)
    g_testtemp                               0x4000145d   Data           1  main.o(.data)
    g_mObjTimer_sec                          0x40001460   Data           4  main.o(.data)
    BuzCnt                                   0x40001464   Data           4  main.o(.data)
    BuzMode                                  0x40001468   Data           1  main.o(.data)
    g_mObjAlarm_Time                         0x40001469   Data           1  main.o(.data)
    g_mObjAlarm_shi                          0x4000146c   Data           4  main.o(.data)
    g_mObjAlarm_fen                          0x40001470   Data           4  main.o(.data)
    g_mObjAlarm_miao                         0x40001474   Data           4  main.o(.data)
    g_mObjAlarm_open                         0x40001478   Data           1  main.o(.data)
    g_mObjM_MF                               0x4000147c   Data           4  main.o(.data)
    g_mObjM_SF                               0x40001480   Data           4  main.o(.data)
    g_mObjM_Multi                            0x40001484   Data           4  main.o(.data)
    g_mflashlight                            0x40001488   Data           1  main.o(.data)
    g_mVir_BL                                0x4000148c   Data           4  main.o(.data)
    g_mbattery_alarm                         0x40001490   Data           1  main.o(.data)
    Nationnum_temp                           0x40001491   Data           1  main.o(.data)
    Citynum_temp                             0x40001492   Data           1  main.o(.data)
    Nationnum                                0x40001493   Data           1  main.o(.data)
    Citynum                                  0x40001494   Data           1  main.o(.data)
    Custom_flag                              0x40001495   Data           1  main.o(.data)
    CustomCityNum                            0x40001496   Data           1  main.o(.data)
    CustomStarNum                            0x40001498   Data           2  main.o(.data)
    CustomLandmarkNum                        0x4000149a   Data           1  main.o(.data)
    CustomCityNum_temp                       0x4000149b   Data           1  main.o(.data)
    CustomStarNum_temp                       0x4000149c   Data           2  main.o(.data)
    CustomLandmarkNum_temp                   0x4000149e   Data           1  main.o(.data)
    CustomCityNum_set                        0x4000149f   Data           1  main.o(.data)
    CustomStarNum_set                        0x400014a0   Data           2  main.o(.data)
    g_mMyStarShowMode                        0x400014a2   Data           1  main.o(.data)
    g_mMyLandmarkShowMode                    0x400014a3   Data           1  main.o(.data)
    g_mMyLandmarkOperator                    0x400014a4   Data           1  main.o(.data)
    g_mMyStarOperator                        0x400014a5   Data           1  main.o(.data)
    g_mShowLandmarkMenurow                   0x400014a6   Data           1  main.o(.data)
    sec_intr_counter                         0x400014a7   Data           1  main.o(.data)
    StarName                                 0x400014a8   Data           8  main.o(.data)
    ra_float                                 0x400014b0   Data           4  main.o(.data)
    dec_float                                0x400014b4   Data           4  main.o(.data)
    ra_byte                                  0x400014b8   Data           3  main.o(.data)
    dec_byte                                 0x400014bb   Data           4  main.o(.data)
    LandMarkName                             0x400014bf   Data           8  main.o(.data)
    az_float                                 0x400014c8   Data           4  main.o(.data)
    alt_float                                0x400014cc   Data           4  main.o(.data)
    az_byte                                  0x400014d0   Data           6  main.o(.data)
    alt_byte                                 0x400014d6   Data           3  main.o(.data)
    gstrlineEn1                              0x400014dc   Data           4  main.o(.data)
    gstrlineEn2                              0x400014e0   Data           4  main.o(.data)
    gstrlineEn3                              0x400014e4   Data           4  main.o(.data)
    gstrlineEn4                              0x400014e8   Data           4  main.o(.data)
    gstrlineEn5                              0x400014ec   Data           4  main.o(.data)
    gstrlineEn6                              0x400014f0   Data           4  main.o(.data)
    gstrlineEn7                              0x400014f4   Data           4  main.o(.data)
    gstrlineEn8                              0x400014f8   Data           4  main.o(.data)
    gstrlineEn9                              0x400014fc   Data           4  main.o(.data)
    gstrlineEn11                             0x40001500   Data           4  main.o(.data)
    gstrlineEn12                             0x40001504   Data           4  main.o(.data)
    gstrlineEn13                             0x40001508   Data           4  main.o(.data)
    gstrlineEn14                             0x4000150c   Data           4  main.o(.data)
    gstrlineEn15                             0x40001510   Data           4  main.o(.data)
    gstrlineEn16                             0x40001514   Data           4  main.o(.data)
    gstrlineCn1                              0x40001518   Data           4  main.o(.data)
    gstrlineCn2                              0x4000151c   Data           4  main.o(.data)
    gstrlineCn3                              0x40001520   Data           4  main.o(.data)
    gstrlineCn4                              0x40001524   Data           4  main.o(.data)
    sendpos                                  0x40001528   Data           4  main.o(.data)
    sendspd                                  0x4000152c   Data           4  main.o(.data)
    sendspda                                 0x40001530   Data           4  main.o(.data)
    sendspde                                 0x40001534   Data           4  main.o(.data)
    dg_mApos                                 0x40001538   Data           8  main.o(.data)
    dg_mZpos                                 0x40001540   Data           8  main.o(.data)
    ddg_mApos                                0x40001548   Data           8  main.o(.data)
    ddg_mZpos                                0x40001550   Data           8  main.o(.data)
    dg_mApos_syn                             0x40001558   Data           8  main.o(.data)
    dg_mZpos_syn                             0x40001560   Data           8  main.o(.data)
    g_mTelGoHome                             0x40001568   Data           1  main.o(.data)
    mtest0                                   0x40001570   Data           8  main.o(.data)
    mtest1                                   0x40001578   Data           8  main.o(.data)
    mtesta0                                  0x40001580   Data           8  main.o(.data)
    mtestz0                                  0x40001588   Data           8  main.o(.data)
    mtesta1                                  0x40001590   Data           8  main.o(.data)
    mtestz1                                  0x40001598   Data           8  main.o(.data)
    mtesta2                                  0x400015a0   Data           8  main.o(.data)
    mtestz2                                  0x400015a8   Data           8  main.o(.data)
    mtesta3                                  0x400015b0   Data           8  main.o(.data)
    mtestz3                                  0x400015b8   Data           8  main.o(.data)
    g_mTempTelEpos                           0x400015c0   Data           8  main.o(.data)
    g_mGotoBeep                              0x400015c8   Data           1  main.o(.data)
    g_mgwt                                   0x400015d0   Data           8  main.o(.data)
    g_mAlignStarNum                          0x400015d8   Data           1  main.o(.data)
    g_mLandMark                              0x400015d9   Data           1  main.o(.data)
    g_mLandObjAzi                            0x400015dc   Data           4  main.o(.data)
    g_mLandObjAlt                            0x400015e0   Data           4  main.o(.data)
    g_mPointNewStar                          0x400015e4   Data           1  main.o(.data)
    g_RecentRa                               0x400015e8   Data           4  main.o(.data)
    g_RecentDec                              0x400015ec   Data           4  main.o(.data)
    g_mTelRABack                             0x400015f0   Data           8  main.o(.data)
    g_mTelDecBack                            0x400015f8   Data           8  main.o(.data)
    g_mTelRALastPos                          0x40001600   Data           8  main.o(.data)
    g_mTelRANextPos                          0x40001608   Data           8  main.o(.data)
    g_mTelDecLastPos                         0x40001610   Data           8  main.o(.data)
    g_mTelDecNextPos                         0x40001618   Data           8  main.o(.data)
    raspd                                    0x40001620   Data           4  main.o(.data)
    loopi                                    0x40001624   Data           1  main.o(.data)
    g_mKeyHit                                0x40001625   Data           1  main.o(.data)
    SkyMapRa                                 0x40001628   Data           4  main.o(.data)
    SkyMapDec                                0x4000162c   Data           4  main.o(.data)
    CurrentRa                                0x40001630   Data           4  main.o(.data)
    CurrentDec                               0x40001634   Data           4  main.o(.data)
    SkyMapFlag                               0x40001638   Data           1  main.o(.data)
    Sun_ra                                   0x40001640   Data           8  main.o(.data)
    Sun_dec                                  0x40001648   Data           8  main.o(.data)
    Moon_ra                                  0x40001650   Data           8  main.o(.data)
    Moon_dec                                 0x40001658   Data           8  main.o(.data)
    Mercury_ra                               0x40001660   Data           8  main.o(.data)
    Mercury_dec                              0x40001668   Data           8  main.o(.data)
    Venus_ra                                 0x40001670   Data           8  main.o(.data)
    Venus_dec                                0x40001678   Data           8  main.o(.data)
    Mars_ra                                  0x40001680   Data           8  main.o(.data)
    Mars_dec                                 0x40001688   Data           8  main.o(.data)
    Jupiter_ra                               0x40001690   Data           8  main.o(.data)
    Jupiter_dec                              0x40001698   Data           8  main.o(.data)
    Saturn_ra                                0x400016a0   Data           8  main.o(.data)
    Saturn_dec                               0x400016a8   Data           8  main.o(.data)
    Uranus_ra                                0x400016b0   Data           8  main.o(.data)
    Uranus_dec                               0x400016b8   Data           8  main.o(.data)
    Neptune_ra                               0x400016c0   Data           8  main.o(.data)
    Neptune_dec                              0x400016c8   Data           8  main.o(.data)
    g_mSendToSkymap                          0x400016d0   Data           1  main.o(.data)
    rcv_databuf0                             0x400016d8   Data          10  main.o(.bss)
    rcv_databuf1                             0x400016e2   Data          10  main.o(.bss)
    g_sysmenu4100date                        0x400016ec   Data          10  main.o(.bss)
    g_sysmenu4800raspeed                     0x400016f6   Data          16  main.o(.bss)
    g_sysmenu4800raspeedEn                   0x40001706   Data          16  main.o(.bss)
    g_sysmenu4100dateEn                      0x40001716   Data          10  main.o(.bss)
    g_mNowBestObject                         0x40001720   Data         240  main.o(.bss)
    BestObjectName                           0x40001810   Data         300  main.o(.bss)
    AlignStarName                            0x4000193c   Data         100  main.o(.bss)
    gstrtemp1                                0x400019a0   Data          20  main.o(.bss)
    gstrtemp2                                0x400019b4   Data          20  main.o(.bss)
    gstrtemp3                                0x400019c8   Data          20  main.o(.bss)
    gstrtemp4                                0x400019dc   Data          20  main.o(.bss)
    gstrtemp5                                0x400019f0   Data          20  main.o(.bss)
    gstrtemp6                                0x40001a04   Data          20  main.o(.bss)
    gstrtemp7                                0x40001a18   Data          20  main.o(.bss)
    gstrtemp8                                0x40001a2c   Data          20  main.o(.bss)
    gstrtemp9                                0x40001a40   Data          20  main.o(.bss)
    g_mGoto                                  0x40001a58   Data         584  main.o(.bss)
    g_mTelError                              0x40001ca0   Data          48  main.o(.bss)
    m_nLocation                              0x40001cd0   Data          16  main.o(.bss)
    m_nStarRAD                               0x40001ce0   Data          32  main.o(.bss)
    m_nStarAZ                                0x40001d00   Data          72  main.o(.bss)
    g_mTelPeriodErrorA                       0x40001d48   Data         800  main.o(.bss)
    g_mTelPeriodErrorE                       0x40002068   Data         800  main.o(.bss)
    g_mStarAlign                             0x40002388   Data          80  main.o(.bss)
    __libspace_start                         0x400023d8   Data          96  libspace.o(.bss)
    __temporary_stack_top_libspace           0x40002438   Data           0  libspace.o(.bss)


================================================================================

Memory Map of the image

  Image Entry point : 0x00000120

  Load Region LR_IROM1 (Base: 0x00000000, Size: 0x00042c80, Max: 0x00080000, ABSOLUTE, COMPRESSED[0x00041f6c])

    Execution Region ER_IROM1 (Base: 0x00000000, Size: 0x000415ac, Max: 0x00080000, ABSOLUTE)

    Base Addr    Size         Type   Attr      Idx    E Section Name        Object

    0x00000000   0x00000120   Code   RO            3    RESET               startup.o
    0x00000120   0x00000008   Code   RO          143  * !!!main             __main.o(c_t.l)
    0x00000128   0x0000003c   Code   RO          495    !!!scatter          __scatter.o(c_t.l)
    0x00000164   0x00000060   Code   RO          493    !!dclz77c           __dclz77c.o(c_t.l)
    0x000001c4   0x0000002c   Code   RO          497    !!handler_zi        __scatter_zi.o(c_t.l)
    0x000001f0   0x00000004   Ven    RO          373    .emb_text           lib_init.o(c_t.l)
    0x000001f4   0x00000010   Code   RO          373    .emb_text           lib_init.o(c_t.l)
    0x00000204   0x00000020   Code   RO            4    .text               startup.o
    0x00000224   0x00039ac4   Code   RO           12    .text               main.o
    0x00039ce8   0x000002f8   Code   RO          106    .text               __printf.o(c_t.l)
    0x00039fe0   0x00000054   Code   RO          109    .text               _printf_pad.o(c_t.l)
    0x0003a034   0x0000005e   Code   RO          111    .text               _printf_str.o(c_t.l)
    0x0003a092   0x00000002   PAD
    0x0003a094   0x00000074   Code   RO          113    .text               _printf_dec.o(c_t.l)
    0x0003a108   0x00000008   Ven    RO          115    .text               __0sprintf.o(c_t.l)
    0x0003a110   0x0000002c   Code   RO          115    .text               __0sprintf.o(c_t.l)
    0x0003a13c   0x00000008   Ven    RO          117    .text               atoi.o(c_t.l)
    0x0003a144   0x0000001e   Code   RO          117    .text               atoi.o(c_t.l)
    0x0003a162   0x00000156   Code   RO          119    .text               _scanf_longlong.o(c_t.l)
    0x0003a2b8   0x00000064   Code   RO          121    .text               rt_memcpy_w.o(c_t.l)
    0x0003a31c   0x00000008   Ven    RO          123    .text               strlen.o(c_t.l)
    0x0003a324   0x00000048   Code   RO          123    .text               strlen.o(c_t.l)
    0x0003a36c   0x00000004   Ven    RO          125    .text               aeabi_sdiv.o(c_t.l)
    0x0003a370   0x00000180   Code   RO          125    .text               aeabi_sdiv.o(c_t.l)
    0x0003a4f0   0x00000040   Code   RO          141    .text               stkheap2.o(c_t.l)
    0x0003a530   0x00000068   Code   RO          230    .text               kernel.o(c_t.l)
    0x0003a598   0x00000060   Code   RO          233    .text               sys_stackheap_outer.o(c_t.l)
    0x0003a5f8   0x00000004   Ven    RO          242    .text               rt_errno_addr_intlibspace.o(c_t.l)
    0x0003a5fc   0x00000010   Code   RO          242    .text               rt_errno_addr_intlibspace.o(c_t.l)
    0x0003a60c   0x00000010   Code   RO          247    .text               rt_stackheap_storage_intlibspace.o(c_t.l)
    0x0003a61c   0x00000004   Ven    RO          249    .text               llmul.o(c_t.l)
    0x0003a620   0x0000001c   Code   RO          249    .text               llmul.o(c_t.l)
    0x0003a63c   0x00000008   Ven    RO          251    .text               _rserrno.o(c_t.l)
    0x0003a644   0x0000001a   Code   RO          251    .text               _rserrno.o(c_t.l)
    0x0003a65e   0x000000a8   Code   RO          253    .text               _printf_intcommon.o(c_t.l)
    0x0003a706   0x00000002   PAD
    0x0003a708   0x000004a0   Code   RO          255    .text               _printf_fp_dec.o(c_t.l)
    0x0003aba8   0x00000034   Code   RO          257    .text               _printf_char_common.o(c_t.l)
    0x0003abdc   0x0000000a   Code   RO          259    .text               _sputc.o(c_t.l)
    0x0003abe6   0x00000022   Code   RO          261    .text               _chval.o(c_t.l)
    0x0003ac08   0x00000008   Ven    RO          263    .text               strtod.o(c_t.l)
    0x0003ac10   0x000000ac   Code   RO          263    .text               strtod.o(c_t.l)
    0x0003acbc   0x00000074   Code   RO          265    .text               strtol.o(c_t.l)
    0x0003ad30   0x00000004   Ven    RO          267    .text               rtudiv10.o(c_t.l)
    0x0003ad34   0x0000002c   Code   RO          267    .text               rtudiv10.o(c_t.l)
    0x0003ad60   0x00000010   Code   RO          296    .text               callvia.o(h_t.l)
    0x0003ad70   0x00000018   Code   RO          315    .text               sys_exit.o(c_t.l)
    0x0003ad88   0x0000000c   Code   RO          317    .text               libspace.o(c_t.l)
    0x0003ad94   0x00000004   Ven    RO          322    .text               rt_ctype_table.o(c_t.l)
    0x0003ad98   0x00000018   Code   RO          322    .text               rt_ctype_table.o(c_t.l)
    0x0003adb0   0x00000004   Ven    RO          327    .text               rt_locale_intlibspace.o(c_t.l)
    0x0003adb4   0x00000010   Code   RO          327    .text               rt_locale_intlibspace.o(c_t.l)
    0x0003adc4   0x00000004   Ven    RO          329    .text               lludiv10.o(c_t.l)
    0x0003adc8   0x000000a0   Code   RO          329    .text               lludiv10.o(c_t.l)
    0x0003ae68   0x00000016   Code   RO          331    .text               isspace.o(c_t.l)
    0x0003ae7e   0x00000002   PAD
    0x0003ae80   0x000000c8   Code   RO          333    .text               bigflt0.o(c_t.l)
    0x0003af48   0x00000020   Code   RO          358    .text               _printf_outstr_char.o(c_t.l)
    0x0003af68   0x0000000a   Code   RO          360    .text               _printf_input_char.o(c_t.l)
    0x0003af72   0x00000046   Code   RO          362    .text               sgetc.o(c_t.l)
    0x0003afb8   0x000000a6   Code   RO          364    .text               _strtoul.o(c_t.l)
    0x0003b05e   0x0000000c   Code   RO          369    .text               exit.o(c_t.l)
    0x0003b06a   0x00000002   PAD
    0x0003b06c   0x00000008   Ven    RO          374    .text               lib_init.o(c_t.l)
    0x0003b074   0x000000ce   Code   RO          374    .text               lib_init.o(c_t.l)
    0x0003b142   0x00000002   PAD
    0x0003b144   0x0000000c   Code   RO          379    .text               boardinit2.o(c_t.l)
    0x0003b150   0x00000010   Code   RO          381    .text               boardinit3.o(c_t.l)
    0x0003b160   0x00000004   Code   RO          401    .text               use_no_semi.o(c_t.l)
    0x0003b164   0x000004e2   Code   RO          403    .text               scanf_fp.o(c_t.l)
    0x0003b646   0x00000002   PAD
    0x0003b648   0x000000a0   Code   RO          412    .text               strcmp.o(c_t.l)
    0x0003b6e8   0x00000006   Code   RO          418    .text               no_argv.o(c_t.l)
    0x0003b6ee   0x00000002   PAD
    0x0003b6f0   0x00000010   Code   RO          431    .text               rt_fp_status_addr_intlibspace.o(c_t.l)
    0x0003b700   0x00000004   Ven    RO          455    .text               llmullu.o(h_t.l)
    0x0003b704   0x00000008   Code   RO          455    .text               llmullu.o(h_t.l)
    0x0003b70c   0x00000008   Ven    RO          465    .text               scanf_hexfp.o(c_t.l)
    0x0003b714   0x00000530   Code   RO          465    .text               scanf_hexfp.o(c_t.l)
    0x0003bc44   0x00000004   Ven    RO          479    .text               llshl.o(c_t.l)
    0x0003bc48   0x00000028   Code   RO          479    .text               llshl.o(c_t.l)
    0x0003bc70   0x0000001c   Code   RO          126    .text_udiv          aeabi_sdiv.o(c_t.l)
    0x0003bc8c   0x00000004   Ven    RO          336    CL$$btod_d2e        btod.o(c_t.l)
    0x0003bc90   0x00000038   Code   RO          336    CL$$btod_d2e        btod.o(c_t.l)
    0x0003bcc8   0x00000054   Code   RO          338    CL$$btod_d2e_denorm_low  btod.o(c_t.l)
    0x0003bd1c   0x00000068   Code   RO          337    CL$$btod_d2e_norm_op1  btod.o(c_t.l)
    0x0003bd84   0x0000034c   Code   RO          346    CL$$btod_div_common  btod.o(c_t.l)
    0x0003c0d0   0x00000064   Code   RO          344    CL$$btod_e2d        btod.o(c_t.l)
    0x0003c134   0x000000dc   Code   RO          343    CL$$btod_e2e        btod.o(c_t.l)
    0x0003c210   0x00000004   Ven    RO          340    CL$$btod_ediv       btod.o(c_t.l)
    0x0003c214   0x00000034   Code   RO          340    CL$$btod_ediv       btod.o(c_t.l)
    0x0003c248   0x00000004   Ven    RO          342    CL$$btod_edivd      btod.o(c_t.l)
    0x0003c24c   0x00000034   Code   RO          342    CL$$btod_edivd      btod.o(c_t.l)
    0x0003c280   0x00000004   Ven    RO          339    CL$$btod_emul       btod.o(c_t.l)
    0x0003c284   0x00000034   Code   RO          339    CL$$btod_emul       btod.o(c_t.l)
    0x0003c2b8   0x00000004   Ven    RO          341    CL$$btod_emuld      btod.o(c_t.l)
    0x0003c2bc   0x00000034   Code   RO          341    CL$$btod_emuld      btod.o(c_t.l)
    0x0003c2f0   0x00000268   Code   RO          345    CL$$btod_mult_common  btod.o(c_t.l)
    0x0003c558   0x0000000c   Ven    RO          533    Veneer$$Code        anon$$obj.o
    0x0003c564   0x00000008   Ven    RO          534    Veneer$$Code        anon$$obj.o
    0x0003c56c   0x00000008   Ven    RO          535    Veneer$$Code        anon$$obj.o
    0x0003c574   0x0000000c   Ven    RO          536    Veneer$$Code        anon$$obj.o
    0x0003c580   0x0000000c   Ven    RO          537    Veneer$$Code        anon$$obj.o
    0x0003c58c   0x0000000c   Ven    RO          538    Veneer$$Code        anon$$obj.o
    0x0003c598   0x0000000c   Ven    RO          539    Veneer$$Code        anon$$obj.o
    0x0003c5a4   0x00000030   Code   RO          422    i.__ARM_fpclassify  fpclassify.o(m_ts.l)
    0x0003c5d4   0x0000001c   Code   RO          486    i.__ARM_isfinite    ldexp.o(m_ts.l)
    0x0003c5f0   0x000004ac   Code   RO          302    i.__ieee754_rem_pio2  rred.o(m_ts.l)
    0x0003ca9c   0x00000190   Code   RO          297    i.__kernel_cos      cos_i.o(m_ts.l)
    0x0003cc2c   0x000000f8   Code   RO          300    i.__kernel_poly     poly.o(m_ts.l)
    0x0003cd24   0x00000178   Code   RO          305    i.__kernel_sin      sin_i.o(m_ts.l)
    0x0003ce9c   0x000003d0   Code   RO          312    i.__kernel_tan      tan_i.o(m_ts.l)
    0x0003d26c   0x00000004   Ven    RO          397    i.__mathlib_classify  classify.o(m_ts.l)
    0x0003d270   0x00000038   Code   RO          397    i.__mathlib_classify  classify.o(m_ts.l)
    0x0003d2a8   0x00000004   Ven    RO          461    i.__mathlib_narrow  narrow.o(m_ts.l)
    0x0003d2ac   0x00000024   Code   RO          461    i.__mathlib_narrow  narrow.o(m_ts.l)
    0x0003d2d0   0x000000e4   Code   RO          459    i.__mathlib_tofloat  narrow.o(m_ts.l)
    0x0003d3b4   0x00000004   Ven    RO          399    i.__support_dtoi    dtoi.o(m_ts.l)
    0x0003d3b8   0x00000060   Code   RO          399    i.__support_dtoi    dtoi.o(m_ts.l)
    0x0003d418   0x00000004   Ven    RO          457    i.__support_itod    itod.o(m_ts.l)
    0x0003d41c   0x0000000c   Code   RO          457    i.__support_itod    itod.o(m_ts.l)
    0x0003d428   0x00000004   Ven    RO          485    i.__support_ldexp   ldexp.o(m_ts.l)
    0x0003d42c   0x00000020   Code   RO          485    i.__support_ldexp   ldexp.o(m_ts.l)
    0x0003d44c   0x000003d8   Code   RO          209    i.acos              acos.o(m_ts.l)
    0x0003d824   0x00000050   Code   RO          214    i.atof              atof.o(m_ts.l)
    0x0003d874   0x000000ec   Code   RO          218    i.cos               cos.o(m_ts.l)
    0x0003d960   0x00000074   Code   RO          473    i.frexp             frexp.o(m_ts.l)
    0x0003d9d4   0x000000f0   Code   RO          483    i.ldexp             ldexp.o(m_ts.l)
    0x0003dac4   0x000000fc   Code   RO          222    i.sin               sin.o(m_ts.l)
    0x0003dbc0   0x00000078   Code   RO          308    i.sqrt              sqrt.o(m_ts.l)
    0x0003dc38   0x000000b0   Code   RO          226    i.tan               tan.o(m_ts.l)
    0x0003dce8   0x00000004   Ven    RO          367    locale$$code        lc_numeric_c.o(c_t.l)
    0x0003dcec   0x00000050   Code   RO          367    locale$$code        lc_numeric_c.o(c_t.l)
    0x0003dd3c   0x00000004   Ven    RO          406    locale$$code        lc_ctype_c.o(c_t.l)
    0x0003dd40   0x00000050   Code   RO          406    locale$$code        lc_ctype_c.o(c_t.l)
    0x0003dd90   0x000000ac   Code   RO          145    x$fpl$d2f           d2f.o(fz_ts.l)
    0x0003de3c   0x000001d4   Code   RO          147    x$fpl$dadd          daddsub_noclz.o(fz_ts.l)
    0x0003e010   0x00000010   Code   RO          270    x$fpl$dcheck        dcheck.o(fz_ts.l)
    0x0003e020   0x00000010   Code   RO          272    x$fpl$dcheck1       dcheck1.o(fz_ts.l)
    0x0003e030   0x00000080   Code   RO          274    x$fpl$dcmpinfnan    dcmpin.o(fz_ts.l)
    0x0003e0b0   0x00000064   Code   RO          282    x$fpl$dcmpinfnan    fcmpin.o(fz_ts.l)
    0x0003e114   0x000004c0   Code   RO          154    x$fpl$ddiv          ddiv.o(fz_ts.l)
    0x0003e5d4   0x00000088   Code   RO          197    x$fpl$deqf          deqf.o(fz_ts.l)
    0x0003e65c   0x000000b0   Code   RO          157    x$fpl$dfix          dfix.o(fz_ts.l)
    0x0003e70c   0x00000088   Code   RO          161    x$fpl$dfixu         dfixu.o(fz_ts.l)
    0x0003e794   0x00000058   Code   RO          166    x$fpl$dflt          dflt_noclz.o(fz_ts.l)
    0x0003e7ec   0x0000000c   Code   RO          165    x$fpl$dfltu         dflt_noclz.o(fz_ts.l)
    0x0003e7f8   0x00000088   Code   RO          199    x$fpl$dleqf         dleqf.o(fz_ts.l)
    0x0003e880   0x000001dc   Code   RO          169    x$fpl$dmul          dmul.o(fz_ts.l)
    0x0003ea5c   0x000001fc   Code   RO          391    x$fpl$drem          drem.o(fz_ts.l)
    0x0003ec58   0x000000a0   Code   RO          201    x$fpl$drleqf        drleqf.o(fz_ts.l)
    0x0003ecf8   0x00000018   Code   RO          148    x$fpl$drsb          daddsub_noclz.o(fz_ts.l)
    0x0003ed10   0x00000188   Code   RO          385    x$fpl$dsqrt         dsqrt.o(fz_ts.l)
    0x0003ee98   0x00000248   Code   RO          149    x$fpl$dsub          daddsub_noclz.o(fz_ts.l)
    0x0003f0e0   0x00000114   Code   RO          276    x$fpl$dunder        dunder.o(fz_ts.l)
    0x0003f1f4   0x00000064   Code   RO          171    x$fpl$f2d           f2d.o(fz_ts.l)
    0x0003f258   0x00000108   Code   RO          173    x$fpl$fadd          faddsub_noclz.o(fz_ts.l)
    0x0003f360   0x0000000c   Code   RO          278    x$fpl$fcheck        fcheck.o(fz_ts.l)
    0x0003f36c   0x0000000c   Code   RO          280    x$fpl$fcheck1       fcheck1.o(fz_ts.l)
    0x0003f378   0x000001e4   Code   RO          180    x$fpl$fdiv          fdiv.o(fz_ts.l)
    0x0003f55c   0x00000074   Code   RO          183    x$fpl$ffix          ffix.o(fz_ts.l)
    0x0003f5d0   0x00000060   Code   RO          187    x$fpl$ffixu         ffixu.o(fz_ts.l)
    0x0003f630   0x0000005c   Code   RO          192    x$fpl$fflt          fflt_noclz.o(fz_ts.l)
    0x0003f68c   0x00000008   Code   RO          191    x$fpl$ffltu         fflt_noclz.o(fz_ts.l)
    0x0003f694   0x00000078   Code   RO          203    x$fpl$fleqf         fleqf.o(fz_ts.l)
    0x0003f70c   0x00000108   Code   RO          195    x$fpl$fmul          fmul.o(fz_ts.l)
    0x0003f814   0x00000094   Code   RO          284    x$fpl$fnorm2        fnorm2_noclz.o(fz_ts.l)
    0x0003f8a8   0x00000004   Ven    RO          420    x$fpl$fpinit        fpinit.o(fz_ts.l)
    0x0003f8ac   0x00000018   Code   RO          420    x$fpl$fpinit        fpinit.o(fz_ts.l)
    0x0003f8c4   0x00000084   Code   RO          205    x$fpl$frleqf        frleqf.o(fz_ts.l)
    0x0003f948   0x00000014   Code   RO          174    x$fpl$frsb          faddsub_noclz.o(fz_ts.l)
    0x0003f95c   0x00000168   Code   RO          175    x$fpl$fsub          faddsub_noclz.o(fz_ts.l)
    0x0003fac4   0x00000090   Code   RO          286    x$fpl$funder        funder.o(fz_ts.l)
    0x0003fb54   0x00000004   Ven    RO          393    x$fpl$ieeestatus    istatus.o(fz_ts.l)
    0x0003fb58   0x00000008   Code   RO          393    x$fpl$ieeestatus    istatus.o(fz_ts.l)
    0x0003fb60   0x00000004   Ven    RO          207    x$fpl$printf1       printf1.o(fz_ts.l)
    0x0003fb64   0x00000004   Code   RO          207    x$fpl$printf1       printf1.o(fz_ts.l)
    0x0003fb68   0x00000074   Code   RO          387    x$fpl$retnan        retnan.o(fz_ts.l)
    0x0003fbdc   0x0000006c   Code   RO          291    x$fpl$scalbn        scalbn_noclz.o(fz_ts.l)
    0x0003fc48   0x00000004   Ven    RO          395    x$fpl$scanf1        scanf1.o(fz_ts.l)
    0x0003fc4c   0x00000004   Code   RO          395    x$fpl$scanf1        scanf1.o(fz_ts.l)
    0x0003fc50   0x00000004   Ven    RO          449    x$fpl$scanf2        scanf2.o(fz_ts.l)
    0x0003fc54   0x00000008   Code   RO          449    x$fpl$scanf2        scanf2.o(fz_ts.l)
    0x0003fc5c   0x0000003c   Code   RO          389    x$fpl$trapveneer    trapv.o(fz_ts.l)
    0x0003fc98   0x00000000   Code   RO          269    x$fpl$usenofp       usenofp.o(fz_ts.l)
    0x0003fc98   0x00001544   Data   RO           14    .constdata          main.o
    0x000411dc   0x00000011   Data   RO          107    .constdata          __printf.o(c_t.l)
    0x000411ed   0x00000003   PAD
    0x000411f0   0x00000050   Data   RO          211    .constdata          acos.o(m_ts.l)
    0x00041240   0x00000030   Data   RO          298    .constdata          cos_i.o(m_ts.l)
    0x00041270   0x000000c0   Data   RO          303    .constdata          rred.o(m_ts.l)
    0x00041330   0x00000028   Data   RO          306    .constdata          sin_i.o(m_ts.l)
    0x00041358   0x00000060   Data   RO          313    .constdata          tan_i.o(m_ts.l)
    0x000413b8   0x00000094   Data   RO          334    .constdata          bigflt0.o(c_t.l)
    0x0004144c   0x00000004   PAD
    0x00041450   0x00000008   Data   RO          491    .constdata          qnan.o(m_ts.l)
    0x00041458   0x00000020   Data   RO          492    Region$$Table       anon$$obj.o
    0x00041478   0x00000008   Data   RO          445    c$$dinf             fpconst.o(fz_ts.l)
    0x00041480   0x0000001c   Data   RO          366    locale$$data        lc_numeric_c.o(c_t.l)
    0x0004149c   0x00000110   Data   RO          405    locale$$data        lc_ctype_c.o(c_t.l)


    Execution Region RW_IRAM1 (Base: 0x40000000, Size: 0x000028c0, Max: 0x00008000, ABSOLUTE, COMPRESSED[0x000009c0])

    Base Addr    Size         Type   Attr      Idx    E Section Name        Object

    0x40000000   0x000016d1   Data   RW           13    .data               main.o
    0x400016d1   0x00000007   PAD
    0x400016d8   0x00000d00   Zero   RW           15    .bss                main.o
    0x400023d8   0x00000060   Zero   RW          318    .bss                libspace.o(c_t.l)
    0x40002438   0x00000000   Zero   RW            2    HEAP                startup.o
    0x40002438   0x00000488   Zero   RW            1    STACK               startup.o


================================================================================

Image component sizes


      Code (inc. data)   RO Data    RW Data    ZI Data      Debug   Object Name

    236228      14320       5444       5841       3328     175871   main.o
       320         64          0          0       1160        408   startup.o

    ------------------------------------------------------------------------
    236624      14404       5476       5844       4492     176280   Object Totals
        76         20         32          0          0          0   (incl. Generated)
         0          0          0          3          4          1   (incl. Padding)

    ------------------------------------------------------------------------

      Code (inc. data)   RO Data    RW Data    ZI Data      Debug   Library Member Name

        52          4          0          0          0          0   __0sprintf.o
        96          2          0          0          0          0   __dclz77c.o
         8          0          0          0          0          0   __main.o
       760          6         17          0          0          0   __printf.o
        60          8          0          0          0          0   __scatter.o
        44          0          0          0          0          0   __scatter_zi.o
        34          0          0          0          0          0   _chval.o
        52          8          0          0          0          0   _printf_char_common.o
       116         18          0          0          0          0   _printf_dec.o
      1184         30          0          0          0          0   _printf_fp_dec.o
        10          0          0          0          0          0   _printf_input_char.o
       168          0          0          0          0          0   _printf_intcommon.o
        32          0          0          0          0          0   _printf_outstr_char.o
        84          0          0          0          0          0   _printf_pad.o
        94          0          0          0          0          0   _printf_str.o
        34          0          0          0          0          0   _rserrno.o
       342          0          0          0          0          0   _scanf_longlong.o
        10          0          0          0          0          0   _sputc.o
       166          0          0          0          0          0   _strtoul.o
       984         84         80          0          0          0   acos.o
       416          0          0          0          0          0   aeabi_sdiv.o
        80          8          0          0          0          0   atof.o
        38          0          0          0          0          0   atoi.o
       200          4        148          0          0          0   bigflt0.o
        12          0          0          0          0          0   boardinit2.o
        16          0          0          0          0          0   boardinit3.o
      2252        132          0          0          0          0   btod.o
        16          0          0          0          0          0   callvia.o
        60          0          0          0          0          0   classify.o
       236         24          0          0          0          0   cos.o
       400         28         48          0          0          0   cos_i.o
       172          4          0          0          0          0   d2f.o
      1076         28          0          0          0          0   daddsub_noclz.o
        16          4          0          0          0          0   dcheck.o
        16          4          0          0          0          0   dcheck1.o
       128          0          0          0          0          0   dcmpin.o
      1216        144          0          0          0          0   ddiv.o
       136          4          0          0          0          0   deqf.o
       176          4          0          0          0          0   dfix.o
       136          4          0          0          0          0   dfixu.o
       100          0          0          0          0          0   dflt_noclz.o
       136          4          0          0          0          0   dleqf.o
       476         16          0          0          0          0   dmul.o
       508         12          0          0          0          0   drem.o
       160          4          0          0          0          0   drleqf.o
       392          8          0          0          0          0   dsqrt.o
       100          0          0          0          0          0   dtoi.o
       276          0          0          0          0          0   dunder.o
        12          0          0          0          0          0   exit.o
       100          4          0          0          0          0   f2d.o
       644          8          0          0          0          0   faddsub_noclz.o
        12          4          0          0          0          0   fcheck.o
        12          4          0          0          0          0   fcheck1.o
       100          0          0          0          0          0   fcmpin.o
       484         76          0          0          0          0   fdiv.o
       116          4          0          0          0          0   ffix.o
        96          4          0          0          0          0   ffixu.o
       100          0          0          0          0          0   fflt_noclz.o
       120          4          0          0          0          0   fleqf.o
       264          4          0          0          0          0   fmul.o
       148          0          0          0          0          0   fnorm2_noclz.o
        48          4          0          0          0          0   fpclassify.o
         0          0          8          0          0          0   fpconst.o
        28          0          0          0          0          0   fpinit.o
       116          4          0          0          0          0   frexp.o
       132          4          0          0          0          0   frleqf.o
       144          0          0          0          0          0   funder.o
        22          0          0          0          0          0   isspace.o
        12          0          0          0          0          0   istatus.o
        16          0          0          0          0          0   itod.o
       104          4          0          0          0          0   kernel.o
        84          8        272          0          0          0   lc_ctype_c.o
        84          8         28          0          0          0   lc_numeric_c.o
       304         24          0          0          0          0   ldexp.o
       234          4          0          0          0          0   lib_init.o
        12          4          0          0         96          0   libspace.o
        32          0          0          0          0          0   llmul.o
        12          0          0          0          0          0   llmullu.o
        44          0          0          0          0          0   llshl.o
       164          0          0          0          0          0   lludiv10.o
       268         20          0          0          0          0   narrow.o
         6          0          0          0          0          0   no_argv.o
       248          0          0          0          0          0   poly.o
         8          0          0          0          0          0   printf1.o
         0          0          8          0          0          0   qnan.o
       116          0          0          0          0          0   retnan.o
      1196        104        192          0          0          0   rred.o
        28          4          0          0          0          0   rt_ctype_table.o
        20          4          0          0          0          0   rt_errno_addr_intlibspace.o
        16          4          0          0          0          0   rt_fp_status_addr_intlibspace.o
        20          4          0          0          0          0   rt_locale_intlibspace.o
       100          0          0          0          0          0   rt_memcpy_w.o
        16          4          0          0          0          0   rt_stackheap_storage_intlibspace.o
        48          0          0          0          0          0   rtudiv10.o
       108          0          0          0          0          0   scalbn_noclz.o
         8          0          0          0          0          0   scanf1.o
        12          0          0          0          0          0   scanf2.o
      1250         24          0          0          0          0   scanf_fp.o
      1336         34          0          0          0          0   scanf_hexfp.o
        70          0          0          0          0          0   sgetc.o
       252         24          0          0          0          0   sin.o
       376         12         40          0          0          0   sin_i.o
       120         20          0          0          0          0   sqrt.o
        64          0          0          0          0          0   stkheap2.o
       160          4          0          0          0          0   strcmp.o
        80          4          0          0          0          0   strlen.o
       180         18          0          0          0          0   strtod.o
       116          4          0          0          0          0   strtol.o
        24          8          0          0          0          0   sys_exit.o
        96          0          0          0          0          0   sys_stackheap_outer.o
       176         24          0          0          0          0   tan.o
       976         64         96          0          0          0   tan_i.o
        60          0          0          0          0          0   trapv.o
         4          0          0          0          0          0   use_no_semi.o
         0          0          0          0          0          0   usenofp.o

    ------------------------------------------------------------------------
     24648       1156        944          0         96          0   Library Totals
        14          0          7          0          0          0   (incl. Padding)

    ------------------------------------------------------------------------

      Code (inc. data)   RO Data    RW Data    ZI Data      Debug   Library Name

     10706        356        465          0         96          0   c_t.l
      7944        356          8          0          0          0   fz_ts.l
        28          0          0          0          0          0   h_t.l
      5956        444        464          0          0          0   m_ts.l

    ------------------------------------------------------------------------
     24648       1156        944          0         96          0   Library Totals

    ------------------------------------------------------------------------

================================================================================


      Code (inc. data)   RO Data    RW Data    ZI Data      Debug   

    261272      15560       6420       5844       4588     176280   Grand Totals
    261272      15560       6420       2496       4588     176280   ELF Image Totals (compressed)
    261272      15560       6420       2496          0          0   ROM Totals

================================================================================

    Total RO  Size (Code + RO Data)               267692 ( 261.42kB)
    Total RW  Size (RW Data + ZI Data)             10432 (  10.19kB)
    Total ROM Size (Code + RO Data + RW Data)     270188 ( 263.86kB)

================================================================================

