Product: MDK-ARM Professional 5.10
Component: ARM Compiler 5.04 update 1 (build 49)
Tool: armlink [5040049]

==============================================================================

Section Cross References

    startup_stm32f10x_hd.o(RESET) refers to startup_stm32f10x_hd.o(STACK) for __initial_sp
    startup_stm32f10x_hd.o(RESET) refers to startup_stm32f10x_hd.o(.text) for Reset_Handler
    startup_stm32f10x_hd.o(RESET) refers to stm32f10x_it.o(.text) for NMI_Handler
    startup_stm32f10x_hd.o(.text) refers to system_stm32f10x.o(.text) for SystemInit
    startup_stm32f10x_hd.o(.text) refers to entry.o(.ARM.Collect$$$$00000000) for __main
    system_stm32f10x.o(.text) refers to system_stm32f10x.o(.data) for SystemCoreClock
    stm32f10x_adc.o(.text) refers to stm32f10x_rcc.o(.text) for RCC_APB2PeriphResetCmd
    stm32f10x_bkp.o(.text) refers to stm32f10x_rcc.o(.text) for RCC_BackupResetCmd
    stm32f10x_can.o(.text) refers to stm32f10x_rcc.o(.text) for RCC_APB1PeriphResetCmd
    stm32f10x_cec.o(.text) refers to stm32f10x_rcc.o(.text) for RCC_APB1PeriphResetCmd
    stm32f10x_dac.o(.text) refers to stm32f10x_rcc.o(.text) for RCC_APB1PeriphResetCmd
    stm32f10x_gpio.o(.text) refers to stm32f10x_rcc.o(.text) for RCC_APB2PeriphResetCmd
    stm32f10x_i2c.o(.text) refers to stm32f10x_rcc.o(.text) for RCC_APB1PeriphResetCmd
    stm32f10x_pwr.o(.text) refers to stm32f10x_rcc.o(.text) for RCC_APB1PeriphResetCmd
    stm32f10x_rcc.o(.text) refers to stm32f10x_rcc.o(.data) for APBAHBPrescTable
    stm32f10x_spi.o(.text) refers to stm32f10x_rcc.o(.text) for RCC_APB2PeriphResetCmd
    stm32f10x_tim.o(.text) refers to stm32f10x_rcc.o(.text) for RCC_APB2PeriphResetCmd
    stm32f10x_usart.o(.text) refers to stm32f10x_rcc.o(.text) for RCC_APB2PeriphResetCmd
    stm32f10x_wwdg.o(.text) refers to stm32f10x_rcc.o(.text) for RCC_APB1PeriphResetCmd
    main.o(.text) refers to stm32f10x_flash.o(.text) for FLASH_Unlock
    main.o(.text) refers to memcpya.o(.text) for __aeabi_memcpy
    main.o(.text) refers to strcpy.o(.text) for strcpy
    main.o(.text) refers to bsp_ds18b20.o(.text) for DS18B20_Get_Temp
    main.o(.text) refers to printfa.o(i.__0printf) for __2printf
    main.o(.text) refers to bsp_usart_blt.o(.text) for BLTUsart_SendString
    main.o(.text) refers to memseta.o(.text) for __aeabi_memclr
    main.o(.text) refers to printfa.o(i.__0sprintf) for __2sprintf
    main.o(.text) refers to stm32f10x_gpio.o(.text) for GPIO_ResetBits
    main.o(.text) refers to bsp_timbase.o(.text) for SetSpeedMoter
    main.o(.text) refers to main.o(.bss) for UD
    main.o(.text) refers to main.o(.data) for pBTName
    main.o(.text) refers to bsp_timecover.o(.text) for ControlCover
    main.o(.text) refers to atoi.o(.text) for atoi
    main.o(.text) refers to f2d.o(.text) for __aeabi_f2d
    main.o(.text) refers to bsp_led.o(.text) for LED_GPIO_Config
    main.o(.text) refers to bsp_systick.o(.text) for SysTick_Init
    main.o(.text) refers to bsp_usart.o(.text) for USART_Config
    main.o(.text) refers to exti44e.o(.text) for EXTI_44E_Config
    main.o(.text) refers to bsp_usart.o(.bss) for UART_RxBuffer
    main.o(.text) refers to bsp_usart_blt.o(.bss) for BLTUART_RxBuffer
    main.o(.data) refers to main.o(.conststring) for .conststring
    stm32f10x_it.o(.text) refers to stm32f10x_tim.o(.text) for TIM_GetITStatus
    stm32f10x_it.o(.text) refers to main.o(.text) for Halt
    stm32f10x_it.o(.text) refers to bsp_systick.o(.text) for TimingDelay_Decrement
    stm32f10x_it.o(.text) refers to stm32f10x_usart.o(.text) for USART_GetITStatus
    stm32f10x_it.o(.text) refers to stm32f10x_exti.o(.text) for EXTI_GetITStatus
    stm32f10x_it.o(.text) refers to main.o(.data) for bIsMoving
    stm32f10x_it.o(.text) refers to main.o(.bss) for uSCurve
    stm32f10x_it.o(.text) refers to bsp_usart.o(.bss) for UART_RxBuffer
    stm32f10x_it.o(.text) refers to bsp_usart.o(.data) for UART_RxPtr
    stm32f10x_it.o(.text) refers to stm32f10x_it.o(.data) for UART_RxPtr_Start
    stm32f10x_it.o(.text) refers to bsp_usart_blt.o(.bss) for BLTUART_RxBuffer
    stm32f10x_it.o(.text) refers to bsp_usart_blt.o(.data) for BLTUART_RxPtr
    bsp_systick.o(.text) refers to system_stm32f10x.o(.data) for SystemCoreClock
    bsp_systick.o(.text) refers to bsp_systick.o(.data) for TimingDelay
    bsp_usart.o(.text) refers to misc.o(.text) for NVIC_PriorityGroupConfig
    bsp_usart.o(.text) refers to stm32f10x_rcc.o(.text) for RCC_APB2PeriphClockCmd
    bsp_usart.o(.text) refers to stm32f10x_gpio.o(.text) for GPIO_Init
    bsp_usart.o(.text) refers to stm32f10x_usart.o(.text) for USART_Init
    bsp_usart.o(.text) refers to bsp_usart.o(.data) for UART_RxPtr
    bsp_usart.o(.text) refers to bsp_usart.o(.bss) for UART_RxBuffer
    bsp_usart_blt.o(.text) refers to misc.o(.text) for NVIC_PriorityGroupConfig
    bsp_usart_blt.o(.text) refers to stm32f10x_rcc.o(.text) for RCC_APB1PeriphClockCmd
    bsp_usart_blt.o(.text) refers to stm32f10x_gpio.o(.text) for GPIO_Init
[...]
    printf8.o(i.__0sprintf$8) refers to printf8.o(i._sputc) for _sputc
    printf8.o(i.__0vfprintf$8) refers to printf8.o(i._printf_core) for _printf_core
    printf8.o(i.__0vfprintf$8) refers to bsp_usart.o(.text) for fputc
    printf8.o(i.__0vprintf$8) refers to printf8.o(i._printf_core) for _printf_core
    printf8.o(i.__0vprintf$8) refers to bsp_usart.o(.text) for fputc
    printf8.o(i.__0vprintf$8) refers to stdout.o(.data) for __stdout
    printf8.o(i.__0vsnprintf$8) refers to printf8.o(i._printf_core) for _printf_core
    printf8.o(i.__0vsnprintf$8) refers to printf8.o(i._snputc) for _snputc
    printf8.o(i.__0vsprintf$8) refers to printf8.o(i._printf_core) for _printf_core
    printf8.o(i.__0vsprintf$8) refers to printf8.o(i._sputc) for _sputc
    printf8.o(i._printf_core) refers to printf8.o(i._printf_pre_padding) for _printf_pre_padding
    printf8.o(i._printf_core) refers to uldiv.o(.text) for __aeabi_uldivmod
    printf8.o(i._printf_core) refers to printf8.o(i._printf_post_padding) for _printf_post_padding
    printfa.o(i.__0fprintf) refers (Special) to iusefp.o(.text) for __I$use$fp
    printfa.o(i.__0fprintf) refers to printfa.o(i._printf_core) for _printf_core
    printfa.o(i.__0fprintf) refers to bsp_usart.o(.text) for fputc
    printfa.o(i.__0printf) refers (Special) to iusefp.o(.text) for __I$use$fp
    printfa.o(i.__0printf) refers to printfa.o(i._printf_core) for _printf_core
    printfa.o(i.__0printf) refers to bsp_usart.o(.text) for fputc
    printfa.o(i.__0printf) refers to stdout.o(.data) for __stdout
    printfa.o(i.__0snprintf) refers (Special) to iusefp.o(.text) for __I$use$fp
    printfa.o(i.__0snprintf) refers to printfa.o(i._printf_core) for _printf_core
    printfa.o(i.__0snprintf) refers to printfa.o(i._snputc) for _snputc
    printfa.o(i.__0sprintf) refers (Special) to iusefp.o(.text) for __I$use$fp
    printfa.o(i.__0sprintf) refers to printfa.o(i._printf_core) for _printf_core
    printfa.o(i.__0sprintf) refers to printfa.o(i._sputc) for _sputc
    printfa.o(i.__0vfprintf) refers (Special) to iusefp.o(.text) for __I$use$fp
    printfa.o(i.__0vfprintf) refers to printfa.o(i._printf_core) for _printf_core
    printfa.o(i.__0vfprintf) refers to bsp_usart.o(.text) for fputc
    printfa.o(i.__0vprintf) refers (Special) to iusefp.o(.text) for __I$use$fp
    printfa.o(i.__0vprintf) refers to printfa.o(i._printf_core) for _printf_core
    printfa.o(i.__0vprintf) refers to bsp_usart.o(.text) for fputc
    printfa.o(i.__0vprintf) refers to stdout.o(.data) for __stdout
    printfa.o(i.__0vsnprintf) refers (Special) to iusefp.o(.text) for __I$use$fp
    printfa.o(i.__0vsnprintf) refers to printfa.o(i._printf_core) for _printf_core
    printfa.o(i.__0vsnprintf) refers to printfa.o(i._snputc) for _snputc
    printfa.o(i.__0vsprintf) refers (Special) to iusefp.o(.text) for __I$use$fp
    printfa.o(i.__0vsprintf) refers to printfa.o(i._printf_core) for _printf_core
    printfa.o(i.__0vsprintf) refers to printfa.o(i._sputc) for _sputc
    printfa.o(i._fp_digits) refers (Special) to iusefp.o(.text) for __I$use$fp
    printfa.o(i._fp_digits) refers to dmul.o(.text) for __aeabi_dmul
    printfa.o(i._fp_digits) refers to ddiv.o(.text) for __aeabi_ddiv
    printfa.o(i._fp_digits) refers to cdrcmple.o(.text) for __aeabi_cdrcmple
    printfa.o(i._fp_digits) refers to dadd.o(.text) for __aeabi_dadd
    printfa.o(i._fp_digits) refers to dfixul.o(.text) for __aeabi_d2ulz
    printfa.o(i._fp_digits) refers to uldiv.o(.text) for __aeabi_uldivmod
    printfa.o(i._printf_core) refers (Special) to iusefp.o(.text) for __I$use$fp
    printfa.o(i._printf_core) refers to printfa.o(i._printf_pre_padding) for _printf_pre_padding
    printfa.o(i._printf_core) refers to uldiv.o(.text) for __aeabi_uldivmod
    printfa.o(i._printf_core) refers to printfa.o(i._printf_post_padding) for _printf_post_padding
    printfa.o(i._printf_core) refers to printfa.o(i._fp_digits) for _fp_digits
    printfa.o(i._printf_core) refers to uidiv.o(.text) for __aeabi_uidivmod
    printfa.o(i._printf_post_padding) refers (Special) to iusefp.o(.text) for __I$use$fp
    printfa.o(i._printf_pre_padding) refers (Special) to iusefp.o(.text) for __I$use$fp
    printfa.o(i._snputc) refers (Special) to iusefp.o(.text) for __I$use$fp
    printfa.o(i._sputc) refers (Special) to iusefp.o(.text) for __I$use$fp
    atoi.o(.text) refers to errno.o(i.__aeabi_errno_addr) for __aeabi_errno_addr
    atoi.o(.text) refers to strtol.o(.text) for strtol
    dmul.o(.text) refers (Special) to iusefp.o(.text) for __I$use$fp
    dmul.o(.text) refers to depilogue.o(.text) for _double_epilogue
    dflti.o(.text) refers (Special) to iusefp.o(.text) for __I$use$fp
    dflti.o(.text) refers to depilogue.o(.text) for _double_epilogue
    f2d.o(.text) refers (Special) to iusefp.o(.text) for __I$use$fp
    d2f.o(.text) refers (Special) to iusefp.o(.text) for __I$use$fp
    d2f.o(.text) refers to fepilogue.o(.text) for _float_round
    entry2.o(.ARM.Collect$$$$00000001) refers to entry2.o(.ARM.Collect$$$$00002712) for __lit__00000000
    entry2.o(.ARM.Collect$$$$00002712) refers to startup_stm32f10x_hd.o(STACK) for __initial_sp
    entry2.o(__vectab_stack_and_reset_area) refers to startup_stm32f10x_hd.o(STACK) for __initial_sp
    entry2.o(__vectab_stack_and_reset_area) refers to entry.o(.ARM.Collect$$$$00000000) for __main
    entry5.o(.ARM.Collect$$$$00000004) refers to init.o(.text) for __scatterload
    entry9a.o(.ARM.Collect$$$$0000000B) refers to main.o(.text) for main
    entry9b.o(.ARM.Collect$$$$0000000C) refers to main.o(.text) for main
    uldiv.o(.text) refers to llushr.o(.text) for __aeabi_llsr
    uldiv.o(.text) refers to llshl.o(.text) for __aeabi_llsl
    errno.o(i.__aeabi_errno_addr) refers to errno.o(.data) for .data
    errno.o(i.__read_errno) refers to errno.o(.data) for .data
    errno.o(i.__set_errno) refers to errno.o(.data) for .data
    strtol.o(.text) refers to ctype_o.o(.text) for __rt_ctype_table
    strtol.o(.text) refers to _strtoul.o(.text) for _strtoul
    strtol.o(.text) refers to errno.o(i.__aeabi_errno_addr) for __aeabi_errno_addr
    depilogue.o(.text) refers to llshl.o(.text) for __aeabi_llsl
    depilogue.o(.text) refers to llushr.o(.text) for __aeabi_llsr
    dadd.o(.text) refers to llshl.o(.text) for __aeabi_llsl
    dadd.o(.text) refers to llsshr.o(.text) for __aeabi_lasr
    dadd.o(.text) refers to depilogue.o(.text) for _double_epilogue
    ddiv.o(.text) refers to depilogue.o(.text) for _double_round
    dfixul.o(.text) refers to llushr.o(.text) for __aeabi_llsr
    dfixul.o(.text) refers to llshl.o(.text) for __aeabi_llsl
    init.o(.text) refers to entry5.o(.ARM.Collect$$$$00000004) for __main_after_scatterload
    ctype_o.o(.text) refers to ctype_o.o(.constdata) for .constdata
    ctype_o.o(.constdata) refers to ctype_o.o(.constdata) for __ctype_table
    isalnum_o.o(.text) refers to ctype_o.o(.text) for __rt_ctype_table
    isalpha_o.o(.text) refers to ctype_o.o(.text) for __rt_ctype_table
    isblank_o.o(.text) refers to ctype_o.o(.constdata) for __ctype_table
    iscntrl_o.o(.text) refers to ctype_o.o(.text) for __rt_ctype_table
    isdigit_o.o(.text) refers to ctype_o.o(.text) for __rt_ctype_table
    isgraph_o.o(.text) refers to ctype_o.o(.text) for __rt_ctype_table
    islower_o.o(.text) refers to ctype_o.o(.text) for __rt_ctype_table
    isprint_o.o(.text) refers to ctype_o.o(.text) for __rt_ctype_table
    ispunct_o.o(.text) refers to ctype_o.o(.text) for __rt_ctype_table
    isspace_o.o(.text) refers to ctype_o.o(.text) for __rt_ctype_table
    isupper_o.o(.text) refers to ctype_o.o(.text) for __rt_ctype_table
    isxdigit_o.o(.text) refers to ctype_o.o(.text) for __rt_ctype_table
    _strtoul.o(.text) refers to _chval.o(.text) for _chval
    _strtoul.o(.text) refers to errno.o(i.__aeabi_errno_addr) for __aeabi_errno_addr


==============================================================================

Removing Unused input sections from the image.

    Removing startup_stm32f10x_hd.o(HEAP), (512 bytes).
    Removing core_cm3.o(.emb_text), (32 bytes).
    Removing stm32f10x_adc.o(.text), (1102 bytes).
    Removing stm32f10x_bkp.o(.text), (196 bytes).
    Removing stm32f10x_can.o(.text), (2544 bytes).
    Removing stm32f10x_cec.o(.text), (288 bytes).
    Removing stm32f10x_crc.o(.text), (72 bytes).
    Removing stm32f10x_dac.o(.text), (396 bytes).
    Removing stm32f10x_dbgmcu.o(.text), (48 bytes).
    Removing stm32f10x_dma.o(.text), (596 bytes).
    Removing stm32f10x_fsmc.o(.text), (1548 bytes).
    Removing stm32f10x_i2c.o(.text), (1028 bytes).
    Removing stm32f10x_iwdg.o(.text), (64 bytes).
    Removing stm32f10x_pwr.o(.text), (204 bytes).
    Removing stm32f10x_rtc.o(.text), (328 bytes).
    Removing stm32f10x_sdio.o(.text), (468 bytes).
    Removing stm32f10x_spi.o(.text), (780 bytes).
    Removing stm32f10x_wwdg.o(.text), (136 bytes).
    Removing stm32f10x_it.o(.bss), (64 bytes).
    Removing bsp_hc05.o(.text), (104 bytes).

20 unused section(s) (total 10510 bytes) removed from the image.

==============================================================================

Image Symbol Table

    Local Symbols

    Symbol Name                              Value     Ov Type        Size  Object(Section)

    ../clib/microlib/ctype/ctype.c           0x00000000   Number         0  isalpha_o.o ABSOLUTE
    ../clib/microlib/ctype/ctype.c           0x00000000   Number         0  isalnum_o.o ABSOLUTE
    ../clib/microlib/ctype/ctype.c           0x00000000   Number         0  isgraph_o.o ABSOLUTE
    ../clib/microlib/ctype/ctype.c           0x00000000   Number         0  isdigit_o.o ABSOLUTE
    ../clib/microlib/ctype/ctype.c           0x00000000   Number         0  iscntrl_o.o ABSOLUTE
    ../clib/microlib/ctype/ctype.c           0x00000000   Number         0  isblank_o.o ABSOLUTE
    ../clib/microlib/ctype/ctype.c           0x00000000   Number         0  ctype_o.o ABSOLUTE
    ../clib/microlib/ctype/ctype.c           0x00000000   Number         0  islower_o.o ABSOLUTE
    ../clib/microlib/ctype/ctype.c           0x00000000   Number         0  isprint_o.o ABSOLUTE
    ../clib/microlib/ctype/ctype.c           0x00000000   Number         0  ispunct_o.o ABSOLUTE
    ../clib/microlib/ctype/ctype.c           0x00000000   Number         0  isspace_o.o ABSOLUTE
    ../clib/microlib/ctype/ctype.c           0x00000000   Number         0  isupper_o.o ABSOLUTE
    ../clib/microlib/ctype/ctype.c           0x00000000   Number         0  isxdigit_o.o ABSOLUTE
    ../clib/microlib/division.c              0x00000000   Number         0  uidiv.o ABSOLUTE
    ../clib/microlib/division.c              0x00000000   Number         0  uldiv.o ABSOLUTE
    ../clib/microlib/errno.c                 0x00000000   Number         0  errno.o ABSOLUTE
    ../clib/microlib/init/entry.s            0x00000000   Number         0  entry11a.o ABSOLUTE
    ../clib/microlib/init/entry.s            0x00000000   Number         0  entry10a.o ABSOLUTE
    ../clib/microlib/init/entry.s            0x00000000   Number         0  entry10b.o ABSOLUTE
    ../clib/microlib/init/entry.s            0x00000000   Number         0  entry11b.o ABSOLUTE
    ../clib/microlib/init/entry.s            0x00000000   Number         0  entry7b.o ABSOLUTE
    ../clib/microlib/init/entry.s            0x00000000   Number         0  entry9b.o ABSOLUTE
    ../clib/microlib/init/entry.s            0x00000000   Number         0  entry9a.o ABSOLUTE
    ../clib/microlib/init/entry.s            0x00000000   Number         0  entry7a.o ABSOLUTE
    ../clib/microlib/init/entry.s            0x00000000   Number         0  entry5.o ABSOLUTE
    ../clib/microlib/init/entry.s            0x00000000   Number         0  entry2.o ABSOLUTE
    ../clib/microlib/init/entry.s            0x00000000   Number         0  entry8b.o ABSOLUTE
    ../clib/microlib/init/entry.s            0x00000000   Number         0  entry8a.o ABSOLUTE
    ../clib/microlib/init/entry.s            0x00000000   Number         0  entry.o ABSOLUTE
    ../clib/microlib/longlong.c              0x00000000   Number         0  llshl.o ABSOLUTE
    ../clib/microlib/longlong.c              0x00000000   Number         0  llushr.o ABSOLUTE
    ../clib/microlib/longlong.c              0x00000000   Number         0  llsshr.o ABSOLUTE
    ../clib/microlib/printf/printf.c         0x00000000   Number         0  printf7.o ABSOLUTE
    ../clib/microlib/printf/printf.c         0x00000000   Number         0  printfa.o ABSOLUTE
    ../clib/microlib/printf/printf.c         0x00000000   Number         0  printf0.o ABSOLUTE
    ../clib/microlib/printf/printf.c         0x00000000   Number         0  printf4.o ABSOLUTE
    ../clib/microlib/printf/printf.c         0x00000000   Number         0  printf8.o ABSOLUTE
    ../clib/microlib/printf/printf.c         0x00000000   Number         0  printf3.o ABSOLUTE
    ../clib/microlib/printf/printf.c         0x00000000   Number         0  printf1.o ABSOLUTE
    ../clib/microlib/printf/printf.c         0x00000000   Number         0  printf2.o ABSOLUTE
    ../clib/microlib/printf/printf.c         0x00000000   Number         0  printfb.o ABSOLUTE
    ../clib/microlib/printf/printf.c         0x00000000   Number         0  printf5.o ABSOLUTE
    ../clib/microlib/printf/printf.c         0x00000000   Number         0  printf6.o ABSOLUTE
    ../clib/microlib/printf/stubs.s          0x00000000   Number         0  stubs.o ABSOLUTE
    ../clib/microlib/stdio/streams.c         0x00000000   Number         0  stdout.o ABSOLUTE
    ../clib/microlib/string/memcpy.c         0x00000000   Number         0  memcpya.o ABSOLUTE
    ../clib/microlib/string/memcpy.c         0x00000000   Number         0  memcpyb.o ABSOLUTE
    ../clib/microlib/string/memset.c         0x00000000   Number         0  memseta.o ABSOLUTE
    ../clib/microlib/string/strcpy.c         0x00000000   Number         0  strcpy.o ABSOLUTE
    ../clib/microlib/stubs.s                 0x00000000   Number         0  iusefp.o ABSOLUTE
    ../clib/scanf.c                          0x00000000   Number         0  strtol.o ABSOLUTE
    ../clib/scanf.c                          0x00000000   Number         0  atoi.o ABSOLUTE
    ../clib/scanf.c                          0x00000000   Number         0  _strtoul.o ABSOLUTE
    ../clib/scanf.c                          0x00000000   Number         0  _chval.o ABSOLUTE
    ../fplib/microlib/d2f.c                  0x00000000   Number         0  d2f.o ABSOLUTE
    ../fplib/microlib/f2d.c                  0x00000000   Number         0  f2d.o ABSOLUTE
    ../fplib/microlib/fpadd.c                0x00000000   Number         0  dadd.o ABSOLUTE
    ../fplib/microlib/fpdiv.c                0x00000000   Number         0  ddiv.o ABSOLUTE
    ../fplib/microlib/fpepilogue.c           0x00000000   Number         0  depilogue.o ABSOLUTE
    ../fplib/microlib/fpepilogue.c           0x00000000   Number         0  fepilogue.o ABSOLUTE
    ../fplib/microlib/fpfix.c                0x00000000   Number         0  dfixul.o ABSOLUTE
    ../fplib/microlib/fpflt.c                0x00000000   Number         0  dflti.o ABSOLUTE
    ../fplib/microlib/fpmul.c                0x00000000   Number         0  dmul.o ABSOLUTE
    ..\..\Libraries\CMSIS\core_cm3.c         0x00000000   Number         0  core_cm3.o ABSOLUTE
    ..\..\Libraries\CMSIS\startup\startup_stm32f10x_hd.s 0x00000000   Number         0  startup_stm32f10x_hd.o ABSOLUTE
    ..\..\Libraries\CMSIS\system_stm32f10x.c 0x00000000   Number         0  system_stm32f10x.o ABSOLUTE
    ..\..\Libraries\FWlib\src\misc.c         0x00000000   Number         0  misc.o ABSOLUTE
    ..\..\Libraries\FWlib\src\stm32f10x_adc.c 0x00000000   Number         0  stm32f10x_adc.o ABSOLUTE
    ..\..\Libraries\FWlib\src\stm32f10x_bkp.c 0x00000000   Number         0  stm32f10x_bkp.o ABSOLUTE
    ..\..\Libraries\FWlib\src\stm32f10x_can.c 0x00000000   Number         0  stm32f10x_can.o ABSOLUTE
    ..\..\Libraries\FWlib\src\stm32f10x_cec.c 0x00000000   Number         0  stm32f10x_cec.o ABSOLUTE
    ..\..\Libraries\FWlib\src\stm32f10x_crc.c 0x00000000   Number         0  stm32f10x_crc.o ABSOLUTE
    ..\..\Libraries\FWlib\src\stm32f10x_dac.c 0x00000000   Number         0  stm32f10x_dac.o ABSOLUTE
    ..\..\Libraries\FWlib\src\stm32f10x_dbgmcu.c 0x00000000   Number         0  stm32f10x_dbgmcu.o ABSOLUTE
    ..\..\Libraries\FWlib\src\stm32f10x_dma.c 0x00000000   Number         0  stm32f10x_dma.o ABSOLUTE
    ..\..\Libraries\FWlib\src\stm32f10x_exti.c 0x00000000   Number         0  stm32f10x_exti.o ABSOLUTE
    ..\..\Libraries\FWlib\src\stm32f10x_flash.c 0x00000000   Number         0  stm32f10x_flash.o ABSOLUTE
    ..\..\Libraries\FWlib\src\stm32f10x_fsmc.c 0x00000000   Number         0  stm32f10x_fsmc.o ABSOLUTE
    ..\..\Libraries\FWlib\src\stm32f10x_gpio.c 0x00000000   Number         0  stm32f10x_gpio.o ABSOLUTE
    ..\..\Libraries\FWlib\src\stm32f10x_i2c.c 0x00000000   Number         0  stm32f10x_i2c.o ABSOLUTE
    ..\..\Libraries\FWlib\src\stm32f10x_iwdg.c 0x00000000   Number         0  stm32f10x_iwdg.o ABSOLUTE
    ..\..\Libraries\FWlib\src\stm32f10x_pwr.c 0x00000000   Number         0  stm32f10x_pwr.o ABSOLUTE
    ..\..\Libraries\FWlib\src\stm32f10x_rcc.c 0x00000000   Number         0  stm32f10x_rcc.o ABSOLUTE
    ..\..\Libraries\FWlib\src\stm32f10x_rtc.c 0x00000000   Number         0  stm32f10x_rtc.o ABSOLUTE
    ..\..\Libraries\FWlib\src\stm32f10x_sdio.c 0x00000000   Number         0  stm32f10x_sdio.o ABSOLUTE
    ..\..\Libraries\FWlib\src\stm32f10x_spi.c 0x00000000   Number         0  stm32f10x_spi.o ABSOLUTE
    ..\..\Libraries\FWlib\src\stm32f10x_tim.c 0x00000000   Number         0  stm32f10x_tim.o ABSOLUTE
    ..\..\Libraries\FWlib\src\stm32f10x_usart.c 0x00000000   Number         0  stm32f10x_usart.o ABSOLUTE
    ..\..\Libraries\FWlib\src\stm32f10x_wwdg.c 0x00000000   Number         0  stm32f10x_wwdg.o ABSOLUTE
    ..\..\User\Contrlcover\bsp_TimeCover.c   0x00000000   Number         0  bsp_timecover.o ABSOLUTE
    ..\..\User\SysTick\bsp_SysTick.c         0x00000000   Number         0  bsp_systick.o ABSOLUTE
    ..\..\User\TimBase\bsp_TiMbase.c         0x00000000   Number         0  bsp_timbase.o ABSOLUTE
    ..\..\User\ds18b20\bsp_ds18b20.c         0x00000000   Number         0  bsp_ds18b20.o ABSOLUTE
    ..\..\User\exti\Exti44E.c                0x00000000   Number         0  exti44e.o ABSOLUTE
    ..\..\User\hc05\bsp_hc05.c               0x00000000   Number         0  bsp_hc05.o ABSOLUTE
    ..\..\User\led\bsp_led.c                 0x00000000   Number         0  bsp_led.o ABSOLUTE
    ..\..\User\main.c                        0x00000000   Number         0  main.o ABSOLUTE
    ..\..\User\stm32f10x_it.c                0x00000000   Number         0  stm32f10x_it.o ABSOLUTE
    ..\..\User\usart\bsp_usart.c             0x00000000   Number         0  bsp_usart.o ABSOLUTE
    ..\..\User\usart\bsp_usart_blt.c         0x00000000   Number         0  bsp_usart_blt.o ABSOLUTE
    ..\\..\\Libraries\\CMSIS\\core_cm3.c     0x00000000   Number         0  core_cm3.o ABSOLUTE
    cdrcmple.s                               0x00000000   Number         0  cdrcmple.o ABSOLUTE
    dc.s                                     0x00000000   Number         0  dc.o ABSOLUTE
    handlers.s                               0x00000000   Number         0  handlers.o ABSOLUTE
    init.s                                   0x00000000   Number         0  init.o ABSOLUTE
    RESET                                    0x08000000   Section      304  startup_stm32f10x_hd.o(RESET)
    .ARM.Collect$$$$00000000                 0x08000130   Section        0  entry.o(.ARM.Collect$$$$00000000)
    .ARM.Collect$$$$00000001                 0x08000130   Section        4  entry2.o(.ARM.Collect$$$$00000001)
    .ARM.Collect$$$$00000004                 0x08000134   Section        4  entry5.o(.ARM.Collect$$$$00000004)
    .ARM.Collect$$$$00000008                 0x08000138   Section        0  entry7b.o(.ARM.Collect$$$$00000008)
    .ARM.Collect$$$$0000000A                 0x08000138   Section        0  entry8b.o(.ARM.Collect$$$$0000000A)
    .ARM.Collect$$$$0000000B                 0x08000138   Section        8  entry9a.o(.ARM.Collect$$$$0000000B)
    .ARM.Collect$$$$0000000D                 0x08000140   Section        0  entry10a.o(.ARM.Collect$$$$0000000D)
    .ARM.Collect$$$$0000000F                 0x08000140   Section        0  entry11a.o(.ARM.Collect$$$$0000000F)
    .ARM.Collect$$$$00002712                 0x08000140   Section        4  entry2.o(.ARM.Collect$$$$00002712)
    __lit__00000000                          0x08000140   Data           4  entry2.o(.ARM.Collect$$$$00002712)
    .text                                    0x08000144   Section       36  startup_stm32f10x_hd.o(.text)
    .text                                    0x08000168   Section        0  system_stm32f10x.o(.text)
    SetSysClockTo72                          0x08000169   Thumb Code   214  system_stm32f10x.o(.text)
    SetSysClock                              0x0800023f   Thumb Code     8  system_stm32f10x.o(.text)
    .text                                    0x08000348   Section        0  misc.o(.text)
    .text                                    0x08000424   Section        0  stm32f10x_exti.o(.text)
    .text                                    0x08000540   Section        0  stm32f10x_flash.o(.text)
    .text                                    0x08000afc   Section        0  stm32f10x_gpio.o(.text)
    .text                                    0x08000e58   Section        0  stm32f10x_rcc.o(.text)
    .text                                    0x080011fc   Section        0  stm32f10x_tim.o(.text)
    TI4_Config                               0x080016a3   Thumb Code   130  stm32f10x_tim.o(.text)
    TI3_Config                               0x08001737   Thumb Code   122  stm32f10x_tim.o(.text)
    TI2_Config                               0x080017cb   Thumb Code   130  stm32f10x_tim.o(.text)
    TI1_Config                               0x0800185f   Thumb Code   108  stm32f10x_tim.o(.text)
    .text                                    0x08002018   Section        0  stm32f10x_usart.o(.text)
    .text                                    0x08002420   Section        0  main.o(.text)
    .text                                    0x08003370   Section        0  stm32f10x_it.o(.text)
    .text                                    0x0800367c   Section        0  bsp_systick.o(.text)
    SysTick_Config                           0x0800367d   Thumb Code    76  bsp_systick.o(.text)
    .text                                    0x080037b0   Section        0  bsp_usart.o(.text)
    NVIC_Configuration                       0x080037b1   Thumb Code    38  bsp_usart.o(.text)
    .text                                    0x0800396c   Section        0  bsp_usart_blt.o(.text)
    NVIC_Configuration                       0x0800396d   Thumb Code    38  bsp_usart_blt.o(.text)
    .text                                    0x08003ab4   Section        0  bsp_ds18b20.o(.text)
    DS18B20_GPIO_Config                      0x08003ab5   Thumb Code    46  bsp_ds18b20.o(.text)
    DS18B20_Mode_IPU                         0x08003ae3   Thumb Code    24  bsp_ds18b20.o(.text)
    DS18B20_Mode_Out_PP                      0x08003afb   Thumb Code    30  bsp_ds18b20.o(.text)
    DS18B20_Rst                              0x08003b19   Thumb Code    38  bsp_ds18b20.o(.text)
    DS18B20_Presence                         0x08003b3f   Thumb Code    82  bsp_ds18b20.o(.text)
    DS18B20_Read_Bit                         0x08003b91   Thumb Code    52  bsp_ds18b20.o(.text)
    .text                                    0x08003cf0   Section        0  bsp_timbase.o(.text)
    ADVANCE_TIM_GPIO_Config                  0x08003cf1   Thumb Code    48  bsp_timbase.o(.text)
    BASIC_TIM_NVIC_Config                    0x08003d21   Thumb Code    42  bsp_timbase.o(.text)
    BASIC_TIM_Mode_Config                    0x08003d4b   Thumb Code   158  bsp_timbase.o(.text)
    .text                                    0x08003e3c   Section        0  bsp_led.o(.text)
    .text                                    0x08003f7c   Section        0  exti44e.o(.text)
    NVIC_Configuration                       0x08003f7d   Thumb Code    52  exti44e.o(.text)
    .text                                    0x0800403c   Section        0  bsp_timecover.o(.text)
    ADVANCE_TIM_GPIO_Config                  0x0800403d   Thumb Code    54  bsp_timecover.o(.text)
    COVER_TIM_Mode_Config                    0x08004073   Thumb Code   150  bsp_timecover.o(.text)
    .text                                    0x08004148   Section        0  memcpya.o(.text)
    .text                                    0x0800416c   Section        0  memseta.o(.text)
    .text                                    0x08004190   Section        0  strcpy.o(.text)
    .text                                    0x080041a2   Section        0  atoi.o(.text)
    .text                                    0x080041bc   Section        0  dmul.o(.text)
    .text                                    0x080042a0   Section        0  dflti.o(.text)
    .text                                    0x080042c2   Section        0  f2d.o(.text)
    .text                                    0x080042e8   Section        0  d2f.o(.text)
    .text                                    0x08004320   Section        0  uidiv.o(.text)
    .text                                    0x0800434c   Section        0  uldiv.o(.text)
    .text                                    0x080043ae   Section        0  strtol.o(.text)
    .text                                    0x0800441e   Section        0  fepilogue.o(.text)
    .text                                    0x0800441e   Section        0  iusefp.o(.text)
    .text                                    0x0800448c   Section        0  depilogue.o(.text)
    .text                                    0x08004542   Section        0  dadd.o(.text)
    .text                                    0x08004690   Section        0  ddiv.o(.text)
    .text                                    0x0800476e   Section        0  dfixul.o(.text)
    .text                                    0x080047a0   Section       40  cdrcmple.o(.text)
    .text                                    0x080047c8   Section       36  init.o(.text)
    .text                                    0x080047ec   Section        0  llshl.o(.text)
    .text                                    0x0800480a   Section        0  llushr.o(.text)
    .text                                    0x0800482a   Section        0  llsshr.o(.text)
    .text                                    0x08004850   Section        0  ctype_o.o(.text)
    .text                                    0x08004858   Section        0  _strtoul.o(.text)
    .text                                    0x080048f6   Section        0  _chval.o(.text)
    i.__0printf                              0x08004914   Section        0  printfa.o(i.__0printf)
    i.__0sprintf                             0x08004934   Section        0  printfa.o(i.__0sprintf)
    i.__aeabi_errno_addr                     0x0800495c   Section        0  errno.o(i.__aeabi_errno_addr)
    i.__scatterload_copy                     0x08004964   Section       14  handlers.o(i.__scatterload_copy)
    i.__scatterload_null                     0x08004972   Section        2  handlers.o(i.__scatterload_null)
    i.__scatterload_zeroinit                 0x08004974   Section       14  handlers.o(i.__scatterload_zeroinit)
    i._fp_digits                             0x08004984   Section        0  printfa.o(i._fp_digits)
    _fp_digits                               0x08004985   Thumb Code   334  printfa.o(i._fp_digits)
    i._printf_core                           0x08004ae8   Section        0  printfa.o(i._printf_core)
    _printf_core                             0x08004ae9   Thumb Code  1744  printfa.o(i._printf_core)
    i._printf_post_padding                   0x080051c4   Section        0  printfa.o(i._printf_post_padding)
    _printf_post_padding                     0x080051c5   Thumb Code    36  printfa.o(i._printf_post_padding)
    i._printf_pre_padding                    0x080051e8   Section        0  printfa.o(i._printf_pre_padding)
    _printf_pre_padding                      0x080051e9   Thumb Code    46  printfa.o(i._printf_pre_padding)
    i._sputc                                 0x08005216   Section        0  printfa.o(i._sputc)
    _sputc                                   0x08005217   Thumb Code    10  printfa.o(i._sputc)
    .constdata                               0x08005220   Section      129  ctype_o.o(.constdata)
    .constdata                               0x080052a4   Section        4  ctype_o.o(.constdata)
    table                                    0x080052a4   Data           4  ctype_o.o(.constdata)
    .conststring                             0x080052a8   Section       26  main.o(.conststring)
    .data                                    0x20000000   Section       20  system_stm32f10x.o(.data)
    .data                                    0x20000014   Section       20  stm32f10x_rcc.o(.data)
    APBAHBPrescTable                         0x20000014   Data          16  stm32f10x_rcc.o(.data)
    ADCPrescTable                            0x20000024   Data           4  stm32f10x_rcc.o(.data)
    .data                                    0x20000028   Section       69  main.o(.data)
    .data                                    0x2000006d   Section        2  stm32f10x_it.o(.data)
    .data                                    0x20000070   Section        4  bsp_systick.o(.data)
    TimingDelay                              0x20000070   Data           4  bsp_systick.o(.data)
    .data                                    0x20000074   Section        1  bsp_usart.o(.data)
    .data                                    0x20000075   Section        1  bsp_usart_blt.o(.data)
    .data                                    0x20000078   Section        4  stdout.o(.data)
    .data                                    0x2000007c   Section        4  errno.o(.data)
    _errno                                   0x2000007c   Data           4  errno.o(.data)
    .bss                                     0x20000080   Section     1232  main.o(.bss)
    .bss                                     0x20000550   Section      256  bsp_usart.o(.bss)
    .bss                                     0x20000650   Section      256  bsp_usart_blt.o(.bss)
    STACK                                    0x20000750   Section     1024  startup_stm32f10x_hd.o(STACK)

    Global Symbols

    Symbol Name                              Value     Ov Type        Size  Object(Section)

    BuildAttributes$$THM_ISAv4$P$D$K$B$S$PE$A:L22UL41UL21$X:L11$S22US41US21$IEEE1$IW$USESV6$~STKCKD$USESV7$~SHL$OTIME$ROPI$EBA8$MICROLIB$REQ8$PRES8$EABIv2 0x00000000   Number         0  anon$$obj.o ABSOLUTE
    __ARM_use_no_argv                        0x00000000   Number         0  main.o ABSOLUTE
    _printf_a                                0x00000000   Number         0  stubs.o ABSOLUTE
    _printf_c                                0x00000000   Number         0  stubs.o ABSOLUTE
    _printf_charcount                        0x00000000   Number         0  stubs.o ABSOLUTE
    _printf_d                                0x00000000   Number         0  stubs.o ABSOLUTE
    _printf_e                                0x00000000   Number         0  stubs.o ABSOLUTE
    _printf_f                                0x00000000   Number         0  stubs.o ABSOLUTE
    _printf_flags                            0x00000000   Number         0  stubs.o ABSOLUTE
    _printf_fp_dec                           0x00000000   Number         0  stubs.o ABSOLUTE
    _printf_fp_hex                           0x00000000   Number         0  stubs.o ABSOLUTE
    _printf_g                                0x00000000   Number         0  stubs.o ABSOLUTE
    _printf_i                                0x00000000   Number         0  stubs.o ABSOLUTE
    _printf_int_dec                          0x00000000   Number         0  stubs.o ABSOLUTE
    _printf_l                                0x00000000   Number         0  stubs.o ABSOLUTE
    _printf_lc                               0x00000000   Number         0  stubs.o ABSOLUTE
    _printf_ll                               0x00000000   Number         0  stubs.o ABSOLUTE
    _printf_lld                              0x00000000   Number         0  stubs.o ABSOLUTE
    _printf_lli                              0x00000000   Number         0  stubs.o ABSOLUTE
    _printf_llo                              0x00000000   Number         0  stubs.o ABSOLUTE
    _printf_llu                              0x00000000   Number         0  stubs.o ABSOLUTE
    _printf_llx                              0x00000000   Number         0  stubs.o ABSOLUTE
    _printf_longlong_dec                     0x00000000   Number         0  stubs.o ABSOLUTE
    _printf_longlong_hex                     0x00000000   Number         0  stubs.o ABSOLUTE
    _printf_longlong_oct                     0x00000000   Number         0  stubs.o ABSOLUTE
    _printf_ls                               0x00000000   Number         0  stubs.o ABSOLUTE
    _printf_mbtowc                           0x00000000   Number         0  stubs.o ABSOLUTE
    _printf_n                                0x00000000   Number         0  stubs.o ABSOLUTE
    _printf_o                                0x00000000   Number         0  stubs.o ABSOLUTE
    _printf_p                                0x00000000   Number         0  stubs.o ABSOLUTE
    _printf_percent                          0x00000000   Number         0  stubs.o ABSOLUTE
    _printf_pre_padding                      0x00000000   Number         0  stubs.o ABSOLUTE
    _printf_return_value                     0x00000000   Number         0  stubs.o ABSOLUTE
    _printf_s                                0x00000000   Number         0  stubs.o ABSOLUTE
    _printf_sizespec                         0x00000000   Number         0  stubs.o ABSOLUTE
    _printf_str                              0x00000000   Number         0  stubs.o ABSOLUTE
    _printf_truncate_signed                  0x00000000   Number         0  stubs.o ABSOLUTE
    _printf_truncate_unsigned                0x00000000   Number         0  stubs.o ABSOLUTE
    _printf_u                                0x00000000   Number         0  stubs.o ABSOLUTE
    _printf_wc                               0x00000000   Number         0  stubs.o ABSOLUTE
    _printf_wctomb                           0x00000000   Number         0  stubs.o ABSOLUTE
    _printf_widthprec                        0x00000000   Number         0  stubs.o ABSOLUTE
    _printf_x                                0x00000000   Number         0  stubs.o ABSOLUTE
    __cpp_initialize__aeabi_                  - Undefined Weak Reference
    __cxa_finalize                            - Undefined Weak Reference
    __decompress                              - Undefined Weak Reference
    _clock_init                               - Undefined Weak Reference
    _microlib_exit                            - Undefined Weak Reference
    __Vectors_Size                           0x00000130   Number         0  startup_stm32f10x_hd.o ABSOLUTE
    __Vectors                                0x08000000   Data           4  startup_stm32f10x_hd.o(RESET)
    __Vectors_End                            0x08000130   Data           0  startup_stm32f10x_hd.o(RESET)
    __main                                   0x08000131   Thumb Code     0  entry.o(.ARM.Collect$$$$00000000)
    _main_stk                                0x08000131   Thumb Code     0  entry2.o(.ARM.Collect$$$$00000001)
    _main_scatterload                        0x08000135   Thumb Code     0  entry5.o(.ARM.Collect$$$$00000004)
    __main_after_scatterload                 0x08000139   Thumb Code     0  entry5.o(.ARM.Collect$$$$00000004)
    _main_clock                              0x08000139   Thumb Code     0  entry7b.o(.ARM.Collect$$$$00000008)
    _main_cpp_init                           0x08000139   Thumb Code     0  entry8b.o(.ARM.Collect$$$$0000000A)
    _main_init                               0x08000139   Thumb Code     0  entry9a.o(.ARM.Collect$$$$0000000B)
    __rt_final_cpp                           0x08000141   Thumb Code     0  entry10a.o(.ARM.Collect$$$$0000000D)
    __rt_final_exit                          0x08000141   Thumb Code     0  entry11a.o(.ARM.Collect$$$$0000000F)
    Reset_Handler                            0x08000145   Thumb Code     8  startup_stm32f10x_hd.o(.text)
    ADC1_2_IRQHandler                        0x0800015f   Thumb Code     0  startup_stm32f10x_hd.o(.text)
    ADC3_IRQHandler                          0x0800015f   Thumb Code     0  startup_stm32f10x_hd.o(.text)
    CAN1_RX1_IRQHandler                      0x0800015f   Thumb Code     0  startup_stm32f10x_hd.o(.text)
    CAN1_SCE_IRQHandler                      0x0800015f   Thumb Code     0  startup_stm32f10x_hd.o(.text)
    DMA1_Channel1_IRQHandler                 0x0800015f   Thumb Code     0  startup_stm32f10x_hd.o(.text)
    DMA1_Channel2_IRQHandler                 0x0800015f   Thumb Code     0  startup_stm32f10x_hd.o(.text)
    DMA1_Channel3_IRQHandler                 0x0800015f   Thumb Code     0  startup_stm32f10x_hd.o(.text)
    DMA1_Channel4_IRQHandler                 0x0800015f   Thumb Code     0  startup_stm32f10x_hd.o(.text)
    DMA1_Channel5_IRQHandler                 0x0800015f   Thumb Code     0  startup_stm32f10x_hd.o(.text)
    DMA1_Channel6_IRQHandler                 0x0800015f   Thumb Code     0  startup_stm32f10x_hd.o(.text)
    DMA1_Channel7_IRQHandler                 0x0800015f   Thumb Code     0  startup_stm32f10x_hd.o(.text)
    DMA2_Channel1_IRQHandler                 0x0800015f   Thumb Code     0  startup_stm32f10x_hd.o(.text)
    DMA2_Channel2_IRQHandler                 0x0800015f   Thumb Code     0  startup_stm32f10x_hd.o(.text)
    DMA2_Channel3_IRQHandler                 0x0800015f   Thumb Code     0  startup_stm32f10x_hd.o(.text)
    DMA2_Channel4_5_IRQHandler               0x0800015f   Thumb Code     0  startup_stm32f10x_hd.o(.text)
    EXTI15_10_IRQHandler                     0x0800015f   Thumb Code     0  startup_stm32f10x_hd.o(.text)
    EXTI2_IRQHandler                         0x0800015f   Thumb Code     0  startup_stm32f10x_hd.o(.text)
    EXTI3_IRQHandler                         0x0800015f   Thumb Code     0  startup_stm32f10x_hd.o(.text)
    EXTI4_IRQHandler                         0x0800015f   Thumb Code     0  startup_stm32f10x_hd.o(.text)
    EXTI9_5_IRQHandler                       0x0800015f   Thumb Code     0  startup_stm32f10x_hd.o(.text)
    FLASH_IRQHandler                         0x0800015f   Thumb Code     0  startup_stm32f10x_hd.o(.text)
    FSMC_IRQHandler                          0x0800015f   Thumb Code     0  startup_stm32f10x_hd.o(.text)
    I2C1_ER_IRQHandler                       0x0800015f   Thumb Code     0  startup_stm32f10x_hd.o(.text)
    I2C1_EV_IRQHandler                       0x0800015f   Thumb Code     0  startup_stm32f10x_hd.o(.text)
    I2C2_ER_IRQHandler                       0x0800015f   Thumb Code     0  startup_stm32f10x_hd.o(.text)
    I2C2_EV_IRQHandler                       0x0800015f   Thumb Code     0  startup_stm32f10x_hd.o(.text)
    PVD_IRQHandler                           0x0800015f   Thumb Code     0  startup_stm32f10x_hd.o(.text)
    RCC_IRQHandler                           0x0800015f   Thumb Code     0  startup_stm32f10x_hd.o(.text)
    RTCAlarm_IRQHandler                      0x0800015f   Thumb Code     0  startup_stm32f10x_hd.o(.text)
    RTC_IRQHandler                           0x0800015f   Thumb Code     0  startup_stm32f10x_hd.o(.text)
    SDIO_IRQHandler                          0x0800015f   Thumb Code     0  startup_stm32f10x_hd.o(.text)
    SPI1_IRQHandler                          0x0800015f   Thumb Code     0  startup_stm32f10x_hd.o(.text)
    SPI2_IRQHandler                          0x0800015f   Thumb Code     0  startup_stm32f10x_hd.o(.text)
    SPI3_IRQHandler                          0x0800015f   Thumb Code     0  startup_stm32f10x_hd.o(.text)
    TAMPER_IRQHandler                        0x0800015f   Thumb Code     0  startup_stm32f10x_hd.o(.text)
    TIM1_BRK_IRQHandler                      0x0800015f   Thumb Code     0  startup_stm32f10x_hd.o(.text)
    TIM1_CC_IRQHandler                       0x0800015f   Thumb Code     0  startup_stm32f10x_hd.o(.text)
    TIM1_TRG_COM_IRQHandler                  0x0800015f   Thumb Code     0  startup_stm32f10x_hd.o(.text)
    TIM2_IRQHandler                          0x0800015f   Thumb Code     0  startup_stm32f10x_hd.o(.text)
    TIM3_IRQHandler                          0x0800015f   Thumb Code     0  startup_stm32f10x_hd.o(.text)
    TIM4_IRQHandler                          0x0800015f   Thumb Code     0  startup_stm32f10x_hd.o(.text)
    TIM5_IRQHandler                          0x0800015f   Thumb Code     0  startup_stm32f10x_hd.o(.text)
    TIM6_IRQHandler                          0x0800015f   Thumb Code     0  startup_stm32f10x_hd.o(.text)
    TIM7_IRQHandler                          0x0800015f   Thumb Code     0  startup_stm32f10x_hd.o(.text)
    TIM8_BRK_IRQHandler                      0x0800015f   Thumb Code     0  startup_stm32f10x_hd.o(.text)
    TIM8_CC_IRQHandler                       0x0800015f   Thumb Code     0  startup_stm32f10x_hd.o(.text)
    TIM8_TRG_COM_IRQHandler                  0x0800015f   Thumb Code     0  startup_stm32f10x_hd.o(.text)
    TIM8_UP_IRQHandler                       0x0800015f   Thumb Code     0  startup_stm32f10x_hd.o(.text)
    UART4_IRQHandler                         0x0800015f   Thumb Code     0  startup_stm32f10x_hd.o(.text)
    UART5_IRQHandler                         0x0800015f   Thumb Code     0  startup_stm32f10x_hd.o(.text)
    USART3_IRQHandler                        0x0800015f   Thumb Code     0  startup_stm32f10x_hd.o(.text)
    USBWakeUp_IRQHandler                     0x0800015f   Thumb Code     0  startup_stm32f10x_hd.o(.text)
    USB_HP_CAN1_TX_IRQHandler                0x0800015f   Thumb Code     0  startup_stm32f10x_hd.o(.text)
    USB_LP_CAN1_RX0_IRQHandler               0x0800015f   Thumb Code     0  startup_stm32f10x_hd.o(.text)
    WWDG_IRQHandler                          0x0800015f   Thumb Code     0  startup_stm32f10x_hd.o(.text)
    SystemInit                               0x08000247   Thumb Code    78  system_stm32f10x.o(.text)
    SystemCoreClockUpdate                    0x08000295   Thumb Code   142  system_stm32f10x.o(.text)
    NVIC_PriorityGroupConfig                 0x08000349   Thumb Code    10  misc.o(.text)
    NVIC_Init                                0x08000353   Thumb Code   100  misc.o(.text)
    NVIC_SetVectorTable                      0x080003b7   Thumb Code    14  misc.o(.text)
    NVIC_SystemLPConfig                      0x080003c5   Thumb Code    34  misc.o(.text)
    SysTick_CLKSourceConfig                  0x080003e7   Thumb Code    40  misc.o(.text)
    EXTI_DeInit                              0x08000425   Thumb Code    28  stm32f10x_exti.o(.text)
    EXTI_Init                                0x08000441   Thumb Code   142  stm32f10x_exti.o(.text)
    EXTI_StructInit                          0x080004cf   Thumb Code    16  stm32f10x_exti.o(.text)
    EXTI_GenerateSWInterrupt                 0x080004df   Thumb Code    16  stm32f10x_exti.o(.text)
    EXTI_GetFlagStatus                       0x080004ef   Thumb Code    22  stm32f10x_exti.o(.text)
    EXTI_ClearFlag                           0x08000505   Thumb Code     8  stm32f10x_exti.o(.text)
    EXTI_GetITStatus                         0x0800050d   Thumb Code    34  stm32f10x_exti.o(.text)
    EXTI_ClearITPendingBit                   0x0800052f   Thumb Code     8  stm32f10x_exti.o(.text)
    FLASH_SetLatency                         0x08000541   Thumb Code    18  stm32f10x_flash.o(.text)
    FLASH_HalfCycleAccessCmd                 0x08000553   Thumb Code    22  stm32f10x_flash.o(.text)
    FLASH_PrefetchBufferCmd                  0x08000569   Thumb Code    22  stm32f10x_flash.o(.text)
    FLASH_Unlock                             0x0800057f   Thumb Code    12  stm32f10x_flash.o(.text)
    FLASH_UnlockBank1                        0x0800058b   Thumb Code    12  stm32f10x_flash.o(.text)
    FLASH_Lock                               0x08000597   Thumb Code    14  stm32f10x_flash.o(.text)
    FLASH_LockBank1                          0x080005a5   Thumb Code    14  stm32f10x_flash.o(.text)
    FLASH_GetBank1Status                     0x080005b3   Thumb Code    48  stm32f10x_flash.o(.text)
    FLASH_WaitForLastOperation               0x080005e3   Thumb Code    38  stm32f10x_flash.o(.text)
    FLASH_ErasePage                          0x08000609   Thumb Code    72  stm32f10x_flash.o(.text)
    FLASH_EraseAllPages                      0x08000651   Thumb Code    68  stm32f10x_flash.o(.text)
    FLASH_WaitForLastBank1Operation          0x08000695   Thumb Code    38  stm32f10x_flash.o(.text)
    FLASH_EraseAllBank1Pages                 0x080006bb   Thumb Code    68  stm32f10x_flash.o(.text)
    FLASH_GetReadOutProtectionStatus         0x080006ff   Thumb Code    20  stm32f10x_flash.o(.text)
    FLASH_EraseOptionBytes                   0x08000713   Thumb Code   150  stm32f10x_flash.o(.text)
    FLASH_ProgramWord                        0x080007a9   Thumb Code   102  stm32f10x_flash.o(.text)
    FLASH_ProgramHalfWord                    0x0800080f   Thumb Code    60  stm32f10x_flash.o(.text)
    FLASH_ProgramOptionByteData              0x0800084b   Thumb Code    72  stm32f10x_flash.o(.text)
    FLASH_EnableWriteProtection              0x08000893   Thumb Code   200  stm32f10x_flash.o(.text)
    FLASH_ReadOutProtection                  0x0800095b   Thumb Code   156  stm32f10x_flash.o(.text)
    FLASH_UserOptionByteConfig               0x080009f7   Thumb Code    88  stm32f10x_flash.o(.text)
    FLASH_GetUserOptionByte                  0x08000a4f   Thumb Code     8  stm32f10x_flash.o(.text)
    FLASH_GetWriteProtectionOptionByte       0x08000a57   Thumb Code     6  stm32f10x_flash.o(.text)
    FLASH_GetPrefetchBufferStatus            0x08000a5d   Thumb Code    20  stm32f10x_flash.o(.text)
    FLASH_ITConfig                           0x08000a71   Thumb Code    26  stm32f10x_flash.o(.text)
    FLASH_GetFlagStatus                      0x08000a8b   Thumb Code    42  stm32f10x_flash.o(.text)
    FLASH_ClearFlag                          0x08000ab5   Thumb Code     6  stm32f10x_flash.o(.text)
    FLASH_GetStatus                          0x08000abb   Thumb Code    48  stm32f10x_flash.o(.text)
    GPIO_DeInit                              0x08000afd   Thumb Code   172  stm32f10x_gpio.o(.text)
    GPIO_AFIODeInit                          0x08000ba9   Thumb Code    20  stm32f10x_gpio.o(.text)
    GPIO_Init                                0x08000bbd   Thumb Code   278  stm32f10x_gpio.o(.text)
    GPIO_StructInit                          0x08000cd3   Thumb Code    16  stm32f10x_gpio.o(.text)
    GPIO_ReadInputDataBit                    0x08000ce3   Thumb Code    18  stm32f10x_gpio.o(.text)
    GPIO_ReadInputData                       0x08000cf5   Thumb Code     8  stm32f10x_gpio.o(.text)
    GPIO_ReadOutputDataBit                   0x08000cfd   Thumb Code    18  stm32f10x_gpio.o(.text)
    GPIO_ReadOutputData                      0x08000d0f   Thumb Code     8  stm32f10x_gpio.o(.text)
    GPIO_SetBits                             0x08000d17   Thumb Code     4  stm32f10x_gpio.o(.text)
    GPIO_ResetBits                           0x08000d1b   Thumb Code     4  stm32f10x_gpio.o(.text)
    GPIO_WriteBit                            0x08000d1f   Thumb Code    10  stm32f10x_gpio.o(.text)
    GPIO_Write                               0x08000d29   Thumb Code     4  stm32f10x_gpio.o(.text)
    GPIO_PinLockConfig                       0x08000d2d   Thumb Code    18  stm32f10x_gpio.o(.text)
    GPIO_EventOutputConfig                   0x08000d3f   Thumb Code    26  stm32f10x_gpio.o(.text)
    GPIO_EventOutputCmd                      0x08000d59   Thumb Code     6  stm32f10x_gpio.o(.text)
    GPIO_PinRemapConfig                      0x08000d5f   Thumb Code   138  stm32f10x_gpio.o(.text)
    GPIO_EXTILineConfig                      0x08000de9   Thumb Code    66  stm32f10x_gpio.o(.text)
    GPIO_ETH_MediaInterfaceConfig            0x08000e2b   Thumb Code     8  stm32f10x_gpio.o(.text)
    RCC_DeInit                               0x08000e59   Thumb Code    64  stm32f10x_rcc.o(.text)
    RCC_HSEConfig                            0x08000e99   Thumb Code    70  stm32f10x_rcc.o(.text)
    RCC_GetFlagStatus                        0x08000edf   Thumb Code    56  stm32f10x_rcc.o(.text)
    RCC_WaitForHSEStartUp                    0x08000f17   Thumb Code    56  stm32f10x_rcc.o(.text)
    RCC_AdjustHSICalibrationValue            0x08000f4f   Thumb Code    20  stm32f10x_rcc.o(.text)
    RCC_HSICmd                               0x08000f63   Thumb Code     6  stm32f10x_rcc.o(.text)
    RCC_PLLConfig                            0x08000f69   Thumb Code    24  stm32f10x_rcc.o(.text)
    RCC_PLLCmd                               0x08000f81   Thumb Code     6  stm32f10x_rcc.o(.text)
    RCC_SYSCLKConfig                         0x08000f87   Thumb Code    18  stm32f10x_rcc.o(.text)
    RCC_GetSYSCLKSource                      0x08000f99   Thumb Code    10  stm32f10x_rcc.o(.text)
    RCC_HCLKConfig                           0x08000fa3   Thumb Code    18  stm32f10x_rcc.o(.text)
    RCC_PCLK1Config                          0x08000fb5   Thumb Code    18  stm32f10x_rcc.o(.text)
    RCC_PCLK2Config                          0x08000fc7   Thumb Code    20  stm32f10x_rcc.o(.text)
    RCC_ITConfig                             0x08000fdb   Thumb Code    26  stm32f10x_rcc.o(.text)
    RCC_USBCLKConfig                         0x08000ff5   Thumb Code     8  stm32f10x_rcc.o(.text)
    RCC_ADCCLKConfig                         0x08000ffd   Thumb Code    18  stm32f10x_rcc.o(.text)
    RCC_LSEConfig                            0x0800100f   Thumb Code    50  stm32f10x_rcc.o(.text)
    RCC_LSICmd                               0x08001041   Thumb Code     6  stm32f10x_rcc.o(.text)
    RCC_RTCCLKConfig                         0x08001047   Thumb Code    12  stm32f10x_rcc.o(.text)
    RCC_RTCCLKCmd                            0x08001053   Thumb Code     8  stm32f10x_rcc.o(.text)
    RCC_GetClocksFreq                        0x0800105b   Thumb Code   192  stm32f10x_rcc.o(.text)
    RCC_AHBPeriphClockCmd                    0x0800111b   Thumb Code    26  stm32f10x_rcc.o(.text)
    RCC_APB2PeriphClockCmd                   0x08001135   Thumb Code    26  stm32f10x_rcc.o(.text)
    RCC_APB1PeriphClockCmd                   0x0800114f   Thumb Code    26  stm32f10x_rcc.o(.text)
    RCC_APB2PeriphResetCmd                   0x08001169   Thumb Code    26  stm32f10x_rcc.o(.text)
    RCC_APB1PeriphResetCmd                   0x08001183   Thumb Code    26  stm32f10x_rcc.o(.text)
    RCC_BackupResetCmd                       0x0800119d   Thumb Code     8  stm32f10x_rcc.o(.text)
    RCC_ClockSecuritySystemCmd               0x080011a5   Thumb Code     6  stm32f10x_rcc.o(.text)
    RCC_MCOConfig                            0x080011ab   Thumb Code     6  stm32f10x_rcc.o(.text)
    RCC_ClearFlag                            0x080011b1   Thumb Code    14  stm32f10x_rcc.o(.text)
    RCC_GetITStatus                          0x080011bf   Thumb Code    20  stm32f10x_rcc.o(.text)
    RCC_ClearITPendingBit                    0x080011d3   Thumb Code     6  stm32f10x_rcc.o(.text)
    TIM_DeInit                               0x080011fd   Thumb Code   424  stm32f10x_tim.o(.text)
    TIM_TimeBaseInit                         0x080013a5   Thumb Code   122  stm32f10x_tim.o(.text)
    TIM_OC1Init                              0x0800141f   Thumb Code   132  stm32f10x_tim.o(.text)
    TIM_OC2Init                              0x080014a3   Thumb Code   154  stm32f10x_tim.o(.text)
    TIM_OC3Init                              0x0800153d   Thumb Code   150  stm32f10x_tim.o(.text)
    TIM_OC4Init                              0x080015d3   Thumb Code   182  stm32f10x_tim.o(.text)
    TIM_SetIC4Prescaler                      0x08001689   Thumb Code    26  stm32f10x_tim.o(.text)
    TIM_SetIC3Prescaler                      0x08001725   Thumb Code    18  stm32f10x_tim.o(.text)
    TIM_SetIC2Prescaler                      0x080017b1   Thumb Code    26  stm32f10x_tim.o(.text)
    TIM_SetIC1Prescaler                      0x0800184d   Thumb Code    18  stm32f10x_tim.o(.text)
    TIM_ICInit                               0x080018cb   Thumb Code   150  stm32f10x_tim.o(.text)
    TIM_PWMIConfig                           0x08001961   Thumb Code   124  stm32f10x_tim.o(.text)
    TIM_BDTRConfig                           0x080019dd   Thumb Code    32  stm32f10x_tim.o(.text)
    TIM_TimeBaseStructInit                   0x080019fd   Thumb Code    18  stm32f10x_tim.o(.text)
    TIM_OCStructInit                         0x08001a0f   Thumb Code    20  stm32f10x_tim.o(.text)
    TIM_ICStructInit                         0x08001a23   Thumb Code    18  stm32f10x_tim.o(.text)
    TIM_BDTRStructInit                       0x08001a35   Thumb Code    40  stm32f10x_tim.o(.text)
    TIM_Cmd                                  0x08001a5d   Thumb Code    24  stm32f10x_tim.o(.text)
    TIM_CtrlPWMOutputs                       0x08001a75   Thumb Code    30  stm32f10x_tim.o(.text)
    TIM_ITConfig                             0x08001a93   Thumb Code    18  stm32f10x_tim.o(.text)
    TIM_GenerateEvent                        0x08001aa5   Thumb Code     4  stm32f10x_tim.o(.text)
    TIM_DMAConfig                            0x08001aa9   Thumb Code    10  stm32f10x_tim.o(.text)
    TIM_DMACmd                               0x08001ab3   Thumb Code    18  stm32f10x_tim.o(.text)
    TIM_InternalClockConfig                  0x08001ac5   Thumb Code    12  stm32f10x_tim.o(.text)
    TIM_SelectInputTrigger                   0x08001ad1   Thumb Code    18  stm32f10x_tim.o(.text)
    TIM_ITRxExternalClockConfig              0x08001ae3   Thumb Code    24  stm32f10x_tim.o(.text)
    TIM_TIxExternalClockConfig               0x08001afb   Thumb Code    62  stm32f10x_tim.o(.text)
    TIM_ETRConfig                            0x08001b39   Thumb Code    28  stm32f10x_tim.o(.text)
    TIM_ETRClockMode1Config                  0x08001b55   Thumb Code    54  stm32f10x_tim.o(.text)
    TIM_ETRClockMode2Config                  0x08001b8b   Thumb Code    32  stm32f10x_tim.o(.text)
    TIM_PrescalerConfig                      0x08001bab   Thumb Code     6  stm32f10x_tim.o(.text)
    TIM_CounterModeConfig                    0x08001bb1   Thumb Code    18  stm32f10x_tim.o(.text)
    TIM_EncoderInterfaceConfig               0x08001bc3   Thumb Code    66  stm32f10x_tim.o(.text)
    TIM_ForcedOC1Config                      0x08001c05   Thumb Code    18  stm32f10x_tim.o(.text)
    TIM_ForcedOC2Config                      0x08001c17   Thumb Code    26  stm32f10x_tim.o(.text)
    TIM_ForcedOC3Config                      0x08001c31   Thumb Code    18  stm32f10x_tim.o(.text)
    TIM_ForcedOC4Config                      0x08001c43   Thumb Code    26  stm32f10x_tim.o(.text)
    TIM_ARRPreloadConfig                     0x08001c5d   Thumb Code    24  stm32f10x_tim.o(.text)
    TIM_SelectCOM                            0x08001c75   Thumb Code    24  stm32f10x_tim.o(.text)
    TIM_SelectCCDMA                          0x08001c8d   Thumb Code    24  stm32f10x_tim.o(.text)
    TIM_CCPreloadControl                     0x08001ca5   Thumb Code    24  stm32f10x_tim.o(.text)
    TIM_OC1PreloadConfig                     0x08001cbd   Thumb Code    18  stm32f10x_tim.o(.text)
    TIM_OC2PreloadConfig                     0x08001ccf   Thumb Code    26  stm32f10x_tim.o(.text)
    TIM_OC3PreloadConfig                     0x08001ce9   Thumb Code    18  stm32f10x_tim.o(.text)
    TIM_OC4PreloadConfig                     0x08001cfb   Thumb Code    26  stm32f10x_tim.o(.text)
    TIM_OC1FastConfig                        0x08001d15   Thumb Code    18  stm32f10x_tim.o(.text)
    TIM_OC2FastConfig                        0x08001d27   Thumb Code    26  stm32f10x_tim.o(.text)
    TIM_OC3FastConfig                        0x08001d41   Thumb Code    18  stm32f10x_tim.o(.text)
    TIM_OC4FastConfig                        0x08001d53   Thumb Code    26  stm32f10x_tim.o(.text)
    TIM_ClearOC1Ref                          0x08001d6d   Thumb Code    18  stm32f10x_tim.o(.text)
    TIM_ClearOC2Ref                          0x08001d7f   Thumb Code    24  stm32f10x_tim.o(.text)
    TIM_ClearOC3Ref                          0x08001d97   Thumb Code    18  stm32f10x_tim.o(.text)
    TIM_ClearOC4Ref                          0x08001da9   Thumb Code    24  stm32f10x_tim.o(.text)
    TIM_OC1PolarityConfig                    0x08001dc1   Thumb Code    18  stm32f10x_tim.o(.text)
    TIM_OC1NPolarityConfig                   0x08001dd3   Thumb Code    18  stm32f10x_tim.o(.text)
    TIM_OC2PolarityConfig                    0x08001de5   Thumb Code    26  stm32f10x_tim.o(.text)
    TIM_OC2NPolarityConfig                   0x08001dff   Thumb Code    26  stm32f10x_tim.o(.text)
    TIM_OC3PolarityConfig                    0x08001e19   Thumb Code    26  stm32f10x_tim.o(.text)
    TIM_OC3NPolarityConfig                   0x08001e33   Thumb Code    26  stm32f10x_tim.o(.text)
    TIM_OC4PolarityConfig                    0x08001e4d   Thumb Code    26  stm32f10x_tim.o(.text)
    TIM_CCxCmd                               0x08001e67   Thumb Code    30  stm32f10x_tim.o(.text)
    TIM_CCxNCmd                              0x08001e85   Thumb Code    30  stm32f10x_tim.o(.text)
    TIM_SelectOCxM                           0x08001ea3   Thumb Code    82  stm32f10x_tim.o(.text)
    TIM_UpdateDisableConfig                  0x08001ef5   Thumb Code    24  stm32f10x_tim.o(.text)
    TIM_UpdateRequestConfig                  0x08001f0d   Thumb Code    24  stm32f10x_tim.o(.text)
    TIM_SelectHallSensor                     0x08001f25   Thumb Code    24  stm32f10x_tim.o(.text)
    TIM_SelectOnePulseMode                   0x08001f3d   Thumb Code    18  stm32f10x_tim.o(.text)
    TIM_SelectOutputTrigger                  0x08001f4f   Thumb Code    18  stm32f10x_tim.o(.text)
    TIM_SelectSlaveMode                      0x08001f61   Thumb Code    18  stm32f10x_tim.o(.text)
    TIM_SelectMasterSlaveMode                0x08001f73   Thumb Code    18  stm32f10x_tim.o(.text)
    TIM_SetCounter                           0x08001f85   Thumb Code     4  stm32f10x_tim.o(.text)
    TIM_SetAutoreload                        0x08001f89   Thumb Code     4  stm32f10x_tim.o(.text)
    TIM_SetCompare1                          0x08001f8d   Thumb Code     4  stm32f10x_tim.o(.text)
    TIM_SetCompare2                          0x08001f91   Thumb Code     4  stm32f10x_tim.o(.text)
    TIM_SetCompare3                          0x08001f95   Thumb Code     4  stm32f10x_tim.o(.text)
    TIM_SetCompare4                          0x08001f99   Thumb Code     6  stm32f10x_tim.o(.text)
    TIM_SetClockDivision                     0x08001f9f   Thumb Code    18  stm32f10x_tim.o(.text)
    TIM_GetCapture1                          0x08001fb1   Thumb Code     6  stm32f10x_tim.o(.text)
    TIM_GetCapture2                          0x08001fb7   Thumb Code     6  stm32f10x_tim.o(.text)
    TIM_GetCapture3                          0x08001fbd   Thumb Code     6  stm32f10x_tim.o(.text)
    TIM_GetCapture4                          0x08001fc3   Thumb Code     8  stm32f10x_tim.o(.text)
    TIM_GetCounter                           0x08001fcb   Thumb Code     6  stm32f10x_tim.o(.text)
    TIM_GetPrescaler                         0x08001fd1   Thumb Code     6  stm32f10x_tim.o(.text)
    TIM_GetFlagStatus                        0x08001fd7   Thumb Code    18  stm32f10x_tim.o(.text)
    TIM_ClearFlag                            0x08001fe9   Thumb Code     6  stm32f10x_tim.o(.text)
    TIM_GetITStatus                          0x08001fef   Thumb Code    34  stm32f10x_tim.o(.text)
    TIM_ClearITPendingBit                    0x08002011   Thumb Code     6  stm32f10x_tim.o(.text)
    USART_DeInit                             0x08002019   Thumb Code   134  stm32f10x_usart.o(.text)
    USART_Init                               0x0800209f   Thumb Code   210  stm32f10x_usart.o(.text)
    USART_StructInit                         0x08002171   Thumb Code    24  stm32f10x_usart.o(.text)
    USART_ClockInit                          0x08002189   Thumb Code    34  stm32f10x_usart.o(.text)
    USART_ClockStructInit                    0x080021ab   Thumb Code    12  stm32f10x_usart.o(.text)
    USART_Cmd                                0x080021b7   Thumb Code    24  stm32f10x_usart.o(.text)
    USART_ITConfig                           0x080021cf   Thumb Code    74  stm32f10x_usart.o(.text)
    USART_DMACmd                             0x08002219   Thumb Code    18  stm32f10x_usart.o(.text)
    USART_SetAddress                         0x0800222b   Thumb Code    18  stm32f10x_usart.o(.text)
    USART_WakeUpConfig                       0x0800223d   Thumb Code    18  stm32f10x_usart.o(.text)
    USART_ReceiverWakeUpCmd                  0x0800224f   Thumb Code    24  stm32f10x_usart.o(.text)
    USART_LINBreakDetectLengthConfig         0x08002267   Thumb Code    18  stm32f10x_usart.o(.text)
    USART_LINCmd                             0x08002279   Thumb Code    24  stm32f10x_usart.o(.text)
    USART_SendData                           0x08002291   Thumb Code     8  stm32f10x_usart.o(.text)
    USART_ReceiveData                        0x08002299   Thumb Code    10  stm32f10x_usart.o(.text)
    USART_SendBreak                          0x080022a3   Thumb Code    10  stm32f10x_usart.o(.text)
    USART_SetGuardTime                       0x080022ad   Thumb Code    16  stm32f10x_usart.o(.text)
    USART_SetPrescaler                       0x080022bd   Thumb Code    16  stm32f10x_usart.o(.text)
    USART_SmartCardCmd                       0x080022cd   Thumb Code    24  stm32f10x_usart.o(.text)
    USART_SmartCardNACKCmd                   0x080022e5   Thumb Code    24  stm32f10x_usart.o(.text)
    USART_HalfDuplexCmd                      0x080022fd   Thumb Code    24  stm32f10x_usart.o(.text)
    USART_OverSampling8Cmd                   0x08002315   Thumb Code    22  stm32f10x_usart.o(.text)
    USART_OneBitMethodCmd                    0x0800232b   Thumb Code    24  stm32f10x_usart.o(.text)
    USART_IrDAConfig                         0x08002343   Thumb Code    18  stm32f10x_usart.o(.text)
    USART_IrDACmd                            0x08002355   Thumb Code    24  stm32f10x_usart.o(.text)
    USART_GetFlagStatus                      0x0800236d   Thumb Code    26  stm32f10x_usart.o(.text)
    USART_ClearFlag                          0x08002387   Thumb Code    18  stm32f10x_usart.o(.text)
    USART_GetITStatus                        0x08002399   Thumb Code    84  stm32f10x_usart.o(.text)
    USART_ClearITPendingBit                  0x080023ed   Thumb Code    52  stm32f10x_usart.o(.text)
    Delay                                    0x08002421   Thumb Code    22  main.o(.text)
    Write_Flash                              0x08002437   Thumb Code    98  main.o(.text)
    Read_Flash                               0x08002499   Thumb Code    28  main.o(.text)
    ReadCfg0                                 0x080024b5   Thumb Code    12  main.o(.text)
    ReadCfg                                  0x080024c1   Thumb Code    78  main.o(.text)
    WriteCfg                                 0x0800250f   Thumb Code    68  main.o(.text)
    SetDefault                               0x08002553   Thumb Code   158  main.o(.text)
    GetTemperature                           0x080025f1   Thumb Code    18  main.o(.text)
    SendTo                                   0x08002603   Thumb Code    46  main.o(.text)
    SetBluetooth                             0x08002631   Thumb Code    44  main.o(.text)
    SetReverse                               0x0800265d   Thumb Code    28  main.o(.text)
    SetDivision                              0x08002679   Thumb Code   206  main.o(.text)
    SetSpeed                                 0x08002747   Thumb Code    22  main.o(.text)
    InitMotor                                0x0800275d   Thumb Code    32  main.o(.text)
    SlewOut                                  0x0800277d   Thumb Code   122  main.o(.text)
    SlewIn                                   0x080027f7   Thumb Code   230  main.o(.text)
    MoveTo                                   0x080028dd   Thumb Code    26  main.o(.text)
    Halt                                     0x080028f7   Thumb Code    20  main.o(.text)
    Pause                                    0x0800290b   Thumb Code    16  main.o(.text)
    OperCover                                0x0800291b   Thumb Code    36  main.o(.text)
    SaveData                                 0x0800293f   Thumb Code    12  main.o(.text)
    Next                                     0x0800294b   Thumb Code    16  main.o(.text)
    ReadCmd                                  0x0800295b   Thumb Code    96  main.o(.text)
    CmdProcess                               0x080029bb   Thumb Code  1776  main.o(.text)
    main                                     0x080030ab   Thumb Code   610  main.o(.text)
    NMI_Handler                              0x08003371   Thumb Code     2  stm32f10x_it.o(.text)
    HardFault_Handler                        0x08003373   Thumb Code     4  stm32f10x_it.o(.text)
    MemManage_Handler                        0x08003377   Thumb Code     4  stm32f10x_it.o(.text)
    BusFault_Handler                         0x0800337b   Thumb Code     4  stm32f10x_it.o(.text)
    UsageFault_Handler                       0x0800337f   Thumb Code     4  stm32f10x_it.o(.text)
    SVC_Handler                              0x08003383   Thumb Code     2  stm32f10x_it.o(.text)
    DebugMon_Handler                         0x08003385   Thumb Code     2  stm32f10x_it.o(.text)
    PendSV_Handler                           0x08003387   Thumb Code     2  stm32f10x_it.o(.text)
    TIM1_UP_IRQHandler                       0x08003389   Thumb Code   378  stm32f10x_it.o(.text)
    SysTick_Handler                          0x08003503   Thumb Code     8  stm32f10x_it.o(.text)
    USART1_IRQHandler                        0x0800350b   Thumb Code   114  stm32f10x_it.o(.text)
    USART2_IRQHandler                        0x0800357d   Thumb Code   114  stm32f10x_it.o(.text)
    EXTI0_IRQHandler                         0x080035ef   Thumb Code    22  stm32f10x_it.o(.text)
    EXTI1_IRQHandler                         0x08003605   Thumb Code    22  stm32f10x_it.o(.text)
    SysTick_Init                             0x080036c9   Thumb Code    26  bsp_systick.o(.text)
    Delay_us                                 0x080036e3   Thumb Code    36  bsp_systick.o(.text)
    TimingDelay_Decrement                    0x08003707   Thumb Code    18  bsp_systick.o(.text)
    SysTick_Delay_Us                         0x08003719   Thumb Code    64  bsp_systick.o(.text)
    SysTick_Delay_Ms                         0x08003759   Thumb Code    66  bsp_systick.o(.text)
    USART_Config                             0x080037d7   Thumb Code   136  bsp_usart.o(.text)
    Usart_SendByte                           0x0800385f   Thumb Code    30  bsp_usart.o(.text)
    Usart_SendArray                          0x0800387d   Thumb Code    48  bsp_usart.o(.text)
    Usart_SendString                         0x080038ad   Thumb Code    42  bsp_usart.o(.text)
    Usart_SendHalfWord                       0x080038d7   Thumb Code    60  bsp_usart.o(.text)
    uart_FlushRxBuffer                       0x08003913   Thumb Code    16  bsp_usart.o(.text)
    fputc                                    0x08003923   Thumb Code    32  bsp_usart.o(.text)
    fgetc                                    0x08003943   Thumb Code    26  bsp_usart.o(.text)
    BLT_USART_Config                         0x08003993   Thumb Code   140  bsp_usart_blt.o(.text)
    BLTUsart_SendByte                        0x08003a1f   Thumb Code    30  bsp_usart_blt.o(.text)
    BLTUsart_SendStr_length                  0x08003a3d   Thumb Code    32  bsp_usart_blt.o(.text)
    BLTUsart_SendString                      0x08003a5d   Thumb Code    28  bsp_usart_blt.o(.text)
    get_rebuff                               0x08003a79   Thumb Code    12  bsp_usart_blt.o(.text)
    clean_rebuff                             0x08003a85   Thumb Code    30  bsp_usart_blt.o(.text)
    DS18B20_Read_Byte                        0x08003bc5   Thumb Code    34  bsp_ds18b20.o(.text)
    DS18B20_Write_Byte                       0x08003be7   Thumb Code    88  bsp_ds18b20.o(.text)
    DS18B20_Start                            0x08003c3f   Thumb Code    24  bsp_ds18b20.o(.text)
    DS18B20_Init                             0x08003c57   Thumb Code    16  bsp_ds18b20.o(.text)
    DS18B20_Get_Temp                         0x08003c67   Thumb Code   128  bsp_ds18b20.o(.text)
    BASIC_TIM_Init                           0x08003de9   Thumb Code    16  bsp_timbase.o(.text)
    ControlMotor                             0x08003df9   Thumb Code    34  bsp_timbase.o(.text)
    SetSpeedMoter                            0x08003e1b   Thumb Code    22  bsp_timbase.o(.text)
    LED_GPIO_Config                          0x08003e3d   Thumb Code   308  bsp_led.o(.text)
    EXTI_44E_Config                          0x08003fb1   Thumb Code   136  exti44e.o(.text)
    Cover_TIM_Init                           0x08004109   Thumb Code    12  bsp_timecover.o(.text)
    ControlCover                             0x08004115   Thumb Code    28  bsp_timecover.o(.text)
    SetSpeedCover                            0x08004131   Thumb Code    16  bsp_timecover.o(.text)
    __aeabi_memcpy                           0x08004149   Thumb Code    36  memcpya.o(.text)
    __aeabi_memcpy4                          0x08004149   Thumb Code     0  memcpya.o(.text)
    __aeabi_memcpy8                          0x08004149   Thumb Code     0  memcpya.o(.text)
    __aeabi_memset                           0x0800416d   Thumb Code    14  memseta.o(.text)
    __aeabi_memset4                          0x0800416d   Thumb Code     0  memseta.o(.text)
    __aeabi_memset8                          0x0800416d   Thumb Code     0  memseta.o(.text)
    __aeabi_memclr                           0x0800417b   Thumb Code     4  memseta.o(.text)
    __aeabi_memclr4                          0x0800417b   Thumb Code     0  memseta.o(.text)
    __aeabi_memclr8                          0x0800417b   Thumb Code     0  memseta.o(.text)
    _memset$wrapper                          0x0800417f   Thumb Code    18  memseta.o(.text)
    strcpy                                   0x08004191   Thumb Code    18  strcpy.o(.text)
    atoi                                     0x080041a3   Thumb Code    26  atoi.o(.text)
    __aeabi_dmul                             0x080041bd   Thumb Code   228  dmul.o(.text)
    __aeabi_i2d                              0x080042a1   Thumb Code    34  dflti.o(.text)
    __aeabi_f2d                              0x080042c3   Thumb Code    38  f2d.o(.text)
    __aeabi_d2f                              0x080042e9   Thumb Code    56  d2f.o(.text)
    __aeabi_uidiv                            0x08004321   Thumb Code     0  uidiv.o(.text)
    __aeabi_uidivmod                         0x08004321   Thumb Code    44  uidiv.o(.text)
    __aeabi_uldivmod                         0x0800434d   Thumb Code    98  uldiv.o(.text)
    strtol                                   0x080043af   Thumb Code   112  strtol.o(.text)
    __I$use$fp                               0x0800441f   Thumb Code     0  iusefp.o(.text)
    _float_round                             0x0800441f   Thumb Code    18  fepilogue.o(.text)
    _float_epilogue                          0x08004431   Thumb Code    92  fepilogue.o(.text)
    _double_round                            0x0800448d   Thumb Code    26  depilogue.o(.text)
    _double_epilogue                         0x080044a7   Thumb Code   156  depilogue.o(.text)
    __aeabi_dadd                             0x08004543   Thumb Code   322  dadd.o(.text)
    __aeabi_dsub                             0x08004685   Thumb Code     6  dadd.o(.text)
    __aeabi_drsub                            0x0800468b   Thumb Code     6  dadd.o(.text)
    __aeabi_ddiv                             0x08004691   Thumb Code   222  ddiv.o(.text)
    __aeabi_d2ulz                            0x0800476f   Thumb Code    48  dfixul.o(.text)
    __aeabi_cdrcmple                         0x080047a1   Thumb Code    38  cdrcmple.o(.text)
    __scatterload                            0x080047c9   Thumb Code    28  init.o(.text)
    __scatterload_rt2                        0x080047c9   Thumb Code     0  init.o(.text)
    __aeabi_llsl                             0x080047ed   Thumb Code    30  llshl.o(.text)
    _ll_shift_l                              0x080047ed   Thumb Code     0  llshl.o(.text)
    __aeabi_llsr                             0x0800480b   Thumb Code    32  llushr.o(.text)
    _ll_ushift_r                             0x0800480b   Thumb Code     0  llushr.o(.text)
    __aeabi_lasr                             0x0800482b   Thumb Code    36  llsshr.o(.text)
    _ll_sshift_r                             0x0800482b   Thumb Code     0  llsshr.o(.text)
    __rt_ctype_table                         0x08004851   Thumb Code     4  ctype_o.o(.text)
    _strtoul                                 0x08004859   Thumb Code   158  _strtoul.o(.text)
    _chval                                   0x080048f7   Thumb Code    28  _chval.o(.text)
    __0printf                                0x08004915   Thumb Code    22  printfa.o(i.__0printf)
    __1printf                                0x08004915   Thumb Code     0  printfa.o(i.__0printf)
    __2printf                                0x08004915   Thumb Code     0  printfa.o(i.__0printf)
    __c89printf                              0x08004915   Thumb Code     0  printfa.o(i.__0printf)
    printf                                   0x08004915   Thumb Code     0  printfa.o(i.__0printf)
    __0sprintf                               0x08004935   Thumb Code    34  printfa.o(i.__0sprintf)
    __1sprintf                               0x08004935   Thumb Code     0  printfa.o(i.__0sprintf)
    __2sprintf                               0x08004935   Thumb Code     0  printfa.o(i.__0sprintf)
    __c89sprintf                             0x08004935   Thumb Code     0  printfa.o(i.__0sprintf)
    sprintf                                  0x08004935   Thumb Code     0  printfa.o(i.__0sprintf)
    __aeabi_errno_addr                       0x0800495d   Thumb Code     4  errno.o(i.__aeabi_errno_addr)
    __rt_errno_addr                          0x0800495d   Thumb Code     0  errno.o(i.__aeabi_errno_addr)
    __scatterload_copy                       0x08004965   Thumb Code    14  handlers.o(i.__scatterload_copy)
    __scatterload_null                       0x08004973   Thumb Code     2  handlers.o(i.__scatterload_null)
    __scatterload_zeroinit                   0x08004975   Thumb Code    14  handlers.o(i.__scatterload_zeroinit)
    __ctype_table                            0x08005220   Data         129  ctype_o.o(.constdata)
    Region$$Table$$Base                      0x080052c4   Number         0  anon$$obj.o(Region$$Table)
    Region$$Table$$Limit                     0x080052e4   Number         0  anon$$obj.o(Region$$Table)
    SystemCoreClock                          0x20000000   Data           4  system_stm32f10x.o(.data)
    AHBPrescTable                            0x20000004   Data          16  system_stm32f10x.o(.data)
    pVersion                                 0x20000028   Data           4  main.o(.data)
    pBTName                                  0x2000002c   Data           4  main.o(.data)
    bIsReverse                               0x20000030   Data           1  main.o(.data)
    bIsReverseCur                            0x20000031   Data           1  main.o(.data)
    uSubdivision                             0x20000032   Data           1  main.o(.data)
    uSubdivisionCur                          0x20000033   Data           1  main.o(.data)
    uSpeed                                   0x20000034   Data           2  main.o(.data)
    uSpeedCur                                0x20000036   Data           2  main.o(.data)
    uSCnt                                    0x20000038   Data           1  main.o(.data)
    uSCntCur                                 0x20000039   Data           1  main.o(.data)
    i                                        0x2000003a   Data           2  main.o(.data)
    iStepCount                               0x2000003c   Data           4  main.o(.data)
    uMoveState                               0x20000040   Data           1  main.o(.data)
    iStepStart                               0x20000044   Data           4  main.o(.data)
    iStepStop                                0x20000048   Data           4  main.o(.data)
    iStepDelt                                0x2000004c   Data           4  main.o(.data)
    fTemperature                             0x20000050   Data           4  main.o(.data)
    uGetTempCycle                            0x20000054   Data           1  main.o(.data)
    uGetTempCount                            0x20000055   Data           1  main.o(.data)
    TmpBuff                                  0x20000056   Data           4  main.o(.data)
    uDelayCount                              0x2000005c   Data           4  main.o(.data)
    uDelayCountMax                           0x20000060   Data           4  main.o(.data)
    uSpeedCover                              0x20000064   Data           2  main.o(.data)
    bIsMoving                                0x20000066   Data           1  main.o(.data)
    bIncreCount                              0x20000067   Data           1  main.o(.data)
    bTempAvail                               0x20000068   Data           1  main.o(.data)
    UART_RxPtr_Prv                           0x20000069   Data           1  main.o(.data)
    BLTUART_RxPtr_Prv                        0x2000006a   Data           1  main.o(.data)
    UART_RxCmd                               0x2000006b   Data           1  main.o(.data)
    BLTUART_RxCmd                            0x2000006c   Data           1  main.o(.data)
    UART_RxPtr_Start                         0x2000006d   Data           1  stm32f10x_it.o(.data)
    BLTUART_RxPtr_Start                      0x2000006e   Data           1  stm32f10x_it.o(.data)
    UART_RxPtr                               0x20000074   Data           1  bsp_usart.o(.data)
    BLTUART_RxPtr                            0x20000075   Data           1  bsp_usart_blt.o(.data)
    __stdout                                 0x20000078   Data           4  stdout.o(.data)
    UD                                       0x20000080   Data         560  main.o(.bss)
    uSCurve                                  0x200002b0   Data         512  main.o(.bss)
    CmdBuff                                  0x200004b0   Data          32  main.o(.bss)
    ReplyBuff                                0x200004d0   Data         128  main.o(.bss)
    UART_RxBuffer                            0x20000550   Data         256  bsp_usart.o(.bss)
    BLTUART_RxBuffer                         0x20000650   Data         256  bsp_usart_blt.o(.bss)
    __initial_sp                             0x20000b50   Data           0  startup_stm32f10x_hd.o(STACK)



==============================================================================

Memory Map of the image

  Image Entry point : 0x08000131

  Load Region LR_IROM1 (Base: 0x08000000, Size: 0x00005364, Max: 0x00010000, ABSOLUTE)

    Execution Region ER_IROM1 (Base: 0x08000000, Size: 0x000052e4, Max: 0x00010000, ABSOLUTE)

    Base Addr    Size         Type   Attr      Idx    E Section Name        Object

    0x08000000   0x00000130   Data   RO            3    RESET               startup_stm32f10x_hd.o
    0x08000130   0x00000000   Code   RO          641  * .ARM.Collect$$$$00000000  mc_w.l(entry.o)
    0x08000130   0x00000004   Code   RO          923    .ARM.Collect$$$$00000001  mc_w.l(entry2.o)
    0x08000134   0x00000004   Code   RO          926    .ARM.Collect$$$$00000004  mc_w.l(entry5.o)
    0x08000138   0x00000000   Code   RO          928    .ARM.Collect$$$$00000008  mc_w.l(entry7b.o)
    0x08000138   0x00000000   Code   RO          930    .ARM.Collect$$$$0000000A  mc_w.l(entry8b.o)
    0x08000138   0x00000008   Code   RO          931    .ARM.Collect$$$$0000000B  mc_w.l(entry9a.o)
    0x08000140   0x00000000   Code   RO          933    .ARM.Collect$$$$0000000D  mc_w.l(entry10a.o)
    0x08000140   0x00000000   Code   RO          935    .ARM.Collect$$$$0000000F  mc_w.l(entry11a.o)
    0x08000140   0x00000004   Code   RO          924    .ARM.Collect$$$$00002712  mc_w.l(entry2.o)
    0x08000144   0x00000024   Code   RO            4    .text               startup_stm32f10x_hd.o
    0x08000168   0x000001e0   Code   RO           24    .text               system_stm32f10x.o
    0x08000348   0x000000dc   Code   RO          121    .text               misc.o
    0x08000424   0x0000011c   Code   RO          233    .text               stm32f10x_exti.o
    0x08000540   0x000005bc   Code   RO          245    .text               stm32f10x_flash.o
    0x08000afc   0x0000035c   Code   RO          269    .text               stm32f10x_gpio.o
    0x08000e58   0x000003a4   Code   RO          317    .text               stm32f10x_rcc.o
    0x080011fc   0x00000e1a   Code   RO          367    .text               stm32f10x_tim.o
    0x08002016   0x00000002   PAD
    0x08002018   0x00000408   Code   RO          379    .text               stm32f10x_usart.o
    0x08002420   0x00000f50   Code   RO          403    .text               main.o
    0x08003370   0x0000030c   Code   RO          465    .text               stm32f10x_it.o
    0x0800367c   0x00000134   Code   RO          494    .text               bsp_systick.o
    0x080037b0   0x000001bc   Code   RO          512    .text               bsp_usart.o
    0x0800396c   0x00000148   Code   RO          532    .text               bsp_usart_blt.o
    0x08003ab4   0x0000023c   Code   RO          578    .text               bsp_ds18b20.o
    0x08003cf0   0x0000014c   Code   RO          593    .text               bsp_timbase.o
    0x08003e3c   0x00000140   Code   RO          605    .text               bsp_led.o
    0x08003f7c   0x000000c0   Code   RO          617    .text               exti44e.o
    0x0800403c   0x0000010c   Code   RO          629    .text               bsp_timecover.o
    0x08004148   0x00000024   Code   RO          644    .text               mc_w.l(memcpya.o)
    0x0800416c   0x00000024   Code   RO          646    .text               mc_w.l(memseta.o)
    0x08004190   0x00000012   Code   RO          648    .text               mc_w.l(strcpy.o)
    0x080041a2   0x0000001a   Code   RO          913    .text               mc_w.l(atoi.o)
    0x080041bc   0x000000e4   Code   RO          915    .text               mf_w.l(dmul.o)
    0x080042a0   0x00000022   Code   RO          917    .text               mf_w.l(dflti.o)
    0x080042c2   0x00000026   Code   RO          919    .text               mf_w.l(f2d.o)
    0x080042e8   0x00000038   Code   RO          921    .text               mf_w.l(d2f.o)
    0x08004320   0x0000002c   Code   RO          938    .text               mc_w.l(uidiv.o)
    0x0800434c   0x00000062   Code   RO          940    .text               mc_w.l(uldiv.o)
    0x080043ae   0x00000070   Code   RO          949    .text               mc_w.l(strtol.o)
    0x0800441e   0x00000000   Code   RO          951    .text               mc_w.l(iusefp.o)
    0x0800441e   0x0000006e   Code   RO          952    .text               mf_w.l(fepilogue.o)
    0x0800448c   0x000000b6   Code   RO          954    .text               mf_w.l(depilogue.o)
    0x08004542   0x0000014e   Code   RO          956    .text               mf_w.l(dadd.o)
    0x08004690   0x000000de   Code   RO          958    .text               mf_w.l(ddiv.o)
    0x0800476e   0x00000030   Code   RO          960    .text               mf_w.l(dfixul.o)
    0x0800479e   0x00000002   PAD
    0x080047a0   0x00000028   Code   RO          962    .text               mf_w.l(cdrcmple.o)
    0x080047c8   0x00000024   Code   RO          964    .text               mc_w.l(init.o)
    0x080047ec   0x0000001e   Code   RO          966    .text               mc_w.l(llshl.o)
    0x0800480a   0x00000020   Code   RO          968    .text               mc_w.l(llushr.o)
    0x0800482a   0x00000024   Code   RO          970    .text               mc_w.l(llsshr.o)
    0x0800484e   0x00000002   PAD
    0x08004850   0x00000008   Code   RO          972    .text               mc_w.l(ctype_o.o)
    0x08004858   0x0000009e   Code   RO         1000    .text               mc_w.l(_strtoul.o)
    0x080048f6   0x0000001c   Code   RO         1002    .text               mc_w.l(_chval.o)
    0x08004912   0x00000002   PAD
    0x08004914   0x00000020   Code   RO          885    i.__0printf         mc_w.l(printfa.o)
    0x08004934   0x00000028   Code   RO          887    i.__0sprintf        mc_w.l(printfa.o)
    0x0800495c   0x00000008   Code   RO          942    i.__aeabi_errno_addr  mc_w.l(errno.o)
    0x08004964   0x0000000e   Code   RO         1006    i.__scatterload_copy  mc_w.l(handlers.o)
    0x08004972   0x00000002   Code   RO         1007    i.__scatterload_null  mc_w.l(handlers.o)
    0x08004974   0x0000000e   Code   RO         1008    i.__scatterload_zeroinit  mc_w.l(handlers.o)
    0x08004982   0x00000002   PAD
    0x08004984   0x00000164   Code   RO          892    i._fp_digits        mc_w.l(printfa.o)
    0x08004ae8   0x000006dc   Code   RO          893    i._printf_core      mc_w.l(printfa.o)
    0x080051c4   0x00000024   Code   RO          894    i._printf_post_padding  mc_w.l(printfa.o)
    0x080051e8   0x0000002e   Code   RO          895    i._printf_pre_padding  mc_w.l(printfa.o)
    0x08005216   0x0000000a   Code   RO          897    i._sputc            mc_w.l(printfa.o)
    0x08005220   0x00000081   Data   RO          973    .constdata          mc_w.l(ctype_o.o)
    0x080052a1   0x00000003   PAD
    0x080052a4   0x00000004   Data   RO          974    .constdata          mc_w.l(ctype_o.o)
    0x080052a8   0x0000001a   Data   RO          405    .conststring        main.o
    0x080052c2   0x00000002   PAD
    0x080052c4   0x00000020   Data   RO         1004    Region$$Table       anon$$obj.o


    Execution Region RW_IRAM1 (Base: 0x20000000, Size: 0x00000b50, Max: 0x00005000, ABSOLUTE)

    Base Addr    Size         Type   Attr      Idx    E Section Name        Object

    0x20000000   0x00000014   Data   RW           25    .data               system_stm32f10x.o
    0x20000014   0x00000014   Data   RW          318    .data               stm32f10x_rcc.o
    0x20000028   0x00000045   Data   RW          406    .data               main.o
    0x2000006d   0x00000002   Data   RW          467    .data               stm32f10x_it.o
    0x2000006f   0x00000001   PAD
    0x20000070   0x00000004   Data   RW          495    .data               bsp_systick.o
    0x20000074   0x00000001   Data   RW          514    .data               bsp_usart.o
    0x20000075   0x00000001   Data   RW          534    .data               bsp_usart_blt.o
    0x20000076   0x00000002   PAD
    0x20000078   0x00000004   Data   RW          937    .data               mc_w.l(stdout.o)
    0x2000007c   0x00000004   Data   RW          945    .data               mc_w.l(errno.o)
    0x20000080   0x000004d0   Zero   RW          404    .bss                main.o
    0x20000550   0x00000100   Zero   RW          513    .bss                bsp_usart.o
    0x20000650   0x00000100   Zero   RW          533    .bss                bsp_usart_blt.o
    0x20000750   0x00000400   Zero   RW            1    STACK               startup_stm32f10x_hd.o


==============================================================================

Image component sizes


      Code (inc. data)   RO Data    RW Data    ZI Data      Debug   Object Name

       572         10          0          0          0       2443   bsp_ds18b20.o
       320         12          0          0          0        634   bsp_led.o
       308         22          0          4          0      17199   bsp_systick.o
       332         12          0          0          0       1424   bsp_timbase.o
       268          8          0          0          0       1260   bsp_timecover.o
       444         16          0          1        256       2984   bsp_usart.o
       328         18          0          1        256       2614   bsp_usart_blt.o
         0          0          0          0          0       4272   core_cm3.o
       192          4          0          0          0        754   exti44e.o
      3920        562         26         69       1232       9822   main.o
       220         22          0          0          0       1813   misc.o
        36          8        304          0       1024        860   startup_stm32f10x_hd.o
       284         10          0          0          0       2243   stm32f10x_exti.o
      1468         34          0          0          0       8042   stm32f10x_flash.o
       860         38          0          0          0       5653   stm32f10x_gpio.o
       780         98          0          2          0       3646   stm32f10x_it.o
       932         36          0         20          0       8824   stm32f10x_rcc.o
      3610         88          0          0          0      22140   stm32f10x_tim.o
      1032         22          0          0          0       8384   stm32f10x_usart.o
       480         38          0         20          0     257427   system_stm32f10x.o

    ----------------------------------------------------------------------
     16388       1058        364        120       2768     362438   Object Totals
         0          0         32          0          0          0   (incl. Generated)
         2          0          2          3          0          0   (incl. Padding)

    ----------------------------------------------------------------------

      Code (inc. data)   RO Data    RW Data    ZI Data      Debug   Library Member Name

        28          0          0          0          0         68   _chval.o
       158          0          0          0          0         92   _strtoul.o
        26          0          0          0          0         80   atoi.o
         8          4        133          0          0         68   ctype_o.o
         0          0          0          0          0          0   entry.o
         0          0          0          0          0          0   entry10a.o
         0          0          0          0          0          0   entry11a.o
         8          4          0          0          0          0   entry2.o
         4          0          0          0          0          0   entry5.o
         0          0          0          0          0          0   entry7b.o
         0          0          0          0          0          0   entry8b.o
         8          4          0          0          0          0   entry9a.o
         8          4          0          4          0         68   errno.o
        30          0          0          0          0          0   handlers.o
        36          8          0          0          0         68   init.o
         0          0          0          0          0          0   iusefp.o
        30          0          0          0          0         68   llshl.o
        36          0          0          0          0         68   llsshr.o
        32          0          0          0          0         68   llushr.o
        36          0          0          0          0         68   memcpya.o
        36          0          0          0          0        108   memseta.o
      2276         96          0          0          0        596   printfa.o
         0          0          0          4          0          0   stdout.o
        18          0          0          0          0         68   strcpy.o
       112          0          0          0          0         88   strtol.o
        44          0          0          0          0         80   uidiv.o
        98          0          0          0          0         92   uldiv.o
        40          2          0          0          0         68   cdrcmple.o
        56          0          0          0          0         88   d2f.o
       334          0          0          0          0        148   dadd.o
       222          0          0          0          0        100   ddiv.o
       182          0          0          0          0        176   depilogue.o
        48          0          0          0          0         68   dfixul.o
        34          0          0          0          0         76   dflti.o
       228          0          0          0          0         96   dmul.o
        38          0          0          0          0         68   f2d.o
       110          0          0          0          0        168   fepilogue.o

    ----------------------------------------------------------------------
      4332        122        136          8          0       2804   Library Totals
         8          0          3          0          0          0   (incl. Padding)

    ----------------------------------------------------------------------

      Code (inc. data)   RO Data    RW Data    ZI Data      Debug   Library Name

      3032        120        133          8          0       1748   mc_w.l
      1292          2          0          0          0       1056   mf_w.l

    ----------------------------------------------------------------------
      4332        122        136          8          0       2804   Library Totals

    ----------------------------------------------------------------------

==============================================================================


      Code (inc. data)   RO Data    RW Data    ZI Data      Debug   

     20720       1180        500        128       2768     362118   Grand Totals
     20720       1180        500        128       2768     362118   ELF Image Totals
     20720       1180        500        128          0          0   ROM Totals

==============================================================================

    Total RO  Size (Code + RO Data)                21220 (  20.72kB)
    Total RW  Size (RW Data + ZI Data)              2896 (   2.83kB)
    Total ROM Size (Code + RO Data + RW Data)      21348 (  20.85kB)

==============================================================================

