<html>
<body>
<pre>
<h1>µVision Build Log</h1>
<h2>Project:</h2>
D:\Projects\Keil\Dome\SSRoot\Project\RVMDK£¨uv5£©\SSRoot.uvprojx
Project File Date:  10/13/2019

<h2>Output:</h2>
Rebuild target 'SSRoot'
assembling startup_stm32f10x_hd.s...
compiling core_cm3.c...
compiling system_stm32f10x.c...
compiling misc.c...
compiling stm32f10x_adc.c...
compiling stm32f10x_bkp.c...
compiling stm32f10x_can.c...
compiling stm32f10x_cec.c...
compiling stm32f10x_crc.c...
compiling stm32f10x_dac.c...
compiling stm32f10x_dbgmcu.c...
compiling stm32f10x_dma.c...
compiling stm32f10x_exti.c...
compiling stm32f10x_flash.c...
compiling stm32f10x_fsmc.c...
compiling stm32f10x_gpio.c...
compiling stm32f10x_i2c.c...
compiling stm32f10x_iwdg.c...
compiling stm32f10x_pwr.c...
compiling stm32f10x_rcc.c...
compiling stm32f10x_rtc.c...
compiling stm32f10x_sdio.c...
compiling stm32f10x_spi.c...
compiling stm32f10x_tim.c...
compiling stm32f10x_usart.c...
compiling stm32f10x_wwdg.c...
compiling main.c...
compiling stm32f10x_it.c...
compiling bsp_SysTick.c...
compiling bsp_usart.c...
compiling bsp_usart_blt.c...
compiling bsp_ds18b20.c...
compiling bsp_TiMbase.c...
compiling at24c02.c...
compiling iodef.c...
..\..\User\io\iodef.c(11): warning:  #550-D: variable "GPIO_InitStructureIPU" was set but never used
                GPIO_InitTypeDef GPIO_InitStructureOPP,GPIO_InitStructureIPU,GPIO_InitStructureIPD;
..\..\User\io\iodef.c(11): warning:  #550-D: variable "GPIO_InitStructureIPD" was set but never used
                GPIO_InitTypeDef GPIO_InitStructureOPP,GPIO_InitStructureIPU,GPIO_InitStructureIPD;
..\..\User\io\iodef.c: 2 warnings, 0 errors
compiling pfo.c...
linking...
Program Size: Code=14426 RO-data=542 RW-data=108 ZI-data=1716  
FromELF: creating hex file...
"..\..\Output\SSRoot.axf" - 0 Error(s), 2 Warning(s).
</pre>
</body>
</html>
